Archive member included to satisfy reference by file (symbol)

./libs\libpluto_0.3.a(startup_stm32f30x_md_gcc.o)
                              (Reset_Handler)
./libs\libpluto_0.3.a(system_stm32f30x.o)
                              ./libs\libpluto_0.3.a(startup_stm32f30x_md_gcc.o) (SystemInit)
./libs\libpluto_0.3.a(main.o)
                              ./libs\libpluto_0.3.a(startup_stm32f30x_md_gcc.o) (main)
./libs\libpluto_0.3.a(mw.o)   main.o (symbol from plugin) (loop)
./libs\libpluto_0.3.a(altitudehold.o)
                              mw.o (symbol from plugin) (applyAltHold)
./libs\libpluto_0.3.a(failsafe.o)
                              main.o (symbol from plugin) (failsafeInit)
./libs\libpluto_0.3.a(pid.o)  mw.o (symbol from plugin) (pidResetErrorAngle)
./libs\libpluto_0.3.a(imu.o)  main.o (symbol from plugin) (imuInit)
./libs\libpluto_0.3.a(mixer.o)
                              main.o (symbol from plugin) (mixerInit)
./libs\libpluto_0.3.a(filter.o)
                              mw.o (symbol from plugin) (filterApplyPt1)
./libs\libpluto_0.3.a(system.o)
                              main.o (symbol from plugin) (micros)
./libs\libpluto_0.3.a(beeper.o)
                              mw.o (symbol from plugin) (beeperSilence)
./libs\libpluto_0.3.a(rc_controls.o)
                              mw.o (symbol from plugin) (isUsingSticksForArming)
./libs\libpluto_0.3.a(rc_curves.o)
                              rc_controls.o (symbol from plugin) (generatePitchRollCurve)
./libs\libpluto_0.3.a(serial.o)
                              mw.o (symbol from plugin) (findNextSharedSerialPort)
./libs\libpluto_0.3.a(serial_cli.o)
                              mw.o (symbol from plugin) (cliMode)
./libs\libpluto_0.3.a(serial_msp.o)
                              mw.o (symbol from plugin) (mspReleasePortIfAllocated)
./libs\libpluto_0.3.a(statusindicator.o)
                              beeper.o (symbol from plugin) (warningLedEnable)
./libs\libpluto_0.3.a(rx.o)   main.o (symbol from plugin) (rxInit)
./libs\libpluto_0.3.a(pwm.o)  rx.o (symbol from plugin) (rxPwmInit)
./libs\libpluto_0.3.a(msp.o)  serial_msp.o (symbol from plugin) (rxMspFrameReceive)
./libs\libpluto_0.3.a(sbus.o)
                              rx.o (symbol from plugin) (sbusInit)
./libs\libpluto_0.3.a(sumd.o)
                              rx.o (symbol from plugin) (sumdInit)
./libs\libpluto_0.3.a(sumh.o)
                              rx.o (symbol from plugin) (sumhInit)
./libs\libpluto_0.3.a(spektrum.o)
                              rx.o (symbol from plugin) (spektrumInit)
./libs\libpluto_0.3.a(xbus.o)
                              rx.o (symbol from plugin) (xBusInit)
./libs\libpluto_0.3.a(acceleration.o)
                              main.o (symbol from plugin) (accSetCalibrationCycles)
./libs\libpluto_0.3.a(battery.o)
                              mw.o (symbol from plugin) (updateBattery)
./libs\libpluto_0.3.a(boardalignment.o)
                              main.o (symbol from plugin) (initBoardAlignment)
./libs\libpluto_0.3.a(compass.o)
                              main.o (symbol from plugin) (compassInit)
./libs\libpluto_0.3.a(gyro.o)
                              main.o (symbol from plugin) (gyroSetCalibrationCycles)
./libs\libpluto_0.3.a(initialisation.o)
                              main.o (symbol from plugin) (sensorsAutodetectmpu)
./libs\libpluto_0.3.a(stm32f30x_rcc.o)
                              system.o (symbol from plugin) (RCC_GetClocksFreq)
./libs\libpluto_0.3.a(stm32f30x_misc.o)
                              system.o (symbol from plugin) (NVIC_PriorityGroupConfig)
./libs\libpluto_0.3.a(acrobats.o)
                              mw.o (symbol from plugin) (flip)
./libs\libpluto_0.3.a(posControl.o)
                              mw.o (symbol from plugin) (resetPosController)
./libs\libpluto_0.3.a(posEstimate.o)
                              main.o (symbol from plugin) (updatePosGains)
./libs\libpluto_0.3.a(opticflow.o)
                              posControl.o (symbol from plugin) (accel_hf_prev)
./libs\libpluto_0.3.a(command.o)
                              mw.o (symbol from plugin) (executeCommand())
./libs\libpluto_0.3.a(localisationCommand.o)
                              mw.o (symbol from plugin) (command_jump(short))
./libs\libpluto_0.3.a(Peripheral.o)
                              main.o (symbol from plugin) (GPIO_P::init(unibus, GPIO_Mode_e))
./libs\libpluto_0.3.a(XRanging.o)
                              main.o (symbol from plugin) (xRangingInit)
./libs\libpluto_0.3.a(Control.o)
                              command.o (symbol from plugin) (DesiredPosition_P::setRelative(axis_e, long))
./libs\libpluto_0.3.a(Utils.o)
                              acceleration.o (symbol from plugin) (LED_P::set(led_e, led_state_e))
./libs\libpluto_0.3.a(User.o)
                              mw.o (symbol from plugin) (FlightMode_P::set(flight_mode_e))
./libs\libpluto_0.3.a(Motor.o)
[...]
Memory Configuration

Name             Origin             Length             Attributes
FLASH            0x08000000         0x0003f000         xr
RAM              0x20000000         0x0000a000         xrw
MEMORY_B1        0x60000000         0x00000000         xr
*default*        0x00000000         0xffffffff

Linker script and memory map

LOAD obj/PLUTOX/src/main/PlutoPilot.o
LOAD C:\Users\yasha\AppData\Local\Temp\cccODrOd.ltrans0.ltrans.o
LOAD C:\Users\yasha\AppData\Local\Temp\cccODrOd.ltrans1.ltrans.o
LOAD C:\Users\yasha\AppData\Local\Temp\cccODrOd.ltrans2.ltrans.o
LOAD C:\Users\yasha\AppData\Local\Temp\cccODrOd.ltrans3.ltrans.o
LOAD C:\Users\yasha\AppData\Local\Temp\cccODrOd.ltrans4.ltrans.o
LOAD C:\Users\yasha\AppData\Local\Temp\cccODrOd.ltrans5.ltrans.o
LOAD C:\Users\yasha\AppData\Local\Temp\cccODrOd.ltrans6.ltrans.o
LOAD C:\Users\yasha\AppData\Local\Temp\cccODrOd.ltrans7.ltrans.o
LOAD C:\Users\yasha\AppData\Local\Temp\cccODrOd.ltrans8.ltrans.o
LOAD C:\Users\yasha\AppData\Local\Temp\cccODrOd.ltrans9.ltrans.o
LOAD C:\Users\yasha\AppData\Local\Temp\cccODrOd.ltrans10.ltrans.o
LOAD C:\Users\yasha\AppData\Local\Temp\cccODrOd.ltrans11.ltrans.o
LOAD C:\Users\yasha\AppData\Local\Temp\cccODrOd.ltrans12.ltrans.o
LOAD C:\Users\yasha\AppData\Local\Temp\cccODrOd.ltrans13.ltrans.o
LOAD C:\Users\yasha\AppData\Local\Temp\cccODrOd.ltrans14.ltrans.o
LOAD C:\Users\yasha\AppData\Local\Temp\cccODrOd.ltrans15.ltrans.o
LOAD C:\Users\yasha\AppData\Local\Temp\cccODrOd.ltrans16.ltrans.o
LOAD C:\Users\yasha\AppData\Local\Temp\cccODrOd.ltrans17.ltrans.o
LOAD C:\Users\yasha\AppData\Local\Temp\cccODrOd.ltrans18.ltrans.o
LOAD C:\Users\yasha\AppData\Local\Temp\cccODrOd.ltrans19.ltrans.o
LOAD C:\Users\yasha\AppData\Local\Temp\cccODrOd.ltrans20.ltrans.o
LOAD c:/users/yasha/downloads/cygnus/tools/toolchain/gcc-arm/bin/../lib/gcc/arm-none-eabi/6.3.1/../../../../arm-none-eabi/lib/thumb/v7e-m/fpv4-sp/hard\libnosys.a
LOAD ./libs\libpluto_0.3.a
LOAD c:/users/yasha/downloads/cygnus/tools/toolchain/gcc-arm/bin/../lib/gcc/arm-none-eabi/6.3.1/../../../../arm-none-eabi/lib/thumb/v7e-m/fpv4-sp/hard\libstdc++.a
LOAD c:/users/yasha/downloads/cygnus/tools/toolchain/gcc-arm/bin/../lib/gcc/arm-none-eabi/6.3.1/../../../../arm-none-eabi/lib/thumb/v7e-m/fpv4-sp/hard\libm.a
LOAD c:/users/yasha/downloads/cygnus/tools/toolchain/gcc-arm/bin/../lib/gcc/arm-none-eabi/6.3.1/../../../../arm-none-eabi/lib/thumb/v7e-m/fpv4-sp/hard\libc.a
START GROUP
LOAD c:/users/yasha/downloads/cygnus/tools/toolchain/gcc-arm/bin/../lib/gcc/arm-none-eabi/6.3.1/thumb/v7e-m/fpv4-sp/hard\libgcc.a
LOAD c:/users/yasha/downloads/cygnus/tools/toolchain/gcc-arm/bin/../lib/gcc/arm-none-eabi/6.3.1/../../../../arm-none-eabi/lib/thumb/v7e-m/fpv4-sp/hard\libg.a
LOAD c:/users/yasha/downloads/cygnus/tools/toolchain/gcc-arm/bin/../lib/gcc/arm-none-eabi/6.3.1/../../../../arm-none-eabi/lib/thumb/v7e-m/fpv4-sp/hard\libc.a
END GROUP
START GROUP
LOAD c:/users/yasha/downloads/cygnus/tools/toolchain/gcc-arm/bin/../lib/gcc/arm-none-eabi/6.3.1/thumb/v7e-m/fpv4-sp/hard\libgcc.a
LOAD c:/users/yasha/downloads/cygnus/tools/toolchain/gcc-arm/bin/../lib/gcc/arm-none-eabi/6.3.1/../../../../arm-none-eabi/lib/thumb/v7e-m/fpv4-sp/hard\libc.a
LOAD c:/users/yasha/downloads/cygnus/tools/toolchain/gcc-arm/bin/../lib/gcc/arm-none-eabi/6.3.1/../../../../arm-none-eabi/lib/thumb/v7e-m/fpv4-sp/hard\libnosys.a
END GROUP
                0x2000a000                _estack = (ORIGIN (RAM) + LENGTH (RAM))
                0x00000000                _Min_Heap_Size = 0x0
                0x00000400                _Min_Stack_Size = 0x400

.isr_vector     0x08000000      0x188
                0x08000000                . = ALIGN (0x4)
                [!provide]                PROVIDE (isr_vector_table_base, .)
 *(.isr_vector)
 .isr_vector    0x08000000      0x188 ./libs\libpluto_0.3.a(startup_stm32f30x_md_gcc.o)
                0x08000000                g_pfnVectors
                0x08000188                . = ALIGN (0x4)

.text           0x080001c0    0x11bc8
                0x080001c0                . = ALIGN (0x4)
 *(.text)
 .text          0x080001c0     0x16c4 C:\Users\yasha\AppData\Local\Temp\cccODrOd.ltrans0.ltrans.o
                0x080001c0                init()
 .text          0x08001884     0x1090 C:\Users\yasha\AppData\Local\Temp\cccODrOd.ltrans3.ltrans.o
                0x08001884                processRx()
 .text          0x08002914      0x914 C:\Users\yasha\AppData\Local\Temp\cccODrOd.ltrans4.ltrans.o
                0x08002964                NVIC_Init.part.0.constprop.148
                0x080029a0                Motor_P::set(motor, short) [clone .constprop.145]
                0x08002a88                VL53L0X_ref_calibration_io.constprop.141
                0x08002b26                VL53L0X_ClearInterruptMask.constprop.140
                0x08002b7e                VL53L0X_calc_timeout_mclks.constprop.138
                0x08002ba4                get_next_good_spad.constprop.129
                0x08002bf0                enable_ref_spads.constprop.127
                0x08002cac                SPIClass::Write(unsigned char, unsigned char) [clone .constprop.101]
                0x08002ce8                SPIClass::Read(unsigned char, int) [clone .constprop.99]
                0x08002d78                spektrumInit.constprop.89
                0x08002df8                ms5611Detect.constprop.80
                0x08002f00                useRcControlsConfig.constprop.47
                0x08002f40                resetSerialConfig(serialConfig_s*) [clone .constprop.46]
                0x08002fa0                FLASH_WaitForLastOperation.constprop.41
                0x08002fc4                headSerialError(unsigned char) [clone .constprop.29]
                0x08002fcc                calculateThrottleStatus.constprop.22
                0x08003000                reset(bool) [clone .constprop.10]
                0x08003064                updateCompass.constprop.6
                0x08003204                VL53L0X_RdDWord
 .text          0x08003228      0x8b4 C:\Users\yasha\AppData\Local\Temp\cccODrOd.ltrans5.ltrans.o
                0x08003310                pwmWriteStandard(unsigned char, unsigned short) [clone .lto_priv.284]
                0x08003324                pwmWriteBrushed(unsigned char, unsigned short) [clone .lto_priv.285]
                0x08003348                ak8963Read
                0x0800340c                ak8963Init
                0x080034f8                uartReconfigure.lto_priv.190
                0x0800361c                gpioInit
                0x08003670                pwmOutConfig
                0x0800389c                ppmInConfig
 .text          0x08003adc      0xbd0 C:\Users\yasha\AppData\Local\Temp\cccODrOd.ltrans6.ltrans.o
                0x08003adc                headSerialResponse(unsigned char, unsigned char) [clone .lto_priv.173]
                0x08003b1c                headSerialReply(unsigned char) [clone .lto_priv.197]
                0x08003b22                read32() [clone .lto_priv.200]
                0x08003b34                processOutCommand(unsigned char) [clone .lto_priv.281]
 .text          0x080046ac      0xc9c C:\Users\yasha\AppData\Local\Temp\cccODrOd.ltrans8.ltrans.o
                0x080046c4                read8() [clone .lto_priv.198]
                0x080046d8                read16() [clone .lto_priv.199]
                0x080046ec                serialize8(unsigned char) [clone .lto_priv.207]
                0x08004710                serialize16(unsigned short) [clone .lto_priv.208]
                0x08004722                serialize32(unsigned long) [clone .lto_priv.209]
                0x08004734                openSerialPort
                0x080047ac                findNextSerialPortConfig
                0x080047f0                findSerialPortConfig
                0x080047fc                generateThrottleCurve
                0x0800487c                generatePitchRollCurve
                0x080048b4                isRangeActive(unsigned char, channelRange_s*) [clone .part.1]
                0x080048fc                beeperSilence
                0x08004910                beeper
                0x0800495c                beeperConfirmationBeeps
                0x08004994                micros
                0x080049cc                delayMicroseconds
                0x080049e2                delay
                0x080049f6                failureMode
                0x08004ab4                SysTick_Handler
                0x08004ac4                EXTI3_IRQHandler
                0x08004ac8                EXTI15_10_IRQHandler
                0x08004acc                filterApplyPt1
                0x08004b24                writeMotors
                0x08004bd0                drift_correction(float)
                0x08005284                normalize()
 .text          0x08005348      0xd90 C:\Users\yasha\AppData\Local\Temp\cccODrOd.ltrans9.ltrans.o
                0x08005348                xBusReadRawRC(rxRuntimeConfig_s*, unsigned char) [clone .lto_priv.318]
                0x080053f0                spektrumReadRawRC.lto_priv.165
                0x0800541c                sumhReadRawRC.lto_priv.311
                0x08005434                sumdReadRawRC.lto_priv.309
                0x08005448                sbusReadRawRC.lto_priv.307
                0x0800547c                rxMspReadRawRC.lto_priv.320
                0x0800548c                ppmReadRawRC.lto_priv.322
                0x08005498                pwmReadRawRC.lto_priv.321
                0x080054a4                nullReadRawRC(rxRuntimeConfig_s*, unsigned char) [clone .lto_priv.172]
                0x080054a8                xBusDataReceive(unsigned short) [clone .lto_priv.319]
                0x08005570                spektrumDataReceive.lto_priv.166
                0x080055b8                sumhDataReceive.lto_priv.312
                0x08005600                sumdDataReceive.lto_priv.310
                0x080056a4                sbusDataReceive.lto_priv.308
                0x080056f0                batteryAdcToVoltage
                0x08005720                updateBatteryVoltage() [clone .lto_priv.282]
                0x08005924                getRxfailValue(unsigned char) [clone .lto_priv.235]
                0x08005974                resumeRxSignal
                0x080059a4                suspendRxSignal
                0x080059d4                processInCommand() [clone .lto_priv.280]
 .text          0x080060d8      0xdf8 C:\Users\yasha\AppData\Local\Temp\cccODrOd.ltrans10.ltrans.o
                0x080060d8                pidMultiWii23(pidProfile_s*, controlRateConfig_s*, unsigned short, rollAndPitchTrims_t*, rxConfig_s*) [clone .lto_priv.217]
                0x0800639c                pidMultiWii(pidProfile_s*, controlRateConfig_s*, unsigned short, rollAndPitchTrims_t*, rxConfig_s*) [clone .lto_priv.215]
                0x08006628                pidLuxFloat(pidProfile_s*, controlRateConfig_s*, unsigned short, rollAndPitchTrims_t*, rxConfig_s*) [clone .lto_priv.216]
                0x08006978                pidResetErrorGyro
                0x08006998                pidResetErrorAngle
                0x080069b4                failsafeOnLowBattery
                0x080069c8                updateGains
                0x08006a18                apmCalculateEstimatedAltitude
 .text          0x08006ed0      0xfd0 C:\Users\yasha\AppData\Local\Temp\cccODrOd.ltrans11.ltrans.o
                0x08007a34                renorm(float const*, float*)
                0x08007ae8                dcmFromEuler(float, float, float)
                0x08007bac                imuCalculateAcceleration(unsigned long)
                0x08007e58                pidSetController
 .text          0x08007ea0      0xd1c C:\Users\yasha\AppData\Local\Temp\cccODrOd.ltrans12.ltrans.o
                0x08007ea0                ms5611_calculate(long*, long*, unsigned long, unsigned long) [clone .lto_priv.171]
                0x080080c6                ms5611_start_up() [clone .lto_priv.169]
                0x080080d0                ms5611_start_ut() [clone .lto_priv.167]
                0x08008102                ms5611_get_up() [clone .lto_priv.170]
                0x08008104                ms5611_get_ut() [clone .lto_priv.168]
                0x08008106                activateControlRateConfig()
                0x08008150                isEEPROMContentValid() [clone .lto_priv.174]
                0x0800819c                readEEPROM
                0x08008414                resetConf() [clone .lto_priv.201]
                0x080088e8                apmBaroCalibrationRead()
                0x08008944                apmBaroUpdate
                0x08008a38                TIM1_TRG_COM_TIM17_IRQHandler
                0x08008a48                TIM1_BRK_TIM15_IRQHandler
                0x08008a58                TIM8_CC_IRQHandler
                0x08008a68                TIM8_UP_IRQHandler
                0x08008a6c                TIM4_IRQHandler
                0x08008a7c                TIM3_IRQHandler
                0x08008a8c                TIM2_IRQHandler
                0x08008a9c                TIM1_CC_IRQHandler
                0x08008aac                TIM1_UP_TIM16_IRQHandler
                0x08008ab0                configTimeBase
                0x08008b4c                lookupTimerIndex(TIM_TypeDef const*) [clone .lto_priv.191]
                0x08008ba4                USART2_IRQHandler
                0x08008bb0                USART1_IRQHandler
 .text          0x08008bbc      0xb14 C:\Users\yasha\AppData\Local\Temp\cccODrOd.ltrans13.ltrans.o
                0x08008bbc                PosXYEstimate
                0x08008e88                flip.part.0
                0x08009288                RCC_ADCCLKConfig
                0x080092a8                RCC_GetClocksFreq
                0x08009598                alignSensors
 .text          0x080096d0      0x6e0 C:\Users\yasha\AppData\Local\Temp\cccODrOd.ltrans14.ltrans.o
                0x080096f8                mpuGyroRead
                0x0800973c                mpuAccRead
                0x080097c4                mpu6500GyroInit
                0x0800986c                mpu6500AccInit
                0x08009880                i2cRead
                0x08009974                mpuReadRegisterI2C(unsigned char, unsigned char, unsigned char*) [clone .lto_priv.329]
                0x0800998a                i2cWriteBuffer
                0x08009a78                i2cWrite
                0x08009a8c                mpuWriteRegisterI2C(unsigned char, unsigned char) [clone .lto_priv.330]
                0x08009a94                mode_0_init()
 .text          0x08009db0      0x514 C:\Users\yasha\AppData\Local\Temp\cccODrOd.ltrans15.ltrans.o
                0x08009eba                usartIrqHandler
                0x08009f28                DMA1_Channel4_IRQHandler
                0x08009f60                uartOpen
 .text          0x0800a2c4      0x238 C:\Users\yasha\AppData\Local\Temp\cccODrOd.ltrans16.ltrans.o
                0x0800a2c4                SystemInit
                0x0800a32c                plutoLoop()
 .text          0x0800a4fc      0x4f4 C:\Users\yasha\AppData\Local\Temp\cccODrOd.ltrans17.ltrans.o
                0x0800a51a                VL53L0X_RdWord
                0x0800a546                VL53L0X_RdByte
                0x0800a560                VL53L0X_UpdateByte
                0x0800a59c                VL53L0X_WrWord
                0x0800a5c4                VL53L0X_WrByte
                0x0800a5da                VL53L0X_get_vcsel_pulse_period
                0x0800a60c                set_sequence_step_timeout
                0x0800a716                get_sequence_step_timeout
                0x0800a85c                VL53L0X_set_measurement_timing_budget_micro_seconds
                0x0800a91e                VL53L0X_device_read_strobe
                0x0800a962                VL53L0X_isqrt
                0x0800a98c                VL53L0X_measurement_poll_for_completion
 .text          0x0800a9f0      0x630 C:\Users\yasha\AppData\Local\Temp\cccODrOd.ltrans18.ltrans.o
                0x0800a9f0                DMA_StructInit
                0x0800aa0a                DMA_Init
                0x0800aa46                DMA_DeInit
                0x0800ab38                FLASH_GetStatus
                0x0800ab60                ADC_RegularChannelConfig
                0x0800ac18                GPIO_Init
                0x0800aca6                serialRead
                0x0800acac                serialWrite
                0x0800acb2                _putc(void*, char) [clone .lto_priv.336]
                0x0800acb6                applyDeadband
                0x0800acd4                sin_approx
                0x0800ad98                buildRotationMatrix
                0x0800ae54                reset_FSI
                0x0800ae6c                set_FSI
                0x0800ae80                disableFlightMode
                0x0800aea0                enableFlightMode
                0x0800aebc                featureClear
                0x0800aecc                featureSet
                0x0800aedc                writeEEPROM
                0x0800b00c                saveConfigAndNotify
 .text          0x0800b020      0x28a C:\Users\yasha\AppData\Local\Temp\cccODrOd.ltrans19.ltrans.o
                0x0800b020                set_ref_spad_map
                0x0800b03c                VL53L0X_GetLimitCheckValue
                0x0800b0a6                VL53L0X_GetSequenceStepEnables
                0x0800b0de                VL53L0X_GetDeviceParameters
                0x0800b292                LaserSensor::setAddress(unsigned char)
 *fill*         0x0800b2aa        0x2 
 .text          0x0800b2ac      0x158 C:\Users\yasha\AppData\Local\Temp\cccODrOd.ltrans20.ltrans.o
                0x0800b2ac                mwArm
                0x0800b344                mwDisarm
                0x0800b3c0                isCalibrating()
 .text          0x0800b404      0x134 c:/users/yasha/downloads/cygnus/tools/toolchain/gcc-arm/bin/../lib/gcc/arm-none-eabi/6.3.1/../../../../arm-none-eabi/lib/thumb/v7e-m/fpv4-sp/hard\libc.a(lib_a-memcpy.o)
                0x0800b404                memcpy
 *fill*         0x0800b538        0x8 
 .text          0x0800b540       0xdc c:/users/yasha/downloads/cygnus/tools/toolchain/gcc-arm/bin/../lib/gcc/arm-none-eabi/6.3.1/../../../../arm-none-eabi/lib/thumb/v7e-m/fpv4-sp/hard\libc.a(lib_a-strlen.o)
                0x0800b540                strlen
 .text          0x0800b61c       0x1c c:/users/yasha/downloads/cygnus/tools/toolchain/gcc-arm/bin/../lib/gcc/arm-none-eabi/6.3.1/thumb/v7e-m/fpv4-sp/hard\libgcc.a(_ashrdi3.o)
                0x0800b61c                __aeabi_lasr
                0x0800b61c                __ashrdi3
 .text          0x0800b638      0x370 c:/users/yasha/downloads/cygnus/tools/toolchain/gcc-arm/bin/../lib/gcc/arm-none-eabi/6.3.1/thumb/v7e-m/fpv4-sp/hard\libgcc.a(_arm_addsubdf3.o)
                0x0800b638                __aeabi_drsub
                0x0800b640                __aeabi_dsub
                0x0800b640                __subdf3
                0x0800b644                __aeabi_dadd
                0x0800b644                __adddf3
                0x0800b8bc                __floatunsidf
                0x0800b8bc                __aeabi_ui2d
                0x0800b8dc                __floatsidf
                0x0800b8dc                __aeabi_i2d
                0x0800b900                __aeabi_f2d
                0x0800b900                __extendsfdf2
                0x0800b93c                __floatundidf
                0x0800b93c                __aeabi_ul2d
                0x0800b94c                __floatdidf
                0x0800b94c                __aeabi_l2d
 .text          0x0800b9a8      0x424 c:/users/yasha/downloads/cygnus/tools/toolchain/gcc-arm/bin/../lib/gcc/arm-none-eabi/6.3.1/thumb/v7e-m/fpv4-sp/hard\libgcc.a(_arm_muldivdf3.o)
                0x0800b9a8                __aeabi_dmul
                0x0800b9a8                __muldf3
                0x0800bbfc                __divdf3
                0x0800bbfc                __aeabi_ddiv
 .text          0x0800bdcc       0xa0 c:/users/yasha/downloads/cygnus/tools/toolchain/gcc-arm/bin/../lib/gcc/arm-none-eabi/6.3.1/thumb/v7e-m/fpv4-sp/hard\libgcc.a(_arm_truncdfsf2.o)
                0x0800bdcc                __truncdfsf2
                0x0800bdcc                __aeabi_d2f
 .text          0x0800be6c       0xa0 c:/users/yasha/downloads/cygnus/tools/toolchain/gcc-arm/bin/../lib/gcc/arm-none-eabi/6.3.1/thumb/v7e-m/fpv4-sp/hard\libgcc.a(_aeabi_ldivmod.o)
                0x0800be6c                __aeabi_ldivmod
 .text          0x0800bf0c       0x24 c:/users/yasha/downloads/cygnus/tools/toolchain/gcc-arm/bin/../lib/gcc/arm-none-eabi/6.3.1/thumb/v7e-m/fpv4-sp/hard\libgcc.a(_fixsfdi.o)
                0x0800bf0c                __fixsfdi
                0x0800bf0c                __aeabi_f2lz
 .text          0x0800bf30       0x4c c:/users/yasha/downloads/cygnus/tools/toolchain/gcc-arm/bin/../lib/gcc/arm-none-eabi/6.3.1/thumb/v7e-m/fpv4-sp/hard\libgcc.a(_fixunssfdi.o)
                0x0800bf30                __fixunssfdi
                0x0800bf30                __aeabi_f2ulz
 .text          0x0800bf7c      0x2dc c:/users/yasha/downloads/cygnus/tools/toolchain/gcc-arm/bin/../lib/gcc/arm-none-eabi/6.3.1/thumb/v7e-m/fpv4-sp/hard\libgcc.a(_udivmoddi4.o)
                0x0800bf7c                __udivmoddi4
 .text          0x0800c258      0x9cc c:/users/yasha/downloads/cygnus/tools/toolchain/gcc-arm/bin/../lib/gcc/arm-none-eabi/6.3.1/thumb/v7e-m/fpv4-sp/hard\libgcc.a(unwind-arm.o)
                0x0800c518                _Unwind_GetCFA
                0x0800c51c                __gnu_Unwind_RaiseException
                0x0800c57c                __gnu_Unwind_ForcedUnwind
                0x0800c590                __gnu_Unwind_Resume
                0x0800c5d4                __gnu_Unwind_Resume_or_Rethrow
                0x0800c5e4                _Unwind_Complete
                0x0800c5e8                _Unwind_DeleteException
                0x0800c5f4                _Unwind_VRS_Get
                0x0800c640                _Unwind_VRS_Set
                0x0800c690                __gnu_Unwind_Backtrace
                0x0800c9d0                __aeabi_unwind_cpp_pr0
                0x0800c9d4                __aeabi_unwind_cpp_pr1
                0x0800c9d8                __aeabi_unwind_cpp_pr2
                0x0800c9dc                _Unwind_VRS_Pop
 .text          0x0800cc24      0x1ac c:/users/yasha/downloads/cygnus/tools/toolchain/gcc-arm/bin/../lib/gcc/arm-none-eabi/6.3.1/thumb/v7e-m/fpv4-sp/hard\libgcc.a(libunwind.o)
                0x0800cc24                __restore_core_regs
                0x0800cc24                restore_core_regs
                0x0800cc3c                __gnu_Unwind_Restore_VFP
                0x0800cc44                __gnu_Unwind_Save_VFP
                0x0800cc4c                __gnu_Unwind_Restore_VFP_D
                0x0800cc54                __gnu_Unwind_Save_VFP_D
                0x0800cc5c                __gnu_Unwind_Restore_VFP_D_16_to_31
                0x0800cc64                __gnu_Unwind_Save_VFP_D_16_to_31
                0x0800cc6c                __gnu_Unwind_Restore_WMMXD
                0x0800ccb0                __gnu_Unwind_Save_WMMXD
                0x0800ccf4                __gnu_Unwind_Restore_WMMXC
                0x0800cd08                __gnu_Unwind_Save_WMMXC
                0x0800cd1c                ___Unwind_RaiseException
                0x0800cd1c                _Unwind_RaiseException
                0x0800cd40                _Unwind_Resume
                0x0800cd40                ___Unwind_Resume
                0x0800cd64                _Unwind_Resume_or_Rethrow
                0x0800cd64                ___Unwind_Resume_or_Rethrow
                0x0800cd88                _Unwind_ForcedUnwind
                0x0800cd88                ___Unwind_ForcedUnwind
                0x0800cdac                ___Unwind_Backtrace
                0x0800cdac                _Unwind_Backtrace
 .text          0x0800cdd0      0x380 c:/users/yasha/downloads/cygnus/tools/toolchain/gcc-arm/bin/../lib/gcc/arm-none-eabi/6.3.1/thumb/v7e-m/fpv4-sp/hard\libgcc.a(pr-support.o)
                0x0800ce28                __gnu_unwind_execute
                0x0800d0f8                __gnu_unwind_frame
                0x0800d120                _Unwind_GetRegionStart
                0x0800d12c                _Unwind_GetLanguageSpecificData
                0x0800d140                _Unwind_GetTextRelBase
                0x0800d148                _Unwind_GetDataRelBase
 .text          0x0800d150        0x4 c:/users/yasha/downloads/cygnus/tools/toolchain/gcc-arm/bin/../lib/gcc/arm-none-eabi/6.3.1/thumb/v7e-m/fpv4-sp/hard\libgcc.a(_dvmd_tls.o)
                0x0800d150                __aeabi_idiv0
                0x0800d150                __aeabi_ldiv0
 .text          0x0800d154       0x40 c:/users/yasha/downloads/cygnus/tools/toolchain/gcc-arm/bin/../lib/gcc/arm-none-eabi/6.3.1/thumb/v7e-m/fpv4-sp/hard\libgcc.a(_arm_fixunsdfsi.o)
                0x0800d154                __aeabi_d2uiz
                0x0800d154                __fixunsdfsi
 *(.text*)
 .text.startup  0x0800d194     0x2428 C:\Users\yasha\AppData\Local\Temp\cccODrOd.ltrans1.ltrans.o
                0x0800d194                main
 .text.startup  0x0800f5bc       0x10 C:\Users\yasha\AppData\Local\Temp\cccODrOd.ltrans8.ltrans.o
 .text.Reset_Handler
                0x0800f5cc       0x68 ./libs\libpluto_0.3.a(startup_stm32f30x_md_gcc.o)
                0x0800f5cc                Reset_Handler
 .text.Default_Handler
                0x0800f634        0x2 ./libs\libpluto_0.3.a(startup_stm32f30x_md_gcc.o)
                0x0800f634                RTC_Alarm_IRQHandler
                0x0800f634                TIM8_TRG_COM_IRQHandler
                0x0800f634                DebugMon_Handler
                0x0800f634                HardFault_Handler
                0x0800f634                USB_HP_IRQHandler
                0x0800f634                PVD_IRQHandler
                0x0800f634                PendSV_Handler
                0x0800f634                NMI_Handler
                0x0800f634                EXTI0_IRQHandler
                0x0800f634                I2C2_EV_IRQHandler
                0x0800f634                FPU_IRQHandler
                0x0800f634                EXTI2_TS_IRQHandler
                0x0800f634                UsageFault_Handler
                0x0800f634                ADC1_2_IRQHandler
                0x0800f634                SPI1_IRQHandler
                0x0800f634                TIM6_DAC_IRQHandler
                0x0800f634                DMA2_Channel2_IRQHandler
                0x0800f634                USART3_IRQHandler
                0x0800f634                DMA1_Channel7_IRQHandler
                0x0800f634                CAN1_RX1_IRQHandler
                0x0800f634                UART5_IRQHandler
                0x0800f634                ADC3_IRQHandler
                0x0800f634                DMA2_Channel1_IRQHandler
                0x0800f634                I2C1_EV_IRQHandler
                0x0800f634                DMA1_Channel6_IRQHandler
                0x0800f634                UART4_IRQHandler
                0x0800f634                DMA2_Channel4_IRQHandler
                0x0800f634                RCC_IRQHandler
                0x0800f634                DMA1_Channel1_IRQHandler
                0x0800f634                Default_Handler
                0x0800f634                USBWakeUp_RMP_IRQHandler
                0x0800f634                TIM7_IRQHandler
                0x0800f634                EXTI9_5_IRQHandler
                0x0800f634                TAMPER_STAMP_IRQHandler
                0x0800f634                RTC_WKUP_IRQHandler
                0x0800f634                SPI2_IRQHandler
                0x0800f634                MemManage_Handler
                0x0800f634                SVC_Handler
                0x0800f634                DMA2_Channel5_IRQHandler
                0x0800f634                DMA1_Channel5_IRQHandler
                0x0800f634                USB_LP_IRQHandler
                0x0800f634                EXTI4_IRQHandler
                0x0800f634                USB_LP_CAN1_RX0_IRQHandler
                0x0800f634                USB_HP_CAN1_TX_IRQHandler
                0x0800f634                DMA1_Channel3_IRQHandler
                0x0800f634                ADC4_IRQHandler
                0x0800f634                WWDG_IRQHandler
                0x0800f634                COMP7_IRQHandler
                0x0800f634                COMP1_2_3_IRQHandler
                0x0800f634                EXTI1_IRQHandler
                0x0800f634                COMP4_5_6_IRQHandler
                0x0800f634                I2C2_ER_IRQHandler
                0x0800f634                DMA1_Channel2_IRQHandler
                0x0800f634                TIM8_BRK_IRQHandler
                0x0800f634                CAN1_SCE_IRQHandler
                0x0800f634                FLASH_IRQHandler
                0x0800f634                BusFault_Handler
                0x0800f634                SPI3_IRQHandler
                0x0800f634                I2C1_ER_IRQHandler
                0x0800f634                USBWakeUp_IRQHandler
                0x0800f634                DMA2_Channel3_IRQHandler
 *fill*         0x0800f636        0x2 
 .text.cosf     0x0800f638       0x90 c:/users/yasha/downloads/cygnus/tools/toolchain/gcc-arm/bin/../lib/gcc/arm-none-eabi/6.3.1/../../../../arm-none-eabi/lib/thumb/v7e-m/fpv4-sp/hard\libm.a(lib_a-sf_cos.o)
                0x0800f638                cosf
 .text.lrintf   0x0800f6c8       0x98 c:/users/yasha/downloads/cygnus/tools/toolchain/gcc-arm/bin/../lib/gcc/arm-none-eabi/6.3.1/../../../../arm-none-eabi/lib/thumb/v7e-m/fpv4-sp/hard\libm.a(lib_a-sf_lrint.o)
                0x0800f6c8                lrintf
 .text.sinf     0x0800f760       0x94 c:/users/yasha/downloads/cygnus/tools/toolchain/gcc-arm/bin/../lib/gcc/arm-none-eabi/6.3.1/../../../../arm-none-eabi/lib/thumb/v7e-m/fpv4-sp/hard\libm.a(lib_a-sf_sin.o)
                0x0800f760                sinf
 .text.acosf    0x0800f7f4       0xb8 c:/users/yasha/downloads/cygnus/tools/toolchain/gcc-arm/bin/../lib/gcc/arm-none-eabi/6.3.1/../../../../arm-none-eabi/lib/thumb/v7e-m/fpv4-sp/hard\libm.a(lib_a-wf_acos.o)
                0x0800f7f4                acosf
 .text.asinf    0x0800f8ac       0xb8 c:/users/yasha/downloads/cygnus/tools/toolchain/gcc-arm/bin/../lib/gcc/arm-none-eabi/6.3.1/../../../../arm-none-eabi/lib/thumb/v7e-m/fpv4-sp/hard\libm.a(lib_a-wf_asin.o)
                0x0800f8ac                asinf
 .text.atan2f   0x0800f964        0x4 c:/users/yasha/downloads/cygnus/tools/toolchain/gcc-arm/bin/../lib/gcc/arm-none-eabi/6.3.1/../../../../arm-none-eabi/lib/thumb/v7e-m/fpv4-sp/hard\libm.a(lib_a-wf_atan2.o)
                0x0800f964                atan2f
 .text.logf     0x0800f968       0xf8 c:/users/yasha/downloads/cygnus/tools/toolchain/gcc-arm/bin/../lib/gcc/arm-none-eabi/6.3.1/../../../../arm-none-eabi/lib/thumb/v7e-m/fpv4-sp/hard\libm.a(lib_a-wf_log.o)
                0x0800f968                logf
 .text.sqrtf    0x0800fa60       0xac c:/users/yasha/downloads/cygnus/tools/toolchain/gcc-arm/bin/../lib/gcc/arm-none-eabi/6.3.1/../../../../arm-none-eabi/lib/thumb/v7e-m/fpv4-sp/hard\libm.a(lib_a-wf_sqrt.o)
                0x0800fa60                sqrtf
 .text.__ieee754_acosf
                0x0800fb0c      0x244 c:/users/yasha/downloads/cygnus/tools/toolchain/gcc-arm/bin/../lib/gcc/arm-none-eabi/6.3.1/../../../../arm-none-eabi/lib/thumb/v7e-m/fpv4-sp/hard\libm.a(lib_a-ef_acos.o)
                0x0800fb0c                __ieee754_acosf
 .text.__ieee754_asinf
                0x0800fd50      0x1f8 c:/users/yasha/downloads/cygnus/tools/toolchain/gcc-arm/bin/../lib/gcc/arm-none-eabi/6.3.1/../../../../arm-none-eabi/lib/thumb/v7e-m/fpv4-sp/hard\libm.a(lib_a-ef_asin.o)
                0x0800fd50                __ieee754_asinf
 .text.__ieee754_atan2f
                0x0800ff48      0x180 c:/users/yasha/downloads/cygnus/tools/toolchain/gcc-arm/bin/../lib/gcc/arm-none-eabi/6.3.1/../../../../arm-none-eabi/lib/thumb/v7e-m/fpv4-sp/hard\libm.a(lib_a-ef_atan2.o)
                0x0800ff48                __ieee754_atan2f
 .text.__ieee754_logf
                0x080100c8      0x218 c:/users/yasha/downloads/cygnus/tools/toolchain/gcc-arm/bin/../lib/gcc/arm-none-eabi/6.3.1/../../../../arm-none-eabi/lib/thumb/v7e-m/fpv4-sp/hard\libm.a(lib_a-ef_log.o)
                0x080100c8                __ieee754_logf
 .text.__ieee754_rem_pio2f
                0x080102e0      0x290 c:/users/yasha/downloads/cygnus/tools/toolchain/gcc-arm/bin/../lib/gcc/arm-none-eabi/6.3.1/../../../../arm-none-eabi/lib/thumb/v7e-m/fpv4-sp/hard\libm.a(lib_a-ef_rem_pio2.o)
                0x080102e0                __ieee754_rem_pio2f
 .text.__ieee754_sqrtf
                0x08010570        0x8 c:/users/yasha/downloads/cygnus/tools/toolchain/gcc-arm/bin/../lib/gcc/arm-none-eabi/6.3.1/../../../../arm-none-eabi/lib/thumb/v7e-m/fpv4-sp/hard\libm.a(lib_a-ef_sqrt.o)
                0x08010570                __ieee754_sqrtf
 .text.__kernel_cosf
                0x08010578      0x104 c:/users/yasha/downloads/cygnus/tools/toolchain/gcc-arm/bin/../lib/gcc/arm-none-eabi/6.3.1/../../../../arm-none-eabi/lib/thumb/v7e-m/fpv4-sp/hard\libm.a(lib_a-kf_cos.o)
                0x08010578                __kernel_cosf
 .text.__kernel_rem_pio2f
                0x0801067c      0x690 c:/users/yasha/downloads/cygnus/tools/toolchain/gcc-arm/bin/../lib/gcc/arm-none-eabi/6.3.1/../../../../arm-none-eabi/lib/thumb/v7e-m/fpv4-sp/hard\libm.a(lib_a-kf_rem_pio2.o)
                0x0801067c                __kernel_rem_pio2f
 .text.__kernel_sinf
                0x08010d0c       0x90 c:/users/yasha/downloads/cygnus/tools/toolchain/gcc-arm/bin/../lib/gcc/arm-none-eabi/6.3.1/../../../../arm-none-eabi/lib/thumb/v7e-m/fpv4-sp/hard\libm.a(lib_a-kf_sin.o)
                0x08010d0c                __kernel_sinf
 .text.matherr  0x08010d9c        0x4 c:/users/yasha/downloads/cygnus/tools/toolchain/gcc-arm/bin/../lib/gcc/arm-none-eabi/6.3.1/../../../../arm-none-eabi/lib/thumb/v7e-m/fpv4-sp/hard\libm.a(lib_a-s_matherr.o)
                0x08010d9c                matherr
 .text.nan      0x08010da0       0x10 c:/users/yasha/downloads/cygnus/tools/toolchain/gcc-arm/bin/../lib/gcc/arm-none-eabi/6.3.1/../../../../arm-none-eabi/lib/thumb/v7e-m/fpv4-sp/hard\libm.a(lib_a-s_nan.o)
                0x08010da0                nan
 .text.atanf    0x08010db0      0x1b0 c:/users/yasha/downloads/cygnus/tools/toolchain/gcc-arm/bin/../lib/gcc/arm-none-eabi/6.3.1/../../../../arm-none-eabi/lib/thumb/v7e-m/fpv4-sp/hard\libm.a(lib_a-sf_atan.o)
                0x08010db0                atanf
 .text.fabsf    0x08010f60       0x10 c:/users/yasha/downloads/cygnus/tools/toolchain/gcc-arm/bin/../lib/gcc/arm-none-eabi/6.3.1/../../../../arm-none-eabi/lib/thumb/v7e-m/fpv4-sp/hard\libm.a(lib_a-sf_fabs.o)
                0x08010f60                fabsf
 .text.floorf   0x08010f70       0x90 c:/users/yasha/downloads/cygnus/tools/toolchain/gcc-arm/bin/../lib/gcc/arm-none-eabi/6.3.1/../../../../arm-none-eabi/lib/thumb/v7e-m/fpv4-sp/hard\libm.a(lib_a-sf_floor.o)
                0x08010f70                floorf
 .text.scalbnf  0x08011000       0xd0 c:/users/yasha/downloads/cygnus/tools/toolchain/gcc-arm/bin/../lib/gcc/arm-none-eabi/6.3.1/../../../../arm-none-eabi/lib/thumb/v7e-m/fpv4-sp/hard\libm.a(lib_a-sf_scalbn.o)
                0x08011000                scalbnf
 .text.copysignf
                0x080110d0       0x18 c:/users/yasha/downloads/cygnus/tools/toolchain/gcc-arm/bin/../lib/gcc/arm-none-eabi/6.3.1/../../../../arm-none-eabi/lib/thumb/v7e-m/fpv4-sp/hard\libm.a(lib_a-sf_copysign.o)
                0x080110d0                copysignf
 .text.__errno  0x080110e8        0xc c:/users/yasha/downloads/cygnus/tools/toolchain/gcc-arm/bin/../lib/gcc/arm-none-eabi/6.3.1/../../../../arm-none-eabi/lib/thumb/v7e-m/fpv4-sp/hard\libc.a(lib_a-errno.o)
                0x080110e8                __errno
 .text.memset   0x080110f4       0x9c c:/users/yasha/downloads/cygnus/tools/toolchain/gcc-arm/bin/../lib/gcc/arm-none-eabi/6.3.1/../../../../arm-none-eabi/lib/thumb/v7e-m/fpv4-sp/hard\libc.a(lib_a-memset.o)
                0x080110f4                memset
 .text.strchr   0x08011190       0xe8 c:/users/yasha/downloads/cygnus/tools/toolchain/gcc-arm/bin/../lib/gcc/arm-none-eabi/6.3.1/../../../../arm-none-eabi/lib/thumb/v7e-m/fpv4-sp/hard\libc.a(lib_a-strchr.o)
                0x08011190                strchr
 .text.abort    0x08011278       0x10 c:/users/yasha/downloads/cygnus/tools/toolchain/gcc-arm/bin/../lib/gcc/arm-none-eabi/6.3.1/../../../../arm-none-eabi/lib/thumb/v7e-m/fpv4-sp/hard\libg.a(lib_a-abort.o)
                0x08011278                abort
 .text._raise_r
                0x08011288       0x60 c:/users/yasha/downloads/cygnus/tools/toolchain/gcc-arm/bin/../lib/gcc/arm-none-eabi/6.3.1/../../../../arm-none-eabi/lib/thumb/v7e-m/fpv4-sp/hard\libg.a(lib_a-signal.o)
                0x08011288                _raise_r
 .text.raise    0x080112e8       0x10 c:/users/yasha/downloads/cygnus/tools/toolchain/gcc-arm/bin/../lib/gcc/arm-none-eabi/6.3.1/../../../../arm-none-eabi/lib/thumb/v7e-m/fpv4-sp/hard\libg.a(lib_a-signal.o)
                0x080112e8                raise
 .text._kill_r  0x080112f8       0x28 c:/users/yasha/downloads/cygnus/tools/toolchain/gcc-arm/bin/../lib/gcc/arm-none-eabi/6.3.1/../../../../arm-none-eabi/lib/thumb/v7e-m/fpv4-sp/hard\libg.a(lib_a-signalr.o)
                0x080112f8                _kill_r
 .text._getpid_r
                0x08011320        0x4 c:/users/yasha/downloads/cygnus/tools/toolchain/gcc-arm/bin/../lib/gcc/arm-none-eabi/6.3.1/../../../../arm-none-eabi/lib/thumb/v7e-m/fpv4-sp/hard\libg.a(lib_a-signalr.o)
                0x08011320                _getpid_r
 .text._getpid  0x08011324       0x10 c:/users/yasha/downloads/cygnus/tools/toolchain/gcc-arm/bin/../lib/gcc/arm-none-eabi/6.3.1/../../../../arm-none-eabi/lib/thumb/v7e-m/fpv4-sp/hard\libnosys.a(getpid.o)
                0x08011324                _getpid
 .text._kill    0x08011334       0x10 c:/users/yasha/downloads/cygnus/tools/toolchain/gcc-arm/bin/../lib/gcc/arm-none-eabi/6.3.1/../../../../arm-none-eabi/lib/thumb/v7e-m/fpv4-sp/hard\libnosys.a(kill.o)
                0x08011334                _kill
 .text._exit    0x08011344        0x4 c:/users/yasha/downloads/cygnus/tools/toolchain/gcc-arm/bin/../lib/gcc/arm-none-eabi/6.3.1/../../../../arm-none-eabi/lib/thumb/v7e-m/fpv4-sp/hard\libnosys.a(_exit.o)
                0x08011344                _exit
 *(.rodata)
 .rodata        0x08011348      0x14e C:\Users\yasha\AppData\Local\Temp\cccODrOd.ltrans0.ltrans.o
 .rodata        0x08011496       0x3c C:\Users\yasha\AppData\Local\Temp\cccODrOd.ltrans3.ltrans.o
 *fill*         0x080114d2        0x2 
 .rodata        0x080114d4       0x14 C:\Users\yasha\AppData\Local\Temp\cccODrOd.ltrans4.ltrans.o
                0x080114d4                refArrayQuadrants
                0x080114e4                serialPortIdentifiers
 .rodata        0x080114e8       0x30 C:\Users\yasha\AppData\Local\Temp\cccODrOd.ltrans6.ltrans.o
 .rodata        0x08011518      0x120 C:\Users\yasha\AppData\Local\Temp\cccODrOd.ltrans8.ltrans.o
                0x08011634                magneticDeclination
 .rodata        0x08011638      0x150 C:\Users\yasha\AppData\Local\Temp\cccODrOd.ltrans9.ltrans.o
                0x08011638                _ZL5boxes.lto_priv.202
 .rodata        0x08011788       0x1c C:\Users\yasha\AppData\Local\Temp\cccODrOd.ltrans12.ltrans.o
                0x080117a0                SystemCoreClock
 .rodata        0x080117a4       0x1c C:\Users\yasha\AppData\Local\Temp\cccODrOd.ltrans15.ltrans.o
 *(.rodata*)
 .rodata.str1.1
                0x080117c0       0x23 C:\Users\yasha\AppData\Local\Temp\cccODrOd.ltrans6.ltrans.o
 .rodata.str1.1
                0x080117e3       0xa1 C:\Users\yasha\AppData\Local\Temp\cccODrOd.ltrans8.ltrans.o
                                 0xa8 (size before relaxing)
 .rodata.str1.1
                0x08011884       0xe2 C:\Users\yasha\AppData\Local\Temp\cccODrOd.ltrans9.ltrans.o
 .rodata.str1.1
                0x08011966        0x9 C:\Users\yasha\AppData\Local\Temp\cccODrOd.ltrans12.ltrans.o
 *fill*         0x0801196f        0x1 
 .rodata.TWO23  0x08011970        0x8 c:/users/yasha/downloads/cygnus/tools/toolchain/gcc-arm/bin/../lib/gcc/arm-none-eabi/6.3.1/../../../../arm-none-eabi/lib/thumb/v7e-m/fpv4-sp/hard\libm.a(lib_a-sf_lrint.o)
 .rodata.acosf.str1.4
                0x08011978        0x6 c:/users/yasha/downloads/cygnus/tools/toolchain/gcc-arm/bin/../lib/gcc/arm-none-eabi/6.3.1/../../../../arm-none-eabi/lib/thumb/v7e-m/fpv4-sp/hard\libm.a(lib_a-wf_acos.o)
                                  0x9 (size before relaxing)
 *fill*         0x0801197e        0x2 
 .rodata.asinf.str1.4
                0x08011980        0x6 c:/users/yasha/downloads/cygnus/tools/toolchain/gcc-arm/bin/../lib/gcc/arm-none-eabi/6.3.1/../../../../arm-none-eabi/lib/thumb/v7e-m/fpv4-sp/hard\libm.a(lib_a-wf_asin.o)
                                  0x9 (size before relaxing)
 *fill*         0x08011986        0x2 
 .rodata.logf.str1.4
                0x08011988        0x5 c:/users/yasha/downloads/cygnus/tools/toolchain/gcc-arm/bin/../lib/gcc/arm-none-eabi/6.3.1/../../../../arm-none-eabi/lib/thumb/v7e-m/fpv4-sp/hard\libm.a(lib_a-wf_log.o)
                                  0x9 (size before relaxing)
 *fill*         0x0801198d        0x3 
 .rodata.sqrtf.str1.4
                0x08011990        0x8 c:/users/yasha/downloads/cygnus/tools/toolchain/gcc-arm/bin/../lib/gcc/arm-none-eabi/6.3.1/../../../../arm-none-eabi/lib/thumb/v7e-m/fpv4-sp/hard\libm.a(lib_a-wf_sqrt.o)
                                  0x6 (size before relaxing)
 .rodata.npio2_hw
                0x08011998       0x80 c:/users/yasha/downloads/cygnus/tools/toolchain/gcc-arm/bin/../lib/gcc/arm-none-eabi/6.3.1/../../../../arm-none-eabi/lib/thumb/v7e-m/fpv4-sp/hard\libm.a(lib_a-ef_rem_pio2.o)
 .rodata.two_over_pi
                0x08011a18      0x318 c:/users/yasha/downloads/cygnus/tools/toolchain/gcc-arm/bin/../lib/gcc/arm-none-eabi/6.3.1/../../../../arm-none-eabi/lib/thumb/v7e-m/fpv4-sp/hard\libm.a(lib_a-ef_rem_pio2.o)
 .rodata.PIo2   0x08011d30       0x2c c:/users/yasha/downloads/cygnus/tools/toolchain/gcc-arm/bin/../lib/gcc/arm-none-eabi/6.3.1/../../../../arm-none-eabi/lib/thumb/v7e-m/fpv4-sp/hard\libm.a(lib_a-kf_rem_pio2.o)
 .rodata.init_jk
                0x08011d5c        0xc c:/users/yasha/downloads/cygnus/tools/toolchain/gcc-arm/bin/../lib/gcc/arm-none-eabi/6.3.1/../../../../arm-none-eabi/lib/thumb/v7e-m/fpv4-sp/hard\libm.a(lib_a-kf_rem_pio2.o)
 .rodata.atanhi
                0x08011d68       0x10 c:/users/yasha/downloads/cygnus/tools/toolchain/gcc-arm/bin/../lib/gcc/arm-none-eabi/6.3.1/../../../../arm-none-eabi/lib/thumb/v7e-m/fpv4-sp/hard\libm.a(lib_a-sf_atan.o)
 .rodata.atanlo
                0x08011d78       0x10 c:/users/yasha/downloads/cygnus/tools/toolchain/gcc-arm/bin/../lib/gcc/arm-none-eabi/6.3.1/../../../../arm-none-eabi/lib/thumb/v7e-m/fpv4-sp/hard\libm.a(lib_a-sf_atan.o)
 *(.glue_7)
 .glue_7        0x08011d88        0x0 linker stubs
 *(.glue_7t)
 .glue_7t       0x08011d88        0x0 linker stubs
 *(.eh_frame)
 *(.init)
 *(.fini)
                0x08011d88                . = ALIGN (0x4)
                0x08011d88                _etext = .

.vfp11_veneer   0x08011d88        0x0
 .vfp11_veneer  0x08011d88        0x0 linker stubs

.v4_bx          0x08011d88        0x0
 .v4_bx         0x08011d88        0x0 linker stubs

.iplt           0x08011d88        0x0
 .iplt          0x08011d88        0x0 ./libs\libpluto_0.3.a(startup_stm32f30x_md_gcc.o)

.ARM.extab      0x08011d88       0x90
 *(.ARM.extab* .gnu.linkonce.armextab.*)
 .ARM.extab.text.startup
                0x08011d88        0xc C:\Users\yasha\AppData\Local\Temp\cccODrOd.ltrans1.ltrans.o
 .ARM.extab     0x08011d94        0xc C:\Users\yasha\AppData\Local\Temp\cccODrOd.ltrans6.ltrans.o
 .ARM.extab     0x08011da0        0xc C:\Users\yasha\AppData\Local\Temp\cccODrOd.ltrans8.ltrans.o
 .ARM.extab     0x08011dac        0xc C:\Users\yasha\AppData\Local\Temp\cccODrOd.ltrans9.ltrans.o
 .ARM.extab     0x08011db8       0x18 C:\Users\yasha\AppData\Local\Temp\cccODrOd.ltrans10.ltrans.o
 .ARM.extab     0x08011dd0       0x24 C:\Users\yasha\AppData\Local\Temp\cccODrOd.ltrans11.ltrans.o
 .ARM.extab     0x08011df4        0xc C:\Users\yasha\AppData\Local\Temp\cccODrOd.ltrans13.ltrans.o
 .ARM.extab     0x08011e00       0x18 c:/users/yasha/downloads/cygnus/tools/toolchain/gcc-arm/bin/../lib/gcc/arm-none-eabi/6.3.1/thumb/v7e-m/fpv4-sp/hard\libgcc.a(pr-support.o)

.ARM            0x08011e18      0x200
                0x08011e18                __exidx_start = .
 *(.ARM.exidx*)
 .ARM.exidx     0x08011e18        0x8 C:\Users\yasha\AppData\Local\Temp\cccODrOd.ltrans0.ltrans.o
 .ARM.exidx.text.startup
                0x08012008        0x8 C:\Users\yasha\AppData\Local\Temp\cccODrOd.ltrans1.ltrans.o
 .ARM.exidx     0x08011e20       0x10 C:\Users\yasha\AppData\Local\Temp\cccODrOd.ltrans3.ltrans.o
                                  0x8 (size before relaxing)
 .ARM.exidx     0x08011e30        0x8 C:\Users\yasha\AppData\Local\Temp\cccODrOd.ltrans4.ltrans.o
                                 0x50 (size before relaxing)
 .ARM.exidx     0x08011e38        0x8 C:\Users\yasha\AppData\Local\Temp\cccODrOd.ltrans5.ltrans.o
                                 0x40 (size before relaxing)
 .ARM.exidx     0x08011e40       0x20 C:\Users\yasha\AppData\Local\Temp\cccODrOd.ltrans6.ltrans.o
 .ARM.exidx     0x08011e60       0x28 C:\Users\yasha\AppData\Local\Temp\cccODrOd.ltrans8.ltrans.o
                                 0x90 (size before relaxing)
 .ARM.exidx.text.startup
                0x08012010        0x8 C:\Users\yasha\AppData\Local\Temp\cccODrOd.ltrans8.ltrans.o
 .ARM.exidx     0x08011e88       0x10 C:\Users\yasha\AppData\Local\Temp\cccODrOd.ltrans9.ltrans.o
                                 0x50 (size before relaxing)
 .ARM.exidx     0x08011e98       0x20 C:\Users\yasha\AppData\Local\Temp\cccODrOd.ltrans10.ltrans.o
                                 0x40 (size before relaxing)
 .ARM.exidx     0x08011eb8       0x30 C:\Users\yasha\AppData\Local\Temp\cccODrOd.ltrans11.ltrans.o
                                 0x38 (size before relaxing)
 .ARM.exidx     0x08011ee8       0x28 C:\Users\yasha\AppData\Local\Temp\cccODrOd.ltrans12.ltrans.o
                                 0xc0 (size before relaxing)
 .ARM.exidx     0x08011f10       0x10 C:\Users\yasha\AppData\Local\Temp\cccODrOd.ltrans13.ltrans.o
                                 0x18 (size before relaxing)
 .ARM.exidx     0x08011f20       0x28 C:\Users\yasha\AppData\Local\Temp\cccODrOd.ltrans14.ltrans.o
                                 0x40 (size before relaxing)
 .ARM.exidx     0x08011f48       0x10 C:\Users\yasha\AppData\Local\Temp\cccODrOd.ltrans16.ltrans.o
                                  0x8 (size before relaxing)
 .ARM.exidx     0x08011f58        0x0 C:\Users\yasha\AppData\Local\Temp\cccODrOd.ltrans18.ltrans.o
                                 0x70 (size before relaxing)
 .ARM.exidx     0x08011f58        0x0 C:\Users\yasha\AppData\Local\Temp\cccODrOd.ltrans19.ltrans.o
                                  0x8 (size before relaxing)
 .ARM.exidx     0x08011f58        0x0 C:\Users\yasha\AppData\Local\Temp\cccODrOd.ltrans20.ltrans.o
                                 0x18 (size before relaxing)
 .ARM.exidx     0x08011f58        0x0 c:/users/yasha/downloads/cygnus/tools/toolchain/gcc-arm/bin/../lib/gcc/arm-none-eabi/6.3.1/thumb/v7e-m/fpv4-sp/hard\libgcc.a(_udivmoddi4.o)
                                  0x8 (size before relaxing)
 .ARM.exidx     0x08011f58       0x78 c:/users/yasha/downloads/cygnus/tools/toolchain/gcc-arm/bin/../lib/gcc/arm-none-eabi/6.3.1/thumb/v7e-m/fpv4-sp/hard\libgcc.a(unwind-arm.o)
                                 0xd8 (size before relaxing)
 .ARM.exidx     0x08011fd0       0x38 c:/users/yasha/downloads/cygnus/tools/toolchain/gcc-arm/bin/../lib/gcc/arm-none-eabi/6.3.1/thumb/v7e-m/fpv4-sp/hard\libgcc.a(pr-support.o)
                                 0x48 (size before relaxing)
                0x08012018                __exidx_end = .

.rel.dyn        0x08012018        0x0
 .rel.iplt      0x08012018        0x0 ./libs\libpluto_0.3.a(startup_stm32f30x_md_gcc.o)

.preinit_array  0x08012018        0x0
                [!provide]                PROVIDE (__preinit_array_start, .)
 *(.preinit_array*)
                [!provide]                PROVIDE (__preinit_array_end, .)

.init_array     0x08012018        0x4
                [!provide]                PROVIDE (__init_array_start, .)
 *(SORT(.init_array.*))
 *(.init_array*)
 .init_array    0x08012018        0x4 C:\Users\yasha\AppData\Local\Temp\cccODrOd.ltrans8.ltrans.o
                [!provide]                PROVIDE (__init_array_end, .)

.fini_array     0x0801201c        0x0
                [!provide]                PROVIDE (__fini_array_start, .)
 *(.fini_array*)
 *(SORT(.fini_array.*))
                [!provide]                PROVIDE (__fini_array_end, .)
                0x0801201c                _sidata = .

.data           0x20000000      0x4d0 load address 0x0801201c
                0x20000000                . = ALIGN (0x4)
                0x20000000                _sdata = .
 *(.data)
 .data          0x20000000        0xa C:\Users\yasha\AppData\Local\Temp\cccODrOd.ltrans1.ltrans.o
 .data          0x2000000a        0x2 C:\Users\yasha\AppData\Local\Temp\cccODrOd.ltrans3.ltrans.o
                0x2000000a                _ZL18rxIsInFailsafeMode.lto_priv.257
                0x2000000b                _ZL31rxIsInFailsafeModeNotDataDriven.lto_priv.259
 .data          0x2000000c        0x5 C:\Users\yasha\AppData\Local\Temp\cccODrOd.ltrans4.ltrans.o
                0x2000000c                _ZL13rcReadRawFunc.lto_priv.234
                0x20000010                _ZL18isUsingSticksToArm.lto_priv.230
 *fill*         0x20000011        0x3 
 .data          0x20000014        0xc C:\Users\yasha\AppData\Local\Temp\cccODrOd.ltrans5.ltrans.o
 .data          0x20000020       0x2c C:\Users\yasha\AppData\Local\Temp\cccODrOd.ltrans8.ltrans.o
                0x20000020                dcm_matrix
 .data          0x2000004c        0x4 C:\Users\yasha\AppData\Local\Temp\cccODrOd.ltrans9.ltrans.o
                0x2000004c                command_status
                0x2000004e                max_altitude
 .data          0x20000050        0x9 C:\Users\yasha\AppData\Local\Temp\cccODrOd.ltrans10.ltrans.o
                0x20000058                velocityControl
 *fill*         0x20000059        0x3 
 .data          0x2000005c        0x8 C:\Users\yasha\AppData\Local\Temp\cccODrOd.ltrans11.ltrans.o
                0x2000005c                headFreeModeHold
                0x20000060                pid_controller
 .data          0x20000064       0x33 C:\Users\yasha\AppData\Local\Temp\cccODrOd.ltrans13.ltrans.o
                0x20000096                _ZL22standardBoardAlignment.lto_priv.331
 *fill*         0x20000097        0x1 
 .data          0x20000098        0x2 C:\Users\yasha\AppData\Local\Temp\cccODrOd.ltrans14.ltrans.o
                0x20000098                acc_1G
 .data          0x2000009a        0x6 C:\Users\yasha\AppData\Local\Temp\cccODrOd.ltrans20.ltrans.o
                0x2000009a                setLandTimer
                0x2000009c                takeOffHeight
                0x2000009e                landThrottle
 *(.data*)
 .data.__fdlib_version
                0x200000a0        0x1 c:/users/yasha/downloads/cygnus/tools/toolchain/gcc-arm/bin/../lib/gcc/arm-none-eabi/6.3.1/../../../../arm-none-eabi/lib/thumb/v7e-m/fpv4-sp/hard\libm.a(lib_a-s_lib_ver.o)
                0x200000a0                __fdlib_version
 *fill*         0x200000a1        0x3 
 .data._impure_ptr
                0x200000a4        0x4 c:/users/yasha/downloads/cygnus/tools/toolchain/gcc-arm/bin/../lib/gcc/arm-none-eabi/6.3.1/../../../../arm-none-eabi/lib/thumb/v7e-m/fpv4-sp/hard\libc.a(lib_a-impure.o)
                0x200000a4                _impure_ptr
 .data.impure_data
                0x200000a8      0x428 c:/users/yasha/downloads/cygnus/tools/toolchain/gcc-arm/bin/../lib/gcc/arm-none-eabi/6.3.1/../../../../arm-none-eabi/lib/thumb/v7e-m/fpv4-sp/hard\libc.a(lib_a-impure.o)
                0x200004d0                . = ALIGN (0x4)
                0x200004d0                _edata = .

.igot.plt       0x200004d0        0x0 load address 0x080124ec
 .igot.plt      0x200004d0        0x0 ./libs\libpluto_0.3.a(startup_stm32f30x_md_gcc.o)
                0x200004d0                . = ALIGN (0x4)

.bss            0x200004d0     0x1a80 load address 0x080124ec
                0x200004d0                _sbss = .
                0x200004d0                __bss_start__ = _sbss
 *(.bss)
 .bss           0x200004d0       0x5e C:\Users\yasha\AppData\Local\Temp\cccODrOd.ltrans0.ltrans.o
 *fill*         0x2000052e        0x2 
 .bss           0x20000530      0x2ce C:\Users\yasha\AppData\Local\Temp\cccODrOd.ltrans1.ltrans.o
                0x20000550                gyroAlign
                0x200005a4                acc
                0x200005b0                accAlign
                0x20000608                smallAngle
                0x2000060c                previousTime
                0x20000620                _ZL12batteryState.lto_priv.304
                0x20000622                batteryWarningVoltage
                0x20000624                batteryCriticalVoltage
                0x2000063c                _ZL8mspPorts.lto_priv.326
                0x200006d6                _ZL13rxRefreshRate.lto_priv.306
                0x2000071c                _ZL12currentMixer.lto_priv.283
                0x200007dc                motorControlEnable
                0x200007fc                GPIO
                0x200007fd                batteryCellCount
 *fill*         0x200007fe        0x2 
 .bss           0x20000800      0x110 C:\Users\yasha\AppData\Local\Temp\cccODrOd.ltrans3.ltrans.o
                0x20000800                _ZL10rxUpdateAt.lto_priv.256
                0x20000828                _ZL16rxSignalReceived.lto_priv.240
                0x20000829                _ZL29rxSignalReceivedNotDataDriven.lto_priv.258
                0x2000082b                _ZL13rcSampleIndex.lto_priv.305
                0x200008a8                _ZL8rxConfig.lto_priv.323
                0x200008ac                _ZL8disarmAt.lto_priv.236
                0x200008b3                isThrottleStickArmed
                0x200008b4                netAccMagnitude
                0x200008b8                calibratingG
                0x200008ba                AccInflightCalibrationMeasurementDone
                0x200008bb                AccInflightCalibrationSavetoEEProm
                0x200008be                InflightcalibratingA
                0x200008c0                AccInflightCalibrationActive
                0x200008c2                isHeadSet
                0x200008c4                rcInvalidPulsPeriod
                0x2000090c                calibratingB
                0x2000090e                isChukedArmed
                0x2000090f                isTookOff
 .bss           0x20000910      0x683 C:\Users\yasha\AppData\Local\Temp\cccODrOd.ltrans4.ltrans.o
                0x20000912                isUserMotorInit
                0x2000091c                userMotor
                0x2000093c                initInternalMotors
                0x2000093e                motor_disarmed
                0x20000958                rxRuntimeConfigPtr.lto_priv.277
                0x2000095c                rxRuntimeConfig
                0x20000960                masterConfig
                0x20000eb0                spek_chan_shift.lto_priv.276
                0x20000eb1                spek_chan_mask.lto_priv.278
                0x20000eb2                spekHiRes.lto_priv.193
                0x20000eb4                _ZL8ms5611_c.lto_priv.187
                0x20000ec4                baro
                0x20000edc                _ZL17escAndServoConfig.lto_priv.227
                0x20000ee0                _ZL10pidProfile.lto_priv.228
                0x20000ee4                _ZL19activeFeaturesLatch.lto_priv.195
                0x20000ee8                rcData
                0x20000f0c                _ZL5uart2.lto_priv.249
                0x20000f10                omega_I
                0x20000f1c                omega_P
                0x20000f28                omega_yaw_P
                0x20000f34                omega
                0x20000f40                anglerad
                0x20000f4c                currentTime
                0x20000f54                compassLastUpdatedAt
                0x20000f58                magADC
                0x20000f60                mag
                0x20000f68                magAlign
                0x20000f69                stateFlags
                0x20000f70                have_initial_yaw
                0x20000f84                _ZL7magInit.lto_priv.327
                0x20000f88                _ZL5uart3.lto_priv.250
                0x20000f8c                UART
                0x20000f8d                spi
                0x20000f92                Motor
 *fill*         0x20000f93        0x1 
 .bss           0x20000f94      0x239 C:\Users\yasha\AppData\Local\Temp\cccODrOd.ltrans5.ltrans.o
                0x20000fdc                _ZL8captures.lto_priv.194
                0x20000ff4                _ZL13ppmFrameCount.lto_priv.260
                0x20000ff8                _ZL6motors.lto_priv.212
                0x200011cc                _ZL18inputFilteringMode.lto_priv.286
 *fill*         0x200011cd        0x3 
 .bss           0x200011d0       0x98 C:\Users\yasha\AppData\Local\Temp\cccODrOd.ltrans6.ltrans.o
                0x200011d0                _ZL14enabledSensors.lto_priv.226
                0x200011d4                _ZL16activeBoxIdCount.lto_priv.325
                0x200011d5                _ZL12activeBoxIds.lto_priv.324
                0x200011f2                accSmooth
                0x200011f8                gyroADC
                0x200011fe                motor
                0x20001216                inclination_generalised
                0x2000121c                heading
                0x20001220                _ZL6EstAlt.lto_priv.224
                0x20001224                vario
                0x20001228                mAhDrawn
                0x2000122c                rssi
                0x20001230                amperage
                0x20001234                _ZL15serialPortCount.lto_priv.333
                0x20001238                _ZL19serialPortUsageList.lto_priv.210
 .bss           0x20001268       0xb9 C:\Users\yasha\AppData\Local\Temp\cccODrOd.ltrans8.ltrans.o
                0x20001268                extiHandlerConfigs.lto_priv.334
                0x20001270                _ZL13mspSerialPort.lto_priv.242
                0x20001276                lookupThrottleRC
                0x2000128e                lookupPitchRollRC
                0x2000129c                _ZL10beeperIsOn.lto_priv.247
                0x200012a0                _ZL20beeperNextToggleTime.lto_priv.246
                0x200012a4                _ZL9beeperPos.lto_priv.248
                0x200012a8                _ZL18currentBeeperEntry.lto_priv.245
                0x200012c4                usTicks.lto_priv.335
                0x200012c8                cycleTime
                0x200012ca                motorCount
                0x200012ee                accADC
                0x200012f4                ra_deltaT
                0x20001314                ra_sum
                0x20001320                _ZL15warningLedState.lto_priv.244
 *fill*         0x20001321        0x7 
 .bss           0x20001328      0x271 C:\Users\yasha\AppData\Local\Temp\cccODrOd.ltrans9.ltrans.o
                0x20001361                _ZL16xBusChannelCount.lto_priv.316
                0x20001362                _ZL17xBusFrameReceived.lto_priv.262
                0x20001364                spekChannelData.lto_priv.279
                0x20001394                sumhChannels.lto_priv.265
                0x200013b4                sumdChannels.lto_priv.270
                0x200013d4                sbusChannelData.lto_priv.273
                0x20001444                _ZL17xBusFramePosition.lto_priv.314
                0x20001445                _ZL16xBusDataIncoming.lto_priv.313
                0x20001446                _ZL15xBusFrameLength.lto_priv.315
                0x20001447                _ZL12xBusProvider.lto_priv.317
                0x2000144d                spekFrame.lto_priv.275
                0x2000145d                rcFrameComplete.lto_priv.274
                0x20001465                sumhFrame.lto_priv.264
                0x2000147a                sumhFrameDone.lto_priv.263
                0x20001481                sumdFrameDone.lto_priv.266
                0x20001482                crc.lto_priv.267
                0x20001484                sumdChannelCount.lto_priv.268
                0x20001485                sumd.lto_priv.269
                0x200014b1                sbusFrame.lto_priv.272
                0x200014ca                sbusFrameDone.lto_priv.271
                0x200014cc                batteryConfig
                0x200014d0                adcConfig
                0x200014e0                adcValues
                0x200014e8                vbatLatestADC
                0x20001578                vbat
                0x2000157c                _ZL20suspendRxSignalUntil.lto_priv.233
                0x20001580                _ZL13skipRxSamples.lto_priv.232
                0x20001584                _ZL11currentPort.lto_priv.206
                0x20001588                armingFlags
                0x2000158a                magHold
                0x2000158c                rxMspFrameDone.lto_priv.261
                0x2000158d                isLanding
                0x2000158e                current_command
                0x20001590                calibratingA
                0x20001594                _ZL12serialConfig.lto_priv.211
                0x20001598                _ZL17isRebootScheduled.lto_priv.243
 *fill*         0x20001599        0x3 
 .bss           0x2000159c      0x104 C:\Users\yasha\AppData\Local\Temp\cccODrOd.ltrans10.ltrans.o
                0x200015f4                gyro
                0x20001618                _ZL19initialThrottleHold.lto_priv.239
                0x2000161c                errorVelocityI
                0x20001620                altHoldThrottleAdjustment
                0x20001628                baroGroundTemperature
                0x2000162c                baroGroundPressure
                0x20001694                AltHold
                0x20001698                setVelocity
 .bss           0x200016a0       0xc0 C:\Users\yasha\AppData\Local\Temp\cccODrOd.ltrans11.ltrans.o
                0x200016c0                rcCommand
                0x200016c8                PIDweight
                0x200016cc                _ZL10PTermState.lto_priv.220
                0x200016d8                _ZL10errorGyroI.lto_priv.218
                0x200016ea                axisPID
                0x200016f0                _ZL11errorAngleI.lto_priv.219
                0x200016f8                dynP8
                0x20001710                _ZL10DTermState.lto_priv.221
                0x2000171c                dynD8
                0x20001730                _ZL11errorGyroIf.lto_priv.222
                0x2000173c                _ZL12errorAngleIf.lto_priv.223
                0x2000174c                accZoffsetCalCycle
 .bss           0x20001760      0x2b0 C:\Users\yasha\AppData\Local\Temp\cccODrOd.ltrans12.ltrans.o
                0x20001760                currentControlRateProfile
                0x20001764                lookupYawRC
                0x20001774                currentProfile
                0x20001778                _ZL30currentControlRateProfileIndex.lto_priv.229
                0x2000177c                _ZL8rxConfig.lto_priv.186
                0x20001780                adjustmentStates
                0x200017b0                _ZL10gyroConfig.lto_priv.252
                0x200017b4                _ZL14failsafeConfig.lto_priv.231
                0x200017b8                _ZL13failsafeState.lto_priv.196
                0x200017dc                crashTimer
                0x200017e8                _ZL17accelerationTrims.lto_priv.251
                0x200017ec                _ZL14flight3DConfig.lto_priv.238
                0x200017f0                _ZL17escAndServoConfig.lto_priv.184
                0x200017f4                _ZL11mixerConfig.lto_priv.237
                0x200017f8                _ZL8rxConfig.lto_priv.185
                0x2000180c                _ZL16imuRuntimeConfig.lto_priv.213
                0x20001810                _ZL11accDeadband.lto_priv.214
                0x20001814                throttleAngleScale
                0x20001818                _ZL10pidProfile.lto_priv.177
                0x2000181c                _ZL16rcControlsConfig.lto_priv.181
                0x20001820                _ZL17escAndServoConfig.lto_priv.183
                0x20001824                _ZL8_updated.lto_priv.253
                0x20001828                temperatureSum
                0x2000182c                temperatureCount
                0x20001830                _ZL11pressureSum.lto_priv.254
                0x20001834                _ZL13pressureCount.lto_priv.255
                0x20001838                baroTemperature
                0x2000183c                baroPressure
                0x20001840                sysTickUptime.lto_priv.192
                0x20001844                _ZL12_last_update.lto_priv.225
                0x20001850                timerConfig
                0x20001968                uartPort2.lto_priv.189
                0x200019bc                uartPort1.lto_priv.188
 .bss           0x20001a10      0x110 C:\Users\yasha\AppData\Local\Temp\cccODrOd.ltrans13.ltrans.o
                0x20001a14                new_position
                0x20001a38                accSum
                0x20001a44                accSumXYZ
                0x20001a50                accSumCountXYZ
                0x20001a54                accTimeSum
                0x20001aa0                accVelScale
                0x20001aa4                k3
                0x20001aa8                k2
                0x20001aac                k1
                0x20001acc                flipState
                0x20001ad0                flipStartTime
                0x20001ad4                rcModeActivationMask
                0x20001ad8                VelocityZ
                0x20001adc                flipDirection
                0x20001ae0                stateon
                0x20001ae4                inclination
                0x20001af0                _ZL13boardRotation.lto_priv.332
                0x20001b14                posZ
                0x20001b16                posY
                0x20001b18                posX
                0x20001b1c                accSumCount
 .bss           0x20001b20       0x20 C:\Users\yasha\AppData\Local\Temp\cccODrOd.ltrans14.ltrans.o
                0x20001b20                i2c1ErrorCount.lto_priv.204
                0x20001b22                i2c2ErrorCount.lto_priv.205
                0x20001b24                mpuConfiguration
                0x20001b34                _ZL16mpuIntExtiConfig.lto_priv.328
                0x20001b3c                I2Cx.lto_priv.203
 .bss           0x20001b40      0x400 C:\Users\yasha\AppData\Local\Temp\cccODrOd.ltrans15.ltrans.o
 .bss           0x20001f40        0x4 C:\Users\yasha\AppData\Local\Temp\cccODrOd.ltrans16.ltrans.o
 .bss           0x20001f44        0x4 C:\Users\yasha\AppData\Local\Temp\cccODrOd.ltrans18.ltrans.o
                0x20001f44                flightIndicatorFlag
                0x20001f46                flightModeFlags
 .bss           0x20001f48        0x3 C:\Users\yasha\AppData\Local\Temp\cccODrOd.ltrans20.ltrans.o
                0x20001f48                isCalibrated
                0x20001f49                _ZL12isBatteryLow.lto_priv.241
                0x20001f4a                isTakeOffHeightSet
 *(SORT(.bss*))
 *(COMMON)
 *fill*         0x20001f4b        0x1 
 COMMON         0x20001f4c        0x4 c:/users/yasha/downloads/cygnus/tools/toolchain/gcc-arm/bin/../lib/gcc/arm-none-eabi/6.3.1/../../../../arm-none-eabi/lib/thumb/v7e-m/fpv4-sp/hard\libg.a(lib_a-reent.o)
                0x20001f4c                errno
                0x20001f50                . = ALIGN (0x4)
                0x20001f50                _ebss = .
                0x20001f50                __bss_end__ = _ebss

._user_heap_stack
                0x20001f50      0x400 load address 0x080124ec
                0x20001f50                . = ALIGN (0x4)
                0x20001f50                PROVIDE (end, .)
                [!provide]                PROVIDE (_end, .)
                0x20001f50                . = (. + _Min_Heap_Size)
                0x20002350                . = (. + _Min_Stack_Size)
 *fill*         0x20001f50      0x400 
                0x20002350                . = ALIGN (0x4)

.memory_b1_text
 *(.mb1text)
 *(.mb1text*)
 *(.mb1rodata)
 *(.mb1rodata*)

/DISCARD/
 libc.a(*)
 libm.a(*)
 libgcc.a(*)

.ARM.attributes
                0x00000000       0x37
 *(.ARM.attributes)
 .ARM.attributes
                0x00000000       0x37 C:\Users\yasha\AppData\Local\Temp\cccODrOd.ltrans0.ltrans.o
 .ARM.attributes
                0x00000037       0x37 C:\Users\yasha\AppData\Local\Temp\cccODrOd.ltrans1.ltrans.o
 .ARM.attributes
                0x0000006e       0x37 C:\Users\yasha\AppData\Local\Temp\cccODrOd.ltrans3.ltrans.o
 .ARM.attributes
                0x000000a5       0x37 C:\Users\yasha\AppData\Local\Temp\cccODrOd.ltrans4.ltrans.o
 .ARM.attributes
                0x000000dc       0x37 C:\Users\yasha\AppData\Local\Temp\cccODrOd.ltrans5.ltrans.o
 .ARM.attributes
                0x00000113       0x37 C:\Users\yasha\AppData\Local\Temp\cccODrOd.ltrans6.ltrans.o
 .ARM.attributes
                0x0000014a       0x37 C:\Users\yasha\AppData\Local\Temp\cccODrOd.ltrans8.ltrans.o
 .ARM.attributes
                0x00000181       0x37 C:\Users\yasha\AppData\Local\Temp\cccODrOd.ltrans9.ltrans.o
 .ARM.attributes
                0x000001b8       0x37 C:\Users\yasha\AppData\Local\Temp\cccODrOd.ltrans10.ltrans.o
 .ARM.attributes
                0x000001ef       0x37 C:\Users\yasha\AppData\Local\Temp\cccODrOd.ltrans11.ltrans.o
 .ARM.attributes
                0x00000226       0x37 C:\Users\yasha\AppData\Local\Temp\cccODrOd.ltrans12.ltrans.o
 .ARM.attributes
                0x0000025d       0x37 C:\Users\yasha\AppData\Local\Temp\cccODrOd.ltrans13.ltrans.o
 .ARM.attributes
                0x00000294       0x37 C:\Users\yasha\AppData\Local\Temp\cccODrOd.ltrans14.ltrans.o
 .ARM.attributes
                0x000002cb       0x37 C:\Users\yasha\AppData\Local\Temp\cccODrOd.ltrans15.ltrans.o
 .ARM.attributes
                0x00000302       0x37 C:\Users\yasha\AppData\Local\Temp\cccODrOd.ltrans16.ltrans.o
 .ARM.attributes
                0x00000339       0x37 C:\Users\yasha\AppData\Local\Temp\cccODrOd.ltrans17.ltrans.o
 .ARM.attributes
                0x00000370       0x37 C:\Users\yasha\AppData\Local\Temp\cccODrOd.ltrans18.ltrans.o
 .ARM.attributes
                0x000003a7       0x37 C:\Users\yasha\AppData\Local\Temp\cccODrOd.ltrans19.ltrans.o
 .ARM.attributes
                0x000003de       0x37 C:\Users\yasha\AppData\Local\Temp\cccODrOd.ltrans20.ltrans.o
 .ARM.attributes
                0x00000415       0x21 ./libs\libpluto_0.3.a(startup_stm32f30x_md_gcc.o)
 .ARM.attributes
                0x00000436       0x34 c:/users/yasha/downloads/cygnus/tools/toolchain/gcc-arm/bin/../lib/gcc/arm-none-eabi/6.3.1/../../../../arm-none-eabi/lib/thumb/v7e-m/fpv4-sp/hard\libm.a(lib_a-sf_cos.o)
 .ARM.attributes
                0x0000046a       0x34 c:/users/yasha/downloads/cygnus/tools/toolchain/gcc-arm/bin/../lib/gcc/arm-none-eabi/6.3.1/../../../../arm-none-eabi/lib/thumb/v7e-m/fpv4-sp/hard\libm.a(lib_a-sf_lrint.o)
 .ARM.attributes
                0x0000049e       0x34 c:/users/yasha/downloads/cygnus/tools/toolchain/gcc-arm/bin/../lib/gcc/arm-none-eabi/6.3.1/../../../../arm-none-eabi/lib/thumb/v7e-m/fpv4-sp/hard\libm.a(lib_a-sf_sin.o)
 .ARM.attributes
                0x000004d2       0x34 c:/users/yasha/downloads/cygnus/tools/toolchain/gcc-arm/bin/../lib/gcc/arm-none-eabi/6.3.1/../../../../arm-none-eabi/lib/thumb/v7e-m/fpv4-sp/hard\libm.a(lib_a-wf_acos.o)
 .ARM.attributes
                0x00000506       0x34 c:/users/yasha/downloads/cygnus/tools/toolchain/gcc-arm/bin/../lib/gcc/arm-none-eabi/6.3.1/../../../../arm-none-eabi/lib/thumb/v7e-m/fpv4-sp/hard\libm.a(lib_a-wf_asin.o)
 .ARM.attributes
                0x0000053a       0x34 c:/users/yasha/downloads/cygnus/tools/toolchain/gcc-arm/bin/../lib/gcc/arm-none-eabi/6.3.1/../../../../arm-none-eabi/lib/thumb/v7e-m/fpv4-sp/hard\libm.a(lib_a-wf_atan2.o)
 .ARM.attributes
                0x0000056e       0x34 c:/users/yasha/downloads/cygnus/tools/toolchain/gcc-arm/bin/../lib/gcc/arm-none-eabi/6.3.1/../../../../arm-none-eabi/lib/thumb/v7e-m/fpv4-sp/hard\libm.a(lib_a-wf_log.o)
 .ARM.attributes
                0x000005a2       0x34 c:/users/yasha/downloads/cygnus/tools/toolchain/gcc-arm/bin/../lib/gcc/arm-none-eabi/6.3.1/../../../../arm-none-eabi/lib/thumb/v7e-m/fpv4-sp/hard\libm.a(lib_a-wf_sqrt.o)
 .ARM.attributes
                0x000005d6       0x34 c:/users/yasha/downloads/cygnus/tools/toolchain/gcc-arm/bin/../lib/gcc/arm-none-eabi/6.3.1/../../../../arm-none-eabi/lib/thumb/v7e-m/fpv4-sp/hard\libm.a(lib_a-ef_acos.o)
 .ARM.attributes
                0x0000060a       0x34 c:/users/yasha/downloads/cygnus/tools/toolchain/gcc-arm/bin/../lib/gcc/arm-none-eabi/6.3.1/../../../../arm-none-eabi/lib/thumb/v7e-m/fpv4-sp/hard\libm.a(lib_a-ef_asin.o)
 .ARM.attributes
                0x0000063e       0x34 c:/users/yasha/downloads/cygnus/tools/toolchain/gcc-arm/bin/../lib/gcc/arm-none-eabi/6.3.1/../../../../arm-none-eabi/lib/thumb/v7e-m/fpv4-sp/hard\libm.a(lib_a-ef_atan2.o)
 .ARM.attributes
                0x00000672       0x34 c:/users/yasha/downloads/cygnus/tools/toolchain/gcc-arm/bin/../lib/gcc/arm-none-eabi/6.3.1/../../../../arm-none-eabi/lib/thumb/v7e-m/fpv4-sp/hard\libm.a(lib_a-ef_log.o)
 .ARM.attributes
                0x000006a6       0x34 c:/users/yasha/downloads/cygnus/tools/toolchain/gcc-arm/bin/../lib/gcc/arm-none-eabi/6.3.1/../../../../arm-none-eabi/lib/thumb/v7e-m/fpv4-sp/hard\libm.a(lib_a-ef_rem_pio2.o)
 .ARM.attributes
                0x000006da       0x34 c:/users/yasha/downloads/cygnus/tools/toolchain/gcc-arm/bin/../lib/gcc/arm-none-eabi/6.3.1/../../../../arm-none-eabi/lib/thumb/v7e-m/fpv4-sp/hard\libm.a(lib_a-ef_sqrt.o)
 .ARM.attributes
                0x0000070e       0x34 c:/users/yasha/downloads/cygnus/tools/toolchain/gcc-arm/bin/../lib/gcc/arm-none-eabi/6.3.1/../../../../arm-none-eabi/lib/thumb/v7e-m/fpv4-sp/hard\libm.a(lib_a-kf_cos.o)
 .ARM.attributes
                0x00000742       0x34 c:/users/yasha/downloads/cygnus/tools/toolchain/gcc-arm/bin/../lib/gcc/arm-none-eabi/6.3.1/../../../../arm-none-eabi/lib/thumb/v7e-m/fpv4-sp/hard\libm.a(lib_a-kf_rem_pio2.o)
 .ARM.attributes
                0x00000776       0x34 c:/users/yasha/downloads/cygnus/tools/toolchain/gcc-arm/bin/../lib/gcc/arm-none-eabi/6.3.1/../../../../arm-none-eabi/lib/thumb/v7e-m/fpv4-sp/hard\libm.a(lib_a-kf_sin.o)
 .ARM.attributes
                0x000007aa       0x34 c:/users/yasha/downloads/cygnus/tools/toolchain/gcc-arm/bin/../lib/gcc/arm-none-eabi/6.3.1/../../../../arm-none-eabi/lib/thumb/v7e-m/fpv4-sp/hard\libm.a(lib_a-s_lib_ver.o)
 .ARM.attributes
                0x000007de       0x34 c:/users/yasha/downloads/cygnus/tools/toolchain/gcc-arm/bin/../lib/gcc/arm-none-eabi/6.3.1/../../../../arm-none-eabi/lib/thumb/v7e-m/fpv4-sp/hard\libm.a(lib_a-s_matherr.o)
 .ARM.attributes
                0x00000812       0x34 c:/users/yasha/downloads/cygnus/tools/toolchain/gcc-arm/bin/../lib/gcc/arm-none-eabi/6.3.1/../../../../arm-none-eabi/lib/thumb/v7e-m/fpv4-sp/hard\libm.a(lib_a-s_nan.o)
 .ARM.attributes
                0x00000846       0x34 c:/users/yasha/downloads/cygnus/tools/toolchain/gcc-arm/bin/../lib/gcc/arm-none-eabi/6.3.1/../../../../arm-none-eabi/lib/thumb/v7e-m/fpv4-sp/hard\libm.a(lib_a-sf_atan.o)
 .ARM.attributes
                0x0000087a       0x34 c:/users/yasha/downloads/cygnus/tools/toolchain/gcc-arm/bin/../lib/gcc/arm-none-eabi/6.3.1/../../../../arm-none-eabi/lib/thumb/v7e-m/fpv4-sp/hard\libm.a(lib_a-sf_fabs.o)
 .ARM.attributes
                0x000008ae       0x34 c:/users/yasha/downloads/cygnus/tools/toolchain/gcc-arm/bin/../lib/gcc/arm-none-eabi/6.3.1/../../../../arm-none-eabi/lib/thumb/v7e-m/fpv4-sp/hard\libm.a(lib_a-sf_floor.o)
 .ARM.attributes
                0x000008e2       0x34 c:/users/yasha/downloads/cygnus/tools/toolchain/gcc-arm/bin/../lib/gcc/arm-none-eabi/6.3.1/../../../../arm-none-eabi/lib/thumb/v7e-m/fpv4-sp/hard\libm.a(lib_a-sf_scalbn.o)
 .ARM.attributes
                0x00000916       0x34 c:/users/yasha/downloads/cygnus/tools/toolchain/gcc-arm/bin/../lib/gcc/arm-none-eabi/6.3.1/../../../../arm-none-eabi/lib/thumb/v7e-m/fpv4-sp/hard\libm.a(lib_a-sf_copysign.o)
 .ARM.attributes
                0x0000094a       0x34 c:/users/yasha/downloads/cygnus/tools/toolchain/gcc-arm/bin/../lib/gcc/arm-none-eabi/6.3.1/../../../../arm-none-eabi/lib/thumb/v7e-m/fpv4-sp/hard\libc.a(lib_a-errno.o)
 .ARM.attributes
                0x0000097e       0x34 c:/users/yasha/downloads/cygnus/tools/toolchain/gcc-arm/bin/../lib/gcc/arm-none-eabi/6.3.1/../../../../arm-none-eabi/lib/thumb/v7e-m/fpv4-sp/hard\libc.a(lib_a-impure.o)
 .ARM.attributes
                0x000009b2       0x20 c:/users/yasha/downloads/cygnus/tools/toolchain/gcc-arm/bin/../lib/gcc/arm-none-eabi/6.3.1/../../../../arm-none-eabi/lib/thumb/v7e-m/fpv4-sp/hard\libc.a(lib_a-memcpy.o)
 .ARM.attributes
                0x000009d2       0x34 c:/users/yasha/downloads/cygnus/tools/toolchain/gcc-arm/bin/../lib/gcc/arm-none-eabi/6.3.1/../../../../arm-none-eabi/lib/thumb/v7e-m/fpv4-sp/hard\libc.a(lib_a-memset.o)
 .ARM.attributes
                0x00000a06       0x34 c:/users/yasha/downloads/cygnus/tools/toolchain/gcc-arm/bin/../lib/gcc/arm-none-eabi/6.3.1/../../../../arm-none-eabi/lib/thumb/v7e-m/fpv4-sp/hard\libc.a(lib_a-strchr.o)
 .ARM.attributes
                0x00000a3a       0x20 c:/users/yasha/downloads/cygnus/tools/toolchain/gcc-arm/bin/../lib/gcc/arm-none-eabi/6.3.1/../../../../arm-none-eabi/lib/thumb/v7e-m/fpv4-sp/hard\libc.a(lib_a-strlen.o)
 .ARM.attributes
                0x00000a5a       0x22 c:/users/yasha/downloads/cygnus/tools/toolchain/gcc-arm/bin/../lib/gcc/arm-none-eabi/6.3.1/thumb/v7e-m/fpv4-sp/hard\libgcc.a(_ashrdi3.o)
 .ARM.attributes
                0x00000a7c       0x22 c:/users/yasha/downloads/cygnus/tools/toolchain/gcc-arm/bin/../lib/gcc/arm-none-eabi/6.3.1/thumb/v7e-m/fpv4-sp/hard\libgcc.a(_arm_addsubdf3.o)
 .ARM.attributes
                0x00000a9e       0x22 c:/users/yasha/downloads/cygnus/tools/toolchain/gcc-arm/bin/../lib/gcc/arm-none-eabi/6.3.1/thumb/v7e-m/fpv4-sp/hard\libgcc.a(_arm_muldivdf3.o)
 .ARM.attributes
                0x00000ac0       0x22 c:/users/yasha/downloads/cygnus/tools/toolchain/gcc-arm/bin/../lib/gcc/arm-none-eabi/6.3.1/thumb/v7e-m/fpv4-sp/hard\libgcc.a(_arm_truncdfsf2.o)
 .ARM.attributes
                0x00000ae2       0x22 c:/users/yasha/downloads/cygnus/tools/toolchain/gcc-arm/bin/../lib/gcc/arm-none-eabi/6.3.1/thumb/v7e-m/fpv4-sp/hard\libgcc.a(_aeabi_ldivmod.o)
 .ARM.attributes
                0x00000b04       0x34 c:/users/yasha/downloads/cygnus/tools/toolchain/gcc-arm/bin/../lib/gcc/arm-none-eabi/6.3.1/thumb/v7e-m/fpv4-sp/hard\libgcc.a(_fixsfdi.o)
 .ARM.attributes
                0x00000b38       0x34 c:/users/yasha/downloads/cygnus/tools/toolchain/gcc-arm/bin/../lib/gcc/arm-none-eabi/6.3.1/thumb/v7e-m/fpv4-sp/hard\libgcc.a(_fixunssfdi.o)
 .ARM.attributes
                0x00000b6c       0x34 c:/users/yasha/downloads/cygnus/tools/toolchain/gcc-arm/bin/../lib/gcc/arm-none-eabi/6.3.1/thumb/v7e-m/fpv4-sp/hard\libgcc.a(_udivmoddi4.o)
 .ARM.attributes
                0x00000ba0       0x22 c:/users/yasha/downloads/cygnus/tools/toolchain/gcc-arm/bin/../lib/gcc/arm-none-eabi/6.3.1/thumb/v7e-m/fpv4-sp/hard\libgcc.a(_dvmd_tls.o)
 .ARM.attributes
                0x00000bc2       0x22 c:/users/yasha/downloads/cygnus/tools/toolchain/gcc-arm/bin/../lib/gcc/arm-none-eabi/6.3.1/thumb/v7e-m/fpv4-sp/hard\libgcc.a(_arm_fixunsdfsi.o)
OUTPUT(obj/Experience_PLUTOX.elf elf32-littlearm)

.debug_info     0x00000000    0x28c31
 .debug_info    0x00000000     0x6d8f C:\Users\yasha\AppData\Local\Temp\cccODrOd.ltrans0.ltrans.o
 .debug_info    0x00006d8f     0x4084 C:\Users\yasha\AppData\Local\Temp\cccODrOd.ltrans1.ltrans.o
 .debug_info    0x0000ae13     0x1f48 C:\Users\yasha\AppData\Local\Temp\cccODrOd.ltrans3.ltrans.o
 .debug_info    0x0000cd5b     0x4414 C:\Users\yasha\AppData\Local\Temp\cccODrOd.ltrans4.ltrans.o
 .debug_info    0x0001116f     0x2ece C:\Users\yasha\AppData\Local\Temp\cccODrOd.ltrans5.ltrans.o
 .debug_info    0x0001403d     0x1422 C:\Users\yasha\AppData\Local\Temp\cccODrOd.ltrans6.ltrans.o
 .debug_info    0x0001545f     0x20cb C:\Users\yasha\AppData\Local\Temp\cccODrOd.ltrans8.ltrans.o
 .debug_info    0x0001752a     0x21a8 C:\Users\yasha\AppData\Local\Temp\cccODrOd.ltrans9.ltrans.o
 .debug_info    0x000196d2     0x1499 C:\Users\yasha\AppData\Local\Temp\cccODrOd.ltrans10.ltrans.o
 .debug_info    0x0001ab6b     0x1456 C:\Users\yasha\AppData\Local\Temp\cccODrOd.ltrans11.ltrans.o
 .debug_info    0x0001bfc1     0x3395 C:\Users\yasha\AppData\Local\Temp\cccODrOd.ltrans12.ltrans.o
 .debug_info    0x0001f356      0xbc8 C:\Users\yasha\AppData\Local\Temp\cccODrOd.ltrans13.ltrans.o
 .debug_info    0x0001ff1e     0x1c13 C:\Users\yasha\AppData\Local\Temp\cccODrOd.ltrans14.ltrans.o
 .debug_info    0x00021b31     0x1909 C:\Users\yasha\AppData\Local\Temp\cccODrOd.ltrans15.ltrans.o
 .debug_info    0x0002343a      0xbdd C:\Users\yasha\AppData\Local\Temp\cccODrOd.ltrans16.ltrans.o
 .debug_info    0x00024017     0x1c34 C:\Users\yasha\AppData\Local\Temp\cccODrOd.ltrans17.ltrans.o
 .debug_info    0x00025c4b     0x13bf C:\Users\yasha\AppData\Local\Temp\cccODrOd.ltrans18.ltrans.o
 .debug_info    0x0002700a     0x197d C:\Users\yasha\AppData\Local\Temp\cccODrOd.ltrans19.ltrans.o
 .debug_info    0x00028987      0x2aa C:\Users\yasha\AppData\Local\Temp\cccODrOd.ltrans20.ltrans.o

.debug_abbrev   0x00000000     0x4e46
 .debug_abbrev  0x00000000      0x522 C:\Users\yasha\AppData\Local\Temp\cccODrOd.ltrans0.ltrans.o
 .debug_abbrev  0x00000522      0x57a C:\Users\yasha\AppData\Local\Temp\cccODrOd.ltrans1.ltrans.o
 .debug_abbrev  0x00000a9c      0x35c C:\Users\yasha\AppData\Local\Temp\cccODrOd.ltrans3.ltrans.o
 .debug_abbrev  0x00000df8      0x580 C:\Users\yasha\AppData\Local\Temp\cccODrOd.ltrans4.ltrans.o
 .debug_abbrev  0x00001378      0x4bb C:\Users\yasha\AppData\Local\Temp\cccODrOd.ltrans5.ltrans.o
 .debug_abbrev  0x00001833      0x388 C:\Users\yasha\AppData\Local\Temp\cccODrOd.ltrans6.ltrans.o
 .debug_abbrev  0x00001bbb      0x5b3 C:\Users\yasha\AppData\Local\Temp\cccODrOd.ltrans8.ltrans.o
 .debug_abbrev  0x0000216e      0x55b C:\Users\yasha\AppData\Local\Temp\cccODrOd.ltrans9.ltrans.o
 .debug_abbrev  0x000026c9      0x3f8 C:\Users\yasha\AppData\Local\Temp\cccODrOd.ltrans10.ltrans.o
 .debug_abbrev  0x00002ac1      0x351 C:\Users\yasha\AppData\Local\Temp\cccODrOd.ltrans11.ltrans.o
 .debug_abbrev  0x00002e12      0x62d C:\Users\yasha\AppData\Local\Temp\cccODrOd.ltrans12.ltrans.o
 .debug_abbrev  0x0000343f      0x343 C:\Users\yasha\AppData\Local\Temp\cccODrOd.ltrans13.ltrans.o
 .debug_abbrev  0x00003782      0x3cf C:\Users\yasha\AppData\Local\Temp\cccODrOd.ltrans14.ltrans.o
 .debug_abbrev  0x00003b51      0x40f C:\Users\yasha\AppData\Local\Temp\cccODrOd.ltrans15.ltrans.o
 .debug_abbrev  0x00003f60      0x23e C:\Users\yasha\AppData\Local\Temp\cccODrOd.ltrans16.ltrans.o
 .debug_abbrev  0x0000419e      0x35f C:\Users\yasha\AppData\Local\Temp\cccODrOd.ltrans17.ltrans.o
 .debug_abbrev  0x000044fd      0x470 C:\Users\yasha\AppData\Local\Temp\cccODrOd.ltrans18.ltrans.o
 .debug_abbrev  0x0000496d      0x37d C:\Users\yasha\AppData\Local\Temp\cccODrOd.ltrans19.ltrans.o
 .debug_abbrev  0x00004cea      0x15c C:\Users\yasha\AppData\Local\Temp\cccODrOd.ltrans20.ltrans.o

.debug_loc      0x00000000    0x123ab
 .debug_loc     0x00000000     0x22f1 C:\Users\yasha\AppData\Local\Temp\cccODrOd.ltrans0.ltrans.o
 .debug_loc     0x000022f1     0x20f0 C:\Users\yasha\AppData\Local\Temp\cccODrOd.ltrans1.ltrans.o
 .debug_loc     0x000043e1     0x11c2 C:\Users\yasha\AppData\Local\Temp\cccODrOd.ltrans3.ltrans.o
 .debug_loc     0x000055a3     0x133f C:\Users\yasha\AppData\Local\Temp\cccODrOd.ltrans4.ltrans.o
 .debug_loc     0x000068e2     0x186f C:\Users\yasha\AppData\Local\Temp\cccODrOd.ltrans5.ltrans.o
 .debug_loc     0x00008151      0xcb1 C:\Users\yasha\AppData\Local\Temp\cccODrOd.ltrans6.ltrans.o
 .debug_loc     0x00008e02      0xe86 C:\Users\yasha\AppData\Local\Temp\cccODrOd.ltrans8.ltrans.o
 .debug_loc     0x00009c88      0xc05 C:\Users\yasha\AppData\Local\Temp\cccODrOd.ltrans9.ltrans.o
 .debug_loc     0x0000a88d      0xfc9 C:\Users\yasha\AppData\Local\Temp\cccODrOd.ltrans10.ltrans.o
 .debug_loc     0x0000b856     0x1414 C:\Users\yasha\AppData\Local\Temp\cccODrOd.ltrans11.ltrans.o
 .debug_loc     0x0000cc6a      0x7ee C:\Users\yasha\AppData\Local\Temp\cccODrOd.ltrans12.ltrans.o
 .debug_loc     0x0000d458      0x54c C:\Users\yasha\AppData\Local\Temp\cccODrOd.ltrans13.ltrans.o
 .debug_loc     0x0000d9a4      0xd65 C:\Users\yasha\AppData\Local\Temp\cccODrOd.ltrans14.ltrans.o
 .debug_loc     0x0000e709      0xdd1 C:\Users\yasha\AppData\Local\Temp\cccODrOd.ltrans15.ltrans.o
 .debug_loc     0x0000f4da      0x500 C:\Users\yasha\AppData\Local\Temp\cccODrOd.ltrans16.ltrans.o
 .debug_loc     0x0000f9da     0x162e C:\Users\yasha\AppData\Local\Temp\cccODrOd.ltrans17.ltrans.o
 .debug_loc     0x00011008      0x974 C:\Users\yasha\AppData\Local\Temp\cccODrOd.ltrans18.ltrans.o
 .debug_loc     0x0001197c      0xa2f C:\Users\yasha\AppData\Local\Temp\cccODrOd.ltrans19.ltrans.o

.debug_aranges  0x00000000      0x270
 .debug_aranges
                0x00000000       0x20 C:\Users\yasha\AppData\Local\Temp\cccODrOd.ltrans0.ltrans.o
 .debug_aranges
                0x00000020       0x20 C:\Users\yasha\AppData\Local\Temp\cccODrOd.ltrans1.ltrans.o
 .debug_aranges
                0x00000040       0x20 C:\Users\yasha\AppData\Local\Temp\cccODrOd.ltrans3.ltrans.o
 .debug_aranges
                0x00000060       0x28 C:\Users\yasha\AppData\Local\Temp\cccODrOd.ltrans4.ltrans.o
 .debug_aranges
                0x00000088       0x20 C:\Users\yasha\AppData\Local\Temp\cccODrOd.ltrans5.ltrans.o
 .debug_aranges
                0x000000a8       0x20 C:\Users\yasha\AppData\Local\Temp\cccODrOd.ltrans6.ltrans.o
 .debug_aranges
                0x000000c8       0x28 C:\Users\yasha\AppData\Local\Temp\cccODrOd.ltrans8.ltrans.o
 .debug_aranges
                0x000000f0       0x20 C:\Users\yasha\AppData\Local\Temp\cccODrOd.ltrans9.ltrans.o
 .debug_aranges
                0x00000110       0x20 C:\Users\yasha\AppData\Local\Temp\cccODrOd.ltrans10.ltrans.o
 .debug_aranges
                0x00000130       0x20 C:\Users\yasha\AppData\Local\Temp\cccODrOd.ltrans11.ltrans.o
 .debug_aranges
                0x00000150       0x20 C:\Users\yasha\AppData\Local\Temp\cccODrOd.ltrans12.ltrans.o
 .debug_aranges
                0x00000170       0x20 C:\Users\yasha\AppData\Local\Temp\cccODrOd.ltrans13.ltrans.o
 .debug_aranges
                0x00000190       0x20 C:\Users\yasha\AppData\Local\Temp\cccODrOd.ltrans14.ltrans.o
 .debug_aranges
                0x000001b0       0x20 C:\Users\yasha\AppData\Local\Temp\cccODrOd.ltrans15.ltrans.o
 .debug_aranges
                0x000001d0       0x20 C:\Users\yasha\AppData\Local\Temp\cccODrOd.ltrans16.ltrans.o
 .debug_aranges
                0x000001f0       0x20 C:\Users\yasha\AppData\Local\Temp\cccODrOd.ltrans17.ltrans.o
 .debug_aranges
                0x00000210       0x20 C:\Users\yasha\AppData\Local\Temp\cccODrOd.ltrans18.ltrans.o
 .debug_aranges
                0x00000230       0x20 C:\Users\yasha\AppData\Local\Temp\cccODrOd.ltrans19.ltrans.o
 .debug_aranges
                0x00000250       0x20 C:\Users\yasha\AppData\Local\Temp\cccODrOd.ltrans20.ltrans.o

.debug_ranges   0x00000000     0x3430
 .debug_ranges  0x00000000      0xa10 C:\Users\yasha\AppData\Local\Temp\cccODrOd.ltrans0.ltrans.o
 .debug_ranges  0x00000a10      0xa78 C:\Users\yasha\AppData\Local\Temp\cccODrOd.ltrans1.ltrans.o
 .debug_ranges  0x00001488      0x740 C:\Users\yasha\AppData\Local\Temp\cccODrOd.ltrans3.ltrans.o
 .debug_ranges  0x00001bc8      0x1f8 C:\Users\yasha\AppData\Local\Temp\cccODrOd.ltrans4.ltrans.o
 .debug_ranges  0x00001dc0      0x2d8 C:\Users\yasha\AppData\Local\Temp\cccODrOd.ltrans5.ltrans.o
 .debug_ranges  0x00002098      0x150 C:\Users\yasha\AppData\Local\Temp\cccODrOd.ltrans6.ltrans.o
 .debug_ranges  0x000021e8      0x378 C:\Users\yasha\AppData\Local\Temp\cccODrOd.ltrans8.ltrans.o
 .debug_ranges  0x00002560      0x1a8 C:\Users\yasha\AppData\Local\Temp\cccODrOd.ltrans9.ltrans.o
 .debug_ranges  0x00002708      0x1d0 C:\Users\yasha\AppData\Local\Temp\cccODrOd.ltrans10.ltrans.o
 .debug_ranges  0x000028d8      0x170 C:\Users\yasha\AppData\Local\Temp\cccODrOd.ltrans11.ltrans.o
 .debug_ranges  0x00002a48      0x3c8 C:\Users\yasha\AppData\Local\Temp\cccODrOd.ltrans12.ltrans.o
 .debug_ranges  0x00002e10      0x130 C:\Users\yasha\AppData\Local\Temp\cccODrOd.ltrans13.ltrans.o
 .debug_ranges  0x00002f40       0x28 C:\Users\yasha\AppData\Local\Temp\cccODrOd.ltrans14.ltrans.o
 .debug_ranges  0x00002f68      0x140 C:\Users\yasha\AppData\Local\Temp\cccODrOd.ltrans15.ltrans.o
 .debug_ranges  0x000030a8       0x78 C:\Users\yasha\AppData\Local\Temp\cccODrOd.ltrans16.ltrans.o
 .debug_ranges  0x00003120      0x178 C:\Users\yasha\AppData\Local\Temp\cccODrOd.ltrans17.ltrans.o
 .debug_ranges  0x00003298      0x120 C:\Users\yasha\AppData\Local\Temp\cccODrOd.ltrans18.ltrans.o
 .debug_ranges  0x000033b8       0x78 C:\Users\yasha\AppData\Local\Temp\cccODrOd.ltrans19.ltrans.o

.debug_line     0x00000000     0x9b52
 .debug_line    0x00000000     0x13a0 C:\Users\yasha\AppData\Local\Temp\cccODrOd.ltrans0.ltrans.o
 .debug_line    0x000013a0     0x11a4 C:\Users\yasha\AppData\Local\Temp\cccODrOd.ltrans1.ltrans.o
 .debug_line    0x00002544      0x99b C:\Users\yasha\AppData\Local\Temp\cccODrOd.ltrans3.ltrans.o
 .debug_line    0x00002edf      0xaff C:\Users\yasha\AppData\Local\Temp\cccODrOd.ltrans4.ltrans.o
 .debug_line    0x000039de      0x7b5 C:\Users\yasha\AppData\Local\Temp\cccODrOd.ltrans5.ltrans.o
 .debug_line    0x00004193      0x6af C:\Users\yasha\AppData\Local\Temp\cccODrOd.ltrans6.ltrans.o
 .debug_line    0x00004842      0xa33 C:\Users\yasha\AppData\Local\Temp\cccODrOd.ltrans8.ltrans.o
 .debug_line    0x00005275      0x803 C:\Users\yasha\AppData\Local\Temp\cccODrOd.ltrans9.ltrans.o
 .debug_line    0x00005a78      0x78a C:\Users\yasha\AppData\Local\Temp\cccODrOd.ltrans10.ltrans.o
 .debug_line    0x00006202      0x685 C:\Users\yasha\AppData\Local\Temp\cccODrOd.ltrans11.ltrans.o
 .debug_line    0x00006887      0xb08 C:\Users\yasha\AppData\Local\Temp\cccODrOd.ltrans12.ltrans.o
 .debug_line    0x0000738f      0x6a9 C:\Users\yasha\AppData\Local\Temp\cccODrOd.ltrans13.ltrans.o
 .debug_line    0x00007a38      0x55a C:\Users\yasha\AppData\Local\Temp\cccODrOd.ltrans14.ltrans.o
 .debug_line    0x00007f92      0x5ed C:\Users\yasha\AppData\Local\Temp\cccODrOd.ltrans15.ltrans.o
 .debug_line    0x0000857f      0x299 C:\Users\yasha\AppData\Local\Temp\cccODrOd.ltrans16.ltrans.o
 .debug_line    0x00008818      0x5b1 C:\Users\yasha\AppData\Local\Temp\cccODrOd.ltrans17.ltrans.o
 .debug_line    0x00008dc9      0x5f5 C:\Users\yasha\AppData\Local\Temp\cccODrOd.ltrans18.ltrans.o
 .debug_line    0x000093be      0x46f C:\Users\yasha\AppData\Local\Temp\cccODrOd.ltrans19.ltrans.o
 .debug_line    0x0000982d      0x325 C:\Users\yasha\AppData\Local\Temp\cccODrOd.ltrans20.ltrans.o

.debug_str      0x00000000     0xbf10
 .debug_str     0x00000000     0x30cb C:\Users\yasha\AppData\Local\Temp\cccODrOd.ltrans0.ltrans.o
                               0x33ed (size before relaxing)
 .debug_str     0x000030cb     0x1112 C:\Users\yasha\AppData\Local\Temp\cccODrOd.ltrans1.ltrans.o
                               0x1c21 (size before relaxing)
 .debug_str     0x000041dd      0xd4f C:\Users\yasha\AppData\Local\Temp\cccODrOd.ltrans3.ltrans.o
                               0x1582 (size before relaxing)
 .debug_str     0x00004f2c     0x18eb C:\Users\yasha\AppData\Local\Temp\cccODrOd.ltrans4.ltrans.o
                               0x2e50 (size before relaxing)
 .debug_str     0x00006817      0xa20 C:\Users\yasha\AppData\Local\Temp\cccODrOd.ltrans5.ltrans.o
                               0x157b (size before relaxing)
 .debug_str     0x00007237      0x4a5 C:\Users\yasha\AppData\Local\Temp\cccODrOd.ltrans6.ltrans.o
                                0xcaf (size before relaxing)
 .debug_str     0x000076dc      0x9b9 C:\Users\yasha\AppData\Local\Temp\cccODrOd.ltrans8.ltrans.o
                               0x195c (size before relaxing)
 .debug_str     0x00008095      0xc52 C:\Users\yasha\AppData\Local\Temp\cccODrOd.ltrans9.ltrans.o
                               0x1996 (size before relaxing)
 .debug_str     0x00008ce7      0x677 C:\Users\yasha\AppData\Local\Temp\cccODrOd.ltrans10.ltrans.o
                                0xd2b (size before relaxing)
 .debug_str     0x0000935e      0x41f C:\Users\yasha\AppData\Local\Temp\cccODrOd.ltrans11.ltrans.o
                                0xb24 (size before relaxing)
 .debug_str     0x0000977d      0xefa C:\Users\yasha\AppData\Local\Temp\cccODrOd.ltrans12.ltrans.o