Archive member included to satisfy reference by file (symbol)

./libs\libpluto_0.3.a(startup_stm32f30x_md_gcc.o)
                              (Reset_Handler)
./libs\libpluto_0.3.a(system_stm32f30x.o)
                              ./libs\libpluto_0.3.a(startup_stm32f30x_md_gcc.o) (SystemInit)
./libs\libpluto_0.3.a(main.o)
                              ./libs\libpluto_0.3.a(startup_stm32f30x_md_gcc.o) (main)
./libs\libpluto_0.3.a(mw.o)   main.o (symbol from plugin) (loop)
./libs\libpluto_0.3.a(altitudehold.o)
                              mw.o (symbol from plugin) (applyAltHold)
./libs\libpluto_0.3.a(failsafe.o)
                              main.o (symbol from plugin) (failsafeInit)
./libs\libpluto_0.3.a(pid.o)  mw.o (symbol from plugin) (pidResetErrorAngle)
./libs\libpluto_0.3.a(imu.o)  main.o (symbol from plugin) (imuInit)
./libs\libpluto_0.3.a(mixer.o)
                              main.o (symbol from plugin) (mixerInit)
./libs\libpluto_0.3.a(filter.o)
                              mw.o (symbol from plugin) (filterApplyPt1)
./libs\libpluto_0.3.a(system.o)
                              main.o (symbol from plugin) (micros)
./libs\libpluto_0.3.a(beeper.o)
                              mw.o (symbol from plugin) (beeperSilence)
./libs\libpluto_0.3.a(rc_controls.o)
                              mw.o (symbol from plugin) (isUsingSticksForArming)
./libs\libpluto_0.3.a(rc_curves.o)
                              rc_controls.o (symbol from plugin) (generatePitchRollCurve)
./libs\libpluto_0.3.a(serial.o)
                              mw.o (symbol from plugin) (findNextSharedSerialPort)
./libs\libpluto_0.3.a(serial_cli.o)
                              mw.o (symbol from plugin) (cliMode)
./libs\libpluto_0.3.a(serial_msp.o)
                              mw.o (symbol from plugin) (mspReleasePortIfAllocated)
./libs\libpluto_0.3.a(statusindicator.o)
                              beeper.o (symbol from plugin) (warningLedEnable)
./libs\libpluto_0.3.a(rx.o)   main.o (symbol from plugin) (rxInit)
./libs\libpluto_0.3.a(pwm.o)  rx.o (symbol from plugin) (rxPwmInit)
./libs\libpluto_0.3.a(msp.o)  serial_msp.o (symbol from plugin) (rxMspFrameReceive)
./libs\libpluto_0.3.a(sbus.o)
                              rx.o (symbol from plugin) (sbusInit)
./libs\libpluto_0.3.a(sumd.o)
                              rx.o (symbol from plugin) (sumdInit)
./libs\libpluto_0.3.a(sumh.o)
                              rx.o (symbol from plugin) (sumhInit)
./libs\libpluto_0.3.a(spektrum.o)
                              rx.o (symbol from plugin) (spektrumInit)
./libs\libpluto_0.3.a(xbus.o)
                              rx.o (symbol from plugin) (xBusInit)
./libs\libpluto_0.3.a(acceleration.o)
                              main.o (symbol from plugin) (accSetCalibrationCycles)
./libs\libpluto_0.3.a(battery.o)
                              mw.o (symbol from plugin) (updateBattery)
./libs\libpluto_0.3.a(boardalignment.o)
                              main.o (symbol from plugin) (initBoardAlignment)
./libs\libpluto_0.3.a(compass.o)
                              main.o (symbol from plugin) (compassInit)
./libs\libpluto_0.3.a(gyro.o)
                              main.o (symbol from plugin) (gyroSetCalibrationCycles)
./libs\libpluto_0.3.a(initialisation.o)
                              main.o (symbol from plugin) (sensorsAutodetectmpu)
./libs\libpluto_0.3.a(stm32f30x_rcc.o)
                              system.o (symbol from plugin) (RCC_GetClocksFreq)
./libs\libpluto_0.3.a(stm32f30x_misc.o)
                              system.o (symbol from plugin) (NVIC_PriorityGroupConfig)
./libs\libpluto_0.3.a(acrobats.o)
                              mw.o (symbol from plugin) (flip)
./libs\libpluto_0.3.a(posControl.o)
                              mw.o (symbol from plugin) (resetPosController)
./libs\libpluto_0.3.a(posEstimate.o)
                              main.o (symbol from plugin) (updatePosGains)
./libs\libpluto_0.3.a(opticflow.o)
                              posControl.o (symbol from plugin) (accel_hf_prev)
./libs\libpluto_0.3.a(command.o)
                              mw.o (symbol from plugin) (executeCommand())
./libs\libpluto_0.3.a(localisationCommand.o)
                              mw.o (symbol from plugin) (command_jump(short))
./libs\libpluto_0.3.a(Peripheral.o)
                              obj/PLUTOX/src/main/PlutoPilot.o (symbol from plugin) (GPIO_P::init(unibus, GPIO_Mode_e))
./libs\libpluto_0.3.a(XRanging.o)
                              main.o (symbol from plugin) (xRangingInit)
./libs\libpluto_0.3.a(Control.o)
                              command.o (symbol from plugin) (DesiredPosition_P::setRelative(axis_e, long))
./libs\libpluto_0.3.a(Utils.o)
                              acceleration.o (symbol from plugin) (LED_P::set(led_e, led_state_e))
./libs\libpluto_0.3.a(User.o)
                              mw.o (symbol from plugin) (FlightMode_P::set(flight_mode_e))
./libs\libpluto_0.3.a(Motor.o)
[...]
Memory Configuration

Name             Origin             Length             Attributes
FLASH            0x08000000         0x0003f000         xr
RAM              0x20000000         0x0000a000         xrw
MEMORY_B1        0x60000000         0x00000000         xr
*default*        0x00000000         0xffffffff

Linker script and memory map

LOAD obj/PLUTOX/src/main/PlutoPilot.o
LOAD C:\Users\yasha\AppData\Local\Temp\ccGi6IUF.ltrans0.ltrans.o
LOAD C:\Users\yasha\AppData\Local\Temp\ccGi6IUF.ltrans1.ltrans.o
LOAD C:\Users\yasha\AppData\Local\Temp\ccGi6IUF.ltrans2.ltrans.o
LOAD C:\Users\yasha\AppData\Local\Temp\ccGi6IUF.ltrans3.ltrans.o
LOAD C:\Users\yasha\AppData\Local\Temp\ccGi6IUF.ltrans4.ltrans.o
LOAD C:\Users\yasha\AppData\Local\Temp\ccGi6IUF.ltrans5.ltrans.o
LOAD C:\Users\yasha\AppData\Local\Temp\ccGi6IUF.ltrans6.ltrans.o
LOAD C:\Users\yasha\AppData\Local\Temp\ccGi6IUF.ltrans7.ltrans.o
LOAD C:\Users\yasha\AppData\Local\Temp\ccGi6IUF.ltrans8.ltrans.o
LOAD C:\Users\yasha\AppData\Local\Temp\ccGi6IUF.ltrans9.ltrans.o
LOAD C:\Users\yasha\AppData\Local\Temp\ccGi6IUF.ltrans10.ltrans.o
LOAD C:\Users\yasha\AppData\Local\Temp\ccGi6IUF.ltrans11.ltrans.o
LOAD C:\Users\yasha\AppData\Local\Temp\ccGi6IUF.ltrans12.ltrans.o
LOAD C:\Users\yasha\AppData\Local\Temp\ccGi6IUF.ltrans13.ltrans.o
LOAD C:\Users\yasha\AppData\Local\Temp\ccGi6IUF.ltrans14.ltrans.o
LOAD C:\Users\yasha\AppData\Local\Temp\ccGi6IUF.ltrans15.ltrans.o
LOAD C:\Users\yasha\AppData\Local\Temp\ccGi6IUF.ltrans16.ltrans.o
LOAD C:\Users\yasha\AppData\Local\Temp\ccGi6IUF.ltrans17.ltrans.o
LOAD C:\Users\yasha\AppData\Local\Temp\ccGi6IUF.ltrans18.ltrans.o
LOAD C:\Users\yasha\AppData\Local\Temp\ccGi6IUF.ltrans19.ltrans.o
LOAD C:\Users\yasha\AppData\Local\Temp\ccGi6IUF.ltrans20.ltrans.o
LOAD C:\Users\yasha\AppData\Local\Temp\ccGi6IUF.ltrans21.ltrans.o
LOAD c:/users/yasha/downloads/cygnus/tools/toolchain/gcc-arm/bin/../lib/gcc/arm-none-eabi/6.3.1/../../../../arm-none-eabi/lib/thumb/v7e-m/fpv4-sp/hard\libnosys.a
LOAD ./libs\libpluto_0.3.a
LOAD c:/users/yasha/downloads/cygnus/tools/toolchain/gcc-arm/bin/../lib/gcc/arm-none-eabi/6.3.1/../../../../arm-none-eabi/lib/thumb/v7e-m/fpv4-sp/hard\libstdc++.a
LOAD c:/users/yasha/downloads/cygnus/tools/toolchain/gcc-arm/bin/../lib/gcc/arm-none-eabi/6.3.1/../../../../arm-none-eabi/lib/thumb/v7e-m/fpv4-sp/hard\libm.a
LOAD c:/users/yasha/downloads/cygnus/tools/toolchain/gcc-arm/bin/../lib/gcc/arm-none-eabi/6.3.1/../../../../arm-none-eabi/lib/thumb/v7e-m/fpv4-sp/hard\libc.a
START GROUP
LOAD c:/users/yasha/downloads/cygnus/tools/toolchain/gcc-arm/bin/../lib/gcc/arm-none-eabi/6.3.1/thumb/v7e-m/fpv4-sp/hard\libgcc.a
LOAD c:/users/yasha/downloads/cygnus/tools/toolchain/gcc-arm/bin/../lib/gcc/arm-none-eabi/6.3.1/../../../../arm-none-eabi/lib/thumb/v7e-m/fpv4-sp/hard\libg.a
LOAD c:/users/yasha/downloads/cygnus/tools/toolchain/gcc-arm/bin/../lib/gcc/arm-none-eabi/6.3.1/../../../../arm-none-eabi/lib/thumb/v7e-m/fpv4-sp/hard\libc.a
END GROUP
START GROUP
LOAD c:/users/yasha/downloads/cygnus/tools/toolchain/gcc-arm/bin/../lib/gcc/arm-none-eabi/6.3.1/thumb/v7e-m/fpv4-sp/hard\libgcc.a
LOAD c:/users/yasha/downloads/cygnus/tools/toolchain/gcc-arm/bin/../lib/gcc/arm-none-eabi/6.3.1/../../../../arm-none-eabi/lib/thumb/v7e-m/fpv4-sp/hard\libc.a
LOAD c:/users/yasha/downloads/cygnus/tools/toolchain/gcc-arm/bin/../lib/gcc/arm-none-eabi/6.3.1/../../../../arm-none-eabi/lib/thumb/v7e-m/fpv4-sp/hard\libnosys.a
END GROUP
                0x2000a000                _estack = (ORIGIN (RAM) + LENGTH (RAM))
                0x00000000                _Min_Heap_Size = 0x0
                0x00000400                _Min_Stack_Size = 0x400

.isr_vector     0x08000000      0x188
                0x08000000                . = ALIGN (0x4)
                [!provide]                PROVIDE (isr_vector_table_base, .)
 *(.isr_vector)
 .isr_vector    0x08000000      0x188 ./libs\libpluto_0.3.a(startup_stm32f30x_md_gcc.o)
                0x08000000                g_pfnVectors
                0x08000188                . = ALIGN (0x4)

.text           0x080001c0    0x11b48
                0x080001c0                . = ALIGN (0x4)
 *(.text)
 .text          0x080001c0     0x16d8 C:\Users\yasha\AppData\Local\Temp\ccGi6IUF.ltrans0.ltrans.o
                0x080001c0                init()
 .text          0x08001898     0x1090 C:\Users\yasha\AppData\Local\Temp\ccGi6IUF.ltrans3.ltrans.o
                0x08001898                processRx()
 .text          0x08002928      0x8b4 C:\Users\yasha\AppData\Local\Temp\ccGi6IUF.ltrans4.ltrans.o
                0x08002a10                pwmWriteStandard(unsigned char, unsigned short) [clone .lto_priv.281]
                0x08002a24                pwmWriteBrushed(unsigned char, unsigned short) [clone .lto_priv.282]
                0x08002a48                ak8963Read
                0x08002b0c                ak8963Init
                0x08002bf8                uartReconfigure.lto_priv.186
                0x08002d1c                gpioInit
                0x08002d70                pwmOutConfig
                0x08002f9c                ppmInConfig
 .text          0x080031dc      0xbd0 C:\Users\yasha\AppData\Local\Temp\ccGi6IUF.ltrans5.ltrans.o
                0x080031dc                headSerialResponse(unsigned char, unsigned char) [clone .lto_priv.170]
                0x0800321c                headSerialReply(unsigned char) [clone .lto_priv.194]
                0x08003222                read32() [clone .lto_priv.197]
                0x08003234                processOutCommand(unsigned char) [clone .lto_priv.278]
 .text          0x08003dac      0x890 C:\Users\yasha\AppData\Local\Temp\ccGi6IUF.ltrans6.ltrans.o
                0x08003dfc                Motor_P::set(motor, short) [clone .constprop.152]
                0x08003ee4                NVIC_Init.part.0.constprop.146
                0x08003f20                VL53L0X_calc_timeout_mclks.constprop.138
                0x08003f48                get_next_good_spad.constprop.129
                0x08003f94                enable_ref_spads.constprop.127
                0x08004050                SPIClass::Write(unsigned char, unsigned char) [clone .constprop.101]
                0x0800408c                SPIClass::Read(unsigned char, int) [clone .constprop.99]
                0x0800411c                spektrumInit.constprop.89
                0x0800419c                useRcControlsConfig.constprop.47
                0x080041dc                resetSerialConfig(serialConfig_s*) [clone .constprop.46]
                0x0800423c                FLASH_WaitForLastOperation.constprop.41
                0x08004260                headSerialError(unsigned char) [clone .constprop.29]
                0x08004268                calculateThrottleStatus.constprop.22
                0x0800429c                reset(bool) [clone .constprop.10]
                0x08004300                updateCompass.constprop.6
                0x080044a0                VL53L0X_RdDWord
                0x080044c4                VL53L0X_RdWord
                0x080044f0                VL53L0X_RdByte
                0x0800450a                VL53L0X_ref_calibration_io.constprop.141
                0x080045a8                VL53L0X_ClearInterruptMask.constprop.140
                0x08004600                VL53L0X_UpdateByte
 .text          0x0800463c      0xad0 C:\Users\yasha\AppData\Local\Temp\ccGi6IUF.ltrans7.ltrans.o
                0x0800463c                mpuGyroRead
                0x08004680                mpuAccRead
                0x080046c4                mpuWriteRegisterI2C(unsigned char, unsigned char) [clone .lto_priv.333]
                0x080046ce                mpuReadRegisterI2C(unsigned char, unsigned char, unsigned char*) [clone .lto_priv.332]
                0x080046e4                mpuIntExtiInit
                0x08004728                mode_0_init()
                0x08004a42                PosXYEstimate
                0x08004d0c                flip.part.0
 .text          0x0800510c      0xc9c C:\Users\yasha\AppData\Local\Temp\ccGi6IUF.ltrans9.ltrans.o
                0x08005124                read8() [clone .lto_priv.195]
                0x08005138                read16() [clone .lto_priv.196]
                0x0800514c                serialize8(unsigned char) [clone .lto_priv.204]
                0x08005170                serialize16(unsigned short) [clone .lto_priv.205]
                0x08005182                serialize32(unsigned long) [clone .lto_priv.206]
                0x08005194                openSerialPort
                0x0800520c                findNextSerialPortConfig
                0x08005250                findSerialPortConfig
                0x0800525c                generateThrottleCurve
                0x080052dc                generatePitchRollCurve
                0x08005314                isRangeActive(unsigned char, channelRange_s*) [clone .part.1]
                0x0800535c                beeperSilence
                0x08005370                beeper
                0x080053bc                beeperConfirmationBeeps
                0x080053f4                micros
                0x0800542c                delayMicroseconds
                0x08005442                delay
                0x08005456                failureMode
                0x08005514                SysTick_Handler
                0x08005524                EXTI3_IRQHandler
                0x08005528                EXTI15_10_IRQHandler
                0x0800552c                filterApplyPt1
                0x08005584                writeMotors
                0x08005630                drift_correction(float)
                0x08005ce4                normalize()
 .text          0x08005da8      0xdf8 C:\Users\yasha\AppData\Local\Temp\ccGi6IUF.ltrans10.ltrans.o
                0x08005da8                pidMultiWii23(pidProfile_s*, controlRateConfig_s*, unsigned short, rollAndPitchTrims_t*, rxConfig_s*) [clone .lto_priv.214]
                0x0800606c                pidMultiWii(pidProfile_s*, controlRateConfig_s*, unsigned short, rollAndPitchTrims_t*, rxConfig_s*) [clone .lto_priv.212]
                0x080062f8                pidLuxFloat(pidProfile_s*, controlRateConfig_s*, unsigned short, rollAndPitchTrims_t*, rxConfig_s*) [clone .lto_priv.213]
                0x08006648                pidResetErrorGyro
                0x08006668                pidResetErrorAngle
                0x08006684                failsafeOnLowBattery
                0x08006698                updateGains
                0x080066e8                apmCalculateEstimatedAltitude
 .text          0x08006ba0      0xfd0 C:\Users\yasha\AppData\Local\Temp\ccGi6IUF.ltrans11.ltrans.o
                0x08007704                renorm(float const*, float*)
                0x080077b8                dcmFromEuler(float, float, float)
                0x0800787c                imuCalculateAcceleration(unsigned long)
                0x08007b28                pidSetController
 .text          0x08007b70      0x17c C:\Users\yasha\AppData\Local\Temp\ccGi6IUF.ltrans12.ltrans.o
                0x08007b70                SystemInit
                0x08007bd8                plutoLoop()
 .text          0x08007cec      0xd24 C:\Users\yasha\AppData\Local\Temp\ccGi6IUF.ltrans13.ltrans.o
                0x08007cec                ms5611_calculate(long*, long*, unsigned long, unsigned long) [clone .lto_priv.330]
                0x08007f12                ms5611_start_up() [clone .lto_priv.328]
                0x08007f1c                ms5611_start_ut() [clone .lto_priv.326]
                0x08007f4e                ms5611_get_up() [clone .lto_priv.329]
                0x08007f50                ms5611_get_ut() [clone .lto_priv.327]
                0x08007f52                activateControlRateConfig()
                0x08007f9c                isEEPROMContentValid() [clone .lto_priv.171]
                0x08007fe8                readEEPROM
                0x08008268                resetConf() [clone .lto_priv.198]
                0x0800873c                apmBaroCalibrationRead()
                0x08008794                apmBaroUpdate
                0x0800888c                TIM1_TRG_COM_TIM17_IRQHandler
                0x0800889c                TIM1_BRK_TIM15_IRQHandler
                0x080088ac                TIM8_CC_IRQHandler
                0x080088bc                TIM8_UP_IRQHandler
                0x080088c0                TIM4_IRQHandler
                0x080088d0                TIM3_IRQHandler
                0x080088e0                TIM2_IRQHandler
                0x080088f0                TIM1_CC_IRQHandler
                0x08008900                TIM1_UP_TIM16_IRQHandler
                0x08008904                configTimeBase
                0x080089a0                lookupTimerIndex(TIM_TypeDef const*) [clone .lto_priv.187]
                0x080089f8                USART2_IRQHandler
                0x08008a04                USART1_IRQHandler
 .text          0x08008a10      0xacc C:\Users\yasha\AppData\Local\Temp\ccGi6IUF.ltrans14.ltrans.o
                0x08008a10                xBusReadRawRC(rxRuntimeConfig_s*, unsigned char) [clone .lto_priv.315]
                0x08008ab8                spektrumReadRawRC.lto_priv.167
                0x08008ae4                sumhReadRawRC.lto_priv.308
                0x08008afc                sumdReadRawRC.lto_priv.306
                0x08008b10                sbusReadRawRC.lto_priv.304
                0x08008b44                rxMspReadRawRC.lto_priv.317
                0x08008b54                ppmReadRawRC.lto_priv.319
                0x08008b60                pwmReadRawRC.lto_priv.318
                0x08008b6c                nullReadRawRC(rxRuntimeConfig_s*, unsigned char) [clone .lto_priv.169]
                0x08008b70                xBusDataReceive(unsigned short) [clone .lto_priv.316]
                0x08008c38                spektrumDataReceive.lto_priv.168
                0x08008c80                sumhDataReceive.lto_priv.309
                0x08008cc8                sumdDataReceive.lto_priv.307
                0x08008d6c                sbusDataReceive.lto_priv.305
                0x08008db8                RCC_ADCCLKConfig
                0x08008dd8                RCC_GetClocksFreq
                0x080090c0                alignSensors
                0x080091f8                batteryAdcToVoltage
                0x08009228                updateBatteryVoltage() [clone .lto_priv.279]
                0x0800942c                getRxfailValue(unsigned char) [clone .lto_priv.232]
                0x0800947c                resumeRxSignal
                0x080094ac                suspendRxSignal
 .text          0x080094dc      0x514 C:\Users\yasha\AppData\Local\Temp\ccGi6IUF.ltrans15.ltrans.o
                0x080095e6                usartIrqHandler
                0x08009654                DMA1_Channel4_IRQHandler
                0x0800968c                uartOpen
 .text          0x080099f0      0x414 C:\Users\yasha\AppData\Local\Temp\ccGi6IUF.ltrans16.ltrans.o
                0x08009a18                mpu6500GyroInit
                0x08009ac0                mpu6500AccInit
                0x08009ad4                initSpi2
                0x08009c0c                i2cRead
                0x08009d00                i2cWriteBuffer
                0x08009df0                i2cWrite
 .text          0x08009e04      0x470 C:\Users\yasha\AppData\Local\Temp\ccGi6IUF.ltrans17.ltrans.o
                0x08009e22                VL53L0X_WrWord
                0x08009e4a                VL53L0X_WrByte
                0x08009e60                VL53L0X_get_vcsel_pulse_period
                0x08009e92                set_sequence_step_timeout
                0x08009f9c                get_sequence_step_timeout
                0x0800a0e0                VL53L0X_set_measurement_timing_budget_micro_seconds
                0x0800a1a2                VL53L0X_device_read_strobe
                0x0800a1e6                VL53L0X_isqrt
                0x0800a210                VL53L0X_measurement_poll_for_completion
 .text          0x0800a274      0x630 C:\Users\yasha\AppData\Local\Temp\ccGi6IUF.ltrans18.ltrans.o
                0x0800a274                DMA_StructInit
                0x0800a28e                DMA_Init
                0x0800a2ca                DMA_DeInit
                0x0800a3bc                FLASH_GetStatus
                0x0800a3e4                ADC_RegularChannelConfig
                0x0800a49c                GPIO_Init
                0x0800a52a                serialRead
                0x0800a530                serialWrite
                0x0800a536                _putc(void*, char) [clone .lto_priv.339]
                0x0800a53a                applyDeadband
                0x0800a558                sin_approx
                0x0800a61c                buildRotationMatrix
                0x0800a6d8                reset_FSI
                0x0800a6f0                set_FSI
                0x0800a704                disableFlightMode
                0x0800a724                enableFlightMode
                0x0800a740                featureClear
                0x0800a750                featureSet
                0x0800a760                writeEEPROM
                0x0800a890                saveConfigAndNotify
 .text          0x0800a8a4      0x6e4 C:\Users\yasha\AppData\Local\Temp\ccGi6IUF.ltrans19.ltrans.o
                0x0800a8a4                processInCommand() [clone .lto_priv.277]
 .text          0x0800af88      0x28a C:\Users\yasha\AppData\Local\Temp\ccGi6IUF.ltrans20.ltrans.o
                0x0800af88                set_ref_spad_map
                0x0800afa4                VL53L0X_GetLimitCheckValue
                0x0800b00e                VL53L0X_GetSequenceStepEnables
                0x0800b046                VL53L0X_GetDeviceParameters
                0x0800b1fa                LaserSensor::setAddress(unsigned char)
 *fill*         0x0800b212        0x2 
 .text          0x0800b214      0x158 C:\Users\yasha\AppData\Local\Temp\ccGi6IUF.ltrans21.ltrans.o
                0x0800b214                mwArm
                0x0800b2ac                mwDisarm
                0x0800b328                isCalibrating()
 .text          0x0800b36c      0x134 c:/users/yasha/downloads/cygnus/tools/toolchain/gcc-arm/bin/../lib/gcc/arm-none-eabi/6.3.1/../../../../arm-none-eabi/lib/thumb/v7e-m/fpv4-sp/hard\libc.a(lib_a-memcpy.o)
                0x0800b36c                memcpy
 *fill*         0x0800b4a0       0x20 
 .text          0x0800b4c0       0xdc c:/users/yasha/downloads/cygnus/tools/toolchain/gcc-arm/bin/../lib/gcc/arm-none-eabi/6.3.1/../../../../arm-none-eabi/lib/thumb/v7e-m/fpv4-sp/hard\libc.a(lib_a-strlen.o)
                0x0800b4c0                strlen
 .text          0x0800b59c       0x1c c:/users/yasha/downloads/cygnus/tools/toolchain/gcc-arm/bin/../lib/gcc/arm-none-eabi/6.3.1/thumb/v7e-m/fpv4-sp/hard\libgcc.a(_ashrdi3.o)
                0x0800b59c                __aeabi_lasr
                0x0800b59c                __ashrdi3
 .text          0x0800b5b8      0x370 c:/users/yasha/downloads/cygnus/tools/toolchain/gcc-arm/bin/../lib/gcc/arm-none-eabi/6.3.1/thumb/v7e-m/fpv4-sp/hard\libgcc.a(_arm_addsubdf3.o)
                0x0800b5b8                __aeabi_drsub
                0x0800b5c0                __aeabi_dsub
                0x0800b5c0                __subdf3
                0x0800b5c4                __aeabi_dadd
                0x0800b5c4                __adddf3
                0x0800b83c                __floatunsidf
                0x0800b83c                __aeabi_ui2d
                0x0800b85c                __floatsidf
                0x0800b85c                __aeabi_i2d
                0x0800b880                __aeabi_f2d
                0x0800b880                __extendsfdf2
                0x0800b8bc                __floatundidf
                0x0800b8bc                __aeabi_ul2d
                0x0800b8cc                __floatdidf
                0x0800b8cc                __aeabi_l2d
 .text          0x0800b928      0x424 c:/users/yasha/downloads/cygnus/tools/toolchain/gcc-arm/bin/../lib/gcc/arm-none-eabi/6.3.1/thumb/v7e-m/fpv4-sp/hard\libgcc.a(_arm_muldivdf3.o)
                0x0800b928                __aeabi_dmul
                0x0800b928                __muldf3
                0x0800bb7c                __divdf3
                0x0800bb7c                __aeabi_ddiv
 .text          0x0800bd4c       0xa0 c:/users/yasha/downloads/cygnus/tools/toolchain/gcc-arm/bin/../lib/gcc/arm-none-eabi/6.3.1/thumb/v7e-m/fpv4-sp/hard\libgcc.a(_arm_truncdfsf2.o)
                0x0800bd4c                __truncdfsf2
                0x0800bd4c                __aeabi_d2f
 .text          0x0800bdec       0xa0 c:/users/yasha/downloads/cygnus/tools/toolchain/gcc-arm/bin/../lib/gcc/arm-none-eabi/6.3.1/thumb/v7e-m/fpv4-sp/hard\libgcc.a(_aeabi_ldivmod.o)
                0x0800bdec                __aeabi_ldivmod
 .text          0x0800be8c       0x24 c:/users/yasha/downloads/cygnus/tools/toolchain/gcc-arm/bin/../lib/gcc/arm-none-eabi/6.3.1/thumb/v7e-m/fpv4-sp/hard\libgcc.a(_fixsfdi.o)
                0x0800be8c                __fixsfdi
                0x0800be8c                __aeabi_f2lz
 .text          0x0800beb0       0x4c c:/users/yasha/downloads/cygnus/tools/toolchain/gcc-arm/bin/../lib/gcc/arm-none-eabi/6.3.1/thumb/v7e-m/fpv4-sp/hard\libgcc.a(_fixunssfdi.o)
                0x0800beb0                __fixunssfdi
                0x0800beb0                __aeabi_f2ulz
 .text          0x0800befc      0x2dc c:/users/yasha/downloads/cygnus/tools/toolchain/gcc-arm/bin/../lib/gcc/arm-none-eabi/6.3.1/thumb/v7e-m/fpv4-sp/hard\libgcc.a(_udivmoddi4.o)
                0x0800befc                __udivmoddi4
 .text          0x0800c1d8      0x9cc c:/users/yasha/downloads/cygnus/tools/toolchain/gcc-arm/bin/../lib/gcc/arm-none-eabi/6.3.1/thumb/v7e-m/fpv4-sp/hard\libgcc.a(unwind-arm.o)
                0x0800c498                _Unwind_GetCFA
                0x0800c49c                __gnu_Unwind_RaiseException
                0x0800c4fc                __gnu_Unwind_ForcedUnwind
                0x0800c510                __gnu_Unwind_Resume
                0x0800c554                __gnu_Unwind_Resume_or_Rethrow
                0x0800c564                _Unwind_Complete
                0x0800c568                _Unwind_DeleteException
                0x0800c574                _Unwind_VRS_Get
                0x0800c5c0                _Unwind_VRS_Set
                0x0800c610                __gnu_Unwind_Backtrace
                0x0800c950                __aeabi_unwind_cpp_pr0
                0x0800c954                __aeabi_unwind_cpp_pr1
                0x0800c958                __aeabi_unwind_cpp_pr2
                0x0800c95c                _Unwind_VRS_Pop
 .text          0x0800cba4      0x1ac c:/users/yasha/downloads/cygnus/tools/toolchain/gcc-arm/bin/../lib/gcc/arm-none-eabi/6.3.1/thumb/v7e-m/fpv4-sp/hard\libgcc.a(libunwind.o)
                0x0800cba4                __restore_core_regs
                0x0800cba4                restore_core_regs
                0x0800cbbc                __gnu_Unwind_Restore_VFP
                0x0800cbc4                __gnu_Unwind_Save_VFP
                0x0800cbcc                __gnu_Unwind_Restore_VFP_D
                0x0800cbd4                __gnu_Unwind_Save_VFP_D
                0x0800cbdc                __gnu_Unwind_Restore_VFP_D_16_to_31
                0x0800cbe4                __gnu_Unwind_Save_VFP_D_16_to_31
                0x0800cbec                __gnu_Unwind_Restore_WMMXD
                0x0800cc30                __gnu_Unwind_Save_WMMXD
                0x0800cc74                __gnu_Unwind_Restore_WMMXC
                0x0800cc88                __gnu_Unwind_Save_WMMXC
                0x0800cc9c                ___Unwind_RaiseException
                0x0800cc9c                _Unwind_RaiseException
                0x0800ccc0                _Unwind_Resume
                0x0800ccc0                ___Unwind_Resume
                0x0800cce4                _Unwind_Resume_or_Rethrow
                0x0800cce4                ___Unwind_Resume_or_Rethrow
                0x0800cd08                _Unwind_ForcedUnwind
                0x0800cd08                ___Unwind_ForcedUnwind
                0x0800cd2c                ___Unwind_Backtrace
                0x0800cd2c                _Unwind_Backtrace
 .text          0x0800cd50      0x380 c:/users/yasha/downloads/cygnus/tools/toolchain/gcc-arm/bin/../lib/gcc/arm-none-eabi/6.3.1/thumb/v7e-m/fpv4-sp/hard\libgcc.a(pr-support.o)
                0x0800cda8                __gnu_unwind_execute
                0x0800d078                __gnu_unwind_frame
                0x0800d0a0                _Unwind_GetRegionStart
                0x0800d0ac                _Unwind_GetLanguageSpecificData
                0x0800d0c0                _Unwind_GetTextRelBase
                0x0800d0c8                _Unwind_GetDataRelBase
 .text          0x0800d0d0        0x4 c:/users/yasha/downloads/cygnus/tools/toolchain/gcc-arm/bin/../lib/gcc/arm-none-eabi/6.3.1/thumb/v7e-m/fpv4-sp/hard\libgcc.a(_dvmd_tls.o)
                0x0800d0d0                __aeabi_idiv0
                0x0800d0d0                __aeabi_ldiv0
 .text          0x0800d0d4       0x40 c:/users/yasha/downloads/cygnus/tools/toolchain/gcc-arm/bin/../lib/gcc/arm-none-eabi/6.3.1/thumb/v7e-m/fpv4-sp/hard\libgcc.a(_arm_fixunsdfsi.o)
                0x0800d0d4                __aeabi_d2uiz
                0x0800d0d4                __fixunsdfsi
 *(.text*)
 .text.startup  0x0800d114     0x2428 C:\Users\yasha\AppData\Local\Temp\ccGi6IUF.ltrans1.ltrans.o
                0x0800d114                main
 .text.startup  0x0800f53c       0x10 C:\Users\yasha\AppData\Local\Temp\ccGi6IUF.ltrans9.ltrans.o
 .text.Reset_Handler
                0x0800f54c       0x68 ./libs\libpluto_0.3.a(startup_stm32f30x_md_gcc.o)
                0x0800f54c                Reset_Handler
 .text.Default_Handler
                0x0800f5b4        0x2 ./libs\libpluto_0.3.a(startup_stm32f30x_md_gcc.o)
                0x0800f5b4                RTC_Alarm_IRQHandler
                0x0800f5b4                TIM8_TRG_COM_IRQHandler
                0x0800f5b4                DebugMon_Handler
                0x0800f5b4                HardFault_Handler
                0x0800f5b4                USB_HP_IRQHandler
                0x0800f5b4                PVD_IRQHandler
                0x0800f5b4                PendSV_Handler
                0x0800f5b4                NMI_Handler
                0x0800f5b4                EXTI0_IRQHandler
                0x0800f5b4                I2C2_EV_IRQHandler
                0x0800f5b4                FPU_IRQHandler
                0x0800f5b4                EXTI2_TS_IRQHandler
                0x0800f5b4                UsageFault_Handler
                0x0800f5b4                ADC1_2_IRQHandler
                0x0800f5b4                SPI1_IRQHandler
                0x0800f5b4                TIM6_DAC_IRQHandler
                0x0800f5b4                DMA2_Channel2_IRQHandler
                0x0800f5b4                USART3_IRQHandler
                0x0800f5b4                DMA1_Channel7_IRQHandler
                0x0800f5b4                CAN1_RX1_IRQHandler
                0x0800f5b4                UART5_IRQHandler
                0x0800f5b4                ADC3_IRQHandler
                0x0800f5b4                DMA2_Channel1_IRQHandler
                0x0800f5b4                I2C1_EV_IRQHandler
                0x0800f5b4                DMA1_Channel6_IRQHandler
                0x0800f5b4                UART4_IRQHandler
                0x0800f5b4                DMA2_Channel4_IRQHandler
                0x0800f5b4                RCC_IRQHandler
                0x0800f5b4                DMA1_Channel1_IRQHandler
                0x0800f5b4                Default_Handler
                0x0800f5b4                USBWakeUp_RMP_IRQHandler
                0x0800f5b4                TIM7_IRQHandler
                0x0800f5b4                EXTI9_5_IRQHandler
                0x0800f5b4                TAMPER_STAMP_IRQHandler
                0x0800f5b4                RTC_WKUP_IRQHandler
                0x0800f5b4                SPI2_IRQHandler
                0x0800f5b4                MemManage_Handler
                0x0800f5b4                SVC_Handler
                0x0800f5b4                DMA2_Channel5_IRQHandler
                0x0800f5b4                DMA1_Channel5_IRQHandler
                0x0800f5b4                USB_LP_IRQHandler
                0x0800f5b4                EXTI4_IRQHandler
                0x0800f5b4                USB_LP_CAN1_RX0_IRQHandler
                0x0800f5b4                USB_HP_CAN1_TX_IRQHandler
                0x0800f5b4                DMA1_Channel3_IRQHandler
                0x0800f5b4                ADC4_IRQHandler
                0x0800f5b4                WWDG_IRQHandler
                0x0800f5b4                COMP7_IRQHandler
                0x0800f5b4                COMP1_2_3_IRQHandler
                0x0800f5b4                EXTI1_IRQHandler
                0x0800f5b4                COMP4_5_6_IRQHandler
                0x0800f5b4                I2C2_ER_IRQHandler
                0x0800f5b4                DMA1_Channel2_IRQHandler
                0x0800f5b4                TIM8_BRK_IRQHandler
                0x0800f5b4                CAN1_SCE_IRQHandler
                0x0800f5b4                FLASH_IRQHandler
                0x0800f5b4                BusFault_Handler
                0x0800f5b4                SPI3_IRQHandler
                0x0800f5b4                I2C1_ER_IRQHandler
                0x0800f5b4                USBWakeUp_IRQHandler
                0x0800f5b4                DMA2_Channel3_IRQHandler
 *fill*         0x0800f5b6        0x2 
 .text.cosf     0x0800f5b8       0x90 c:/users/yasha/downloads/cygnus/tools/toolchain/gcc-arm/bin/../lib/gcc/arm-none-eabi/6.3.1/../../../../arm-none-eabi/lib/thumb/v7e-m/fpv4-sp/hard\libm.a(lib_a-sf_cos.o)
                0x0800f5b8                cosf
 .text.lrintf   0x0800f648       0x98 c:/users/yasha/downloads/cygnus/tools/toolchain/gcc-arm/bin/../lib/gcc/arm-none-eabi/6.3.1/../../../../arm-none-eabi/lib/thumb/v7e-m/fpv4-sp/hard\libm.a(lib_a-sf_lrint.o)
                0x0800f648                lrintf
 .text.sinf     0x0800f6e0       0x94 c:/users/yasha/downloads/cygnus/tools/toolchain/gcc-arm/bin/../lib/gcc/arm-none-eabi/6.3.1/../../../../arm-none-eabi/lib/thumb/v7e-m/fpv4-sp/hard\libm.a(lib_a-sf_sin.o)
                0x0800f6e0                sinf
 .text.acosf    0x0800f774       0xb8 c:/users/yasha/downloads/cygnus/tools/toolchain/gcc-arm/bin/../lib/gcc/arm-none-eabi/6.3.1/../../../../arm-none-eabi/lib/thumb/v7e-m/fpv4-sp/hard\libm.a(lib_a-wf_acos.o)
                0x0800f774                acosf
 .text.asinf    0x0800f82c       0xb8 c:/users/yasha/downloads/cygnus/tools/toolchain/gcc-arm/bin/../lib/gcc/arm-none-eabi/6.3.1/../../../../arm-none-eabi/lib/thumb/v7e-m/fpv4-sp/hard\libm.a(lib_a-wf_asin.o)
                0x0800f82c                asinf
 .text.atan2f   0x0800f8e4        0x4 c:/users/yasha/downloads/cygnus/tools/toolchain/gcc-arm/bin/../lib/gcc/arm-none-eabi/6.3.1/../../../../arm-none-eabi/lib/thumb/v7e-m/fpv4-sp/hard\libm.a(lib_a-wf_atan2.o)
                0x0800f8e4                atan2f
 .text.logf     0x0800f8e8       0xf8 c:/users/yasha/downloads/cygnus/tools/toolchain/gcc-arm/bin/../lib/gcc/arm-none-eabi/6.3.1/../../../../arm-none-eabi/lib/thumb/v7e-m/fpv4-sp/hard\libm.a(lib_a-wf_log.o)
                0x0800f8e8                logf
 .text.sqrtf    0x0800f9e0       0xac c:/users/yasha/downloads/cygnus/tools/toolchain/gcc-arm/bin/../lib/gcc/arm-none-eabi/6.3.1/../../../../arm-none-eabi/lib/thumb/v7e-m/fpv4-sp/hard\libm.a(lib_a-wf_sqrt.o)
                0x0800f9e0                sqrtf
 .text.__ieee754_acosf
                0x0800fa8c      0x244 c:/users/yasha/downloads/cygnus/tools/toolchain/gcc-arm/bin/../lib/gcc/arm-none-eabi/6.3.1/../../../../arm-none-eabi/lib/thumb/v7e-m/fpv4-sp/hard\libm.a(lib_a-ef_acos.o)
                0x0800fa8c                __ieee754_acosf
 .text.__ieee754_asinf
                0x0800fcd0      0x1f8 c:/users/yasha/downloads/cygnus/tools/toolchain/gcc-arm/bin/../lib/gcc/arm-none-eabi/6.3.1/../../../../arm-none-eabi/lib/thumb/v7e-m/fpv4-sp/hard\libm.a(lib_a-ef_asin.o)
                0x0800fcd0                __ieee754_asinf
 .text.__ieee754_atan2f
                0x0800fec8      0x180 c:/users/yasha/downloads/cygnus/tools/toolchain/gcc-arm/bin/../lib/gcc/arm-none-eabi/6.3.1/../../../../arm-none-eabi/lib/thumb/v7e-m/fpv4-sp/hard\libm.a(lib_a-ef_atan2.o)
                0x0800fec8                __ieee754_atan2f
 .text.__ieee754_logf
                0x08010048      0x218 c:/users/yasha/downloads/cygnus/tools/toolchain/gcc-arm/bin/../lib/gcc/arm-none-eabi/6.3.1/../../../../arm-none-eabi/lib/thumb/v7e-m/fpv4-sp/hard\libm.a(lib_a-ef_log.o)
                0x08010048                __ieee754_logf
 .text.__ieee754_rem_pio2f
                0x08010260      0x290 c:/users/yasha/downloads/cygnus/tools/toolchain/gcc-arm/bin/../lib/gcc/arm-none-eabi/6.3.1/../../../../arm-none-eabi/lib/thumb/v7e-m/fpv4-sp/hard\libm.a(lib_a-ef_rem_pio2.o)
                0x08010260                __ieee754_rem_pio2f
 .text.__ieee754_sqrtf
                0x080104f0        0x8 c:/users/yasha/downloads/cygnus/tools/toolchain/gcc-arm/bin/../lib/gcc/arm-none-eabi/6.3.1/../../../../arm-none-eabi/lib/thumb/v7e-m/fpv4-sp/hard\libm.a(lib_a-ef_sqrt.o)
                0x080104f0                __ieee754_sqrtf
 .text.__kernel_cosf
                0x080104f8      0x104 c:/users/yasha/downloads/cygnus/tools/toolchain/gcc-arm/bin/../lib/gcc/arm-none-eabi/6.3.1/../../../../arm-none-eabi/lib/thumb/v7e-m/fpv4-sp/hard\libm.a(lib_a-kf_cos.o)
                0x080104f8                __kernel_cosf
 .text.__kernel_rem_pio2f
                0x080105fc      0x690 c:/users/yasha/downloads/cygnus/tools/toolchain/gcc-arm/bin/../lib/gcc/arm-none-eabi/6.3.1/../../../../arm-none-eabi/lib/thumb/v7e-m/fpv4-sp/hard\libm.a(lib_a-kf_rem_pio2.o)
                0x080105fc                __kernel_rem_pio2f
 .text.__kernel_sinf
                0x08010c8c       0x90 c:/users/yasha/downloads/cygnus/tools/toolchain/gcc-arm/bin/../lib/gcc/arm-none-eabi/6.3.1/../../../../arm-none-eabi/lib/thumb/v7e-m/fpv4-sp/hard\libm.a(lib_a-kf_sin.o)
                0x08010c8c                __kernel_sinf
 .text.matherr  0x08010d1c        0x4 c:/users/yasha/downloads/cygnus/tools/toolchain/gcc-arm/bin/../lib/gcc/arm-none-eabi/6.3.1/../../../../arm-none-eabi/lib/thumb/v7e-m/fpv4-sp/hard\libm.a(lib_a-s_matherr.o)
                0x08010d1c                matherr
 .text.nan      0x08010d20       0x10 c:/users/yasha/downloads/cygnus/tools/toolchain/gcc-arm/bin/../lib/gcc/arm-none-eabi/6.3.1/../../../../arm-none-eabi/lib/thumb/v7e-m/fpv4-sp/hard\libm.a(lib_a-s_nan.o)
                0x08010d20                nan
 .text.atanf    0x08010d30      0x1b0 c:/users/yasha/downloads/cygnus/tools/toolchain/gcc-arm/bin/../lib/gcc/arm-none-eabi/6.3.1/../../../../arm-none-eabi/lib/thumb/v7e-m/fpv4-sp/hard\libm.a(lib_a-sf_atan.o)
                0x08010d30                atanf
 .text.fabsf    0x08010ee0       0x10 c:/users/yasha/downloads/cygnus/tools/toolchain/gcc-arm/bin/../lib/gcc/arm-none-eabi/6.3.1/../../../../arm-none-eabi/lib/thumb/v7e-m/fpv4-sp/hard\libm.a(lib_a-sf_fabs.o)
                0x08010ee0                fabsf
 .text.floorf   0x08010ef0       0x90 c:/users/yasha/downloads/cygnus/tools/toolchain/gcc-arm/bin/../lib/gcc/arm-none-eabi/6.3.1/../../../../arm-none-eabi/lib/thumb/v7e-m/fpv4-sp/hard\libm.a(lib_a-sf_floor.o)
                0x08010ef0                floorf
 .text.scalbnf  0x08010f80       0xd0 c:/users/yasha/downloads/cygnus/tools/toolchain/gcc-arm/bin/../lib/gcc/arm-none-eabi/6.3.1/../../../../arm-none-eabi/lib/thumb/v7e-m/fpv4-sp/hard\libm.a(lib_a-sf_scalbn.o)
                0x08010f80                scalbnf
 .text.copysignf
                0x08011050       0x18 c:/users/yasha/downloads/cygnus/tools/toolchain/gcc-arm/bin/../lib/gcc/arm-none-eabi/6.3.1/../../../../arm-none-eabi/lib/thumb/v7e-m/fpv4-sp/hard\libm.a(lib_a-sf_copysign.o)
                0x08011050                copysignf
 .text.__errno  0x08011068        0xc c:/users/yasha/downloads/cygnus/tools/toolchain/gcc-arm/bin/../lib/gcc/arm-none-eabi/6.3.1/../../../../arm-none-eabi/lib/thumb/v7e-m/fpv4-sp/hard\libc.a(lib_a-errno.o)
                0x08011068                __errno
 .text.memset   0x08011074       0x9c c:/users/yasha/downloads/cygnus/tools/toolchain/gcc-arm/bin/../lib/gcc/arm-none-eabi/6.3.1/../../../../arm-none-eabi/lib/thumb/v7e-m/fpv4-sp/hard\libc.a(lib_a-memset.o)
                0x08011074                memset
 .text.strchr   0x08011110       0xe8 c:/users/yasha/downloads/cygnus/tools/toolchain/gcc-arm/bin/../lib/gcc/arm-none-eabi/6.3.1/../../../../arm-none-eabi/lib/thumb/v7e-m/fpv4-sp/hard\libc.a(lib_a-strchr.o)
                0x08011110                strchr
 .text.abort    0x080111f8       0x10 c:/users/yasha/downloads/cygnus/tools/toolchain/gcc-arm/bin/../lib/gcc/arm-none-eabi/6.3.1/../../../../arm-none-eabi/lib/thumb/v7e-m/fpv4-sp/hard\libg.a(lib_a-abort.o)
                0x080111f8                abort
 .text._raise_r
                0x08011208       0x60 c:/users/yasha/downloads/cygnus/tools/toolchain/gcc-arm/bin/../lib/gcc/arm-none-eabi/6.3.1/../../../../arm-none-eabi/lib/thumb/v7e-m/fpv4-sp/hard\libg.a(lib_a-signal.o)
                0x08011208                _raise_r
 .text.raise    0x08011268       0x10 c:/users/yasha/downloads/cygnus/tools/toolchain/gcc-arm/bin/../lib/gcc/arm-none-eabi/6.3.1/../../../../arm-none-eabi/lib/thumb/v7e-m/fpv4-sp/hard\libg.a(lib_a-signal.o)
                0x08011268                raise
 .text._kill_r  0x08011278       0x28 c:/users/yasha/downloads/cygnus/tools/toolchain/gcc-arm/bin/../lib/gcc/arm-none-eabi/6.3.1/../../../../arm-none-eabi/lib/thumb/v7e-m/fpv4-sp/hard\libg.a(lib_a-signalr.o)
                0x08011278                _kill_r
 .text._getpid_r
                0x080112a0        0x4 c:/users/yasha/downloads/cygnus/tools/toolchain/gcc-arm/bin/../lib/gcc/arm-none-eabi/6.3.1/../../../../arm-none-eabi/lib/thumb/v7e-m/fpv4-sp/hard\libg.a(lib_a-signalr.o)
                0x080112a0                _getpid_r
 .text._getpid  0x080112a4       0x10 c:/users/yasha/downloads/cygnus/tools/toolchain/gcc-arm/bin/../lib/gcc/arm-none-eabi/6.3.1/../../../../arm-none-eabi/lib/thumb/v7e-m/fpv4-sp/hard\libnosys.a(getpid.o)
                0x080112a4                _getpid
 .text._kill    0x080112b4       0x10 c:/users/yasha/downloads/cygnus/tools/toolchain/gcc-arm/bin/../lib/gcc/arm-none-eabi/6.3.1/../../../../arm-none-eabi/lib/thumb/v7e-m/fpv4-sp/hard\libnosys.a(kill.o)
                0x080112b4                _kill
 .text._exit    0x080112c4        0x4 c:/users/yasha/downloads/cygnus/tools/toolchain/gcc-arm/bin/../lib/gcc/arm-none-eabi/6.3.1/../../../../arm-none-eabi/lib/thumb/v7e-m/fpv4-sp/hard\libnosys.a(_exit.o)
                0x080112c4                _exit
 *(.rodata)
 .rodata        0x080112c8      0x14e C:\Users\yasha\AppData\Local\Temp\ccGi6IUF.ltrans0.ltrans.o
 .rodata        0x08011416       0x3c C:\Users\yasha\AppData\Local\Temp\ccGi6IUF.ltrans3.ltrans.o
 .rodata        0x08011452       0x30 C:\Users\yasha\AppData\Local\Temp\ccGi6IUF.ltrans5.ltrans.o
 *fill*         0x08011482        0x2 
 .rodata        0x08011484       0x14 C:\Users\yasha\AppData\Local\Temp\ccGi6IUF.ltrans6.ltrans.o
                0x08011484                refArrayQuadrants
                0x08011494                serialPortIdentifiers
 .rodata        0x08011498      0x120 C:\Users\yasha\AppData\Local\Temp\ccGi6IUF.ltrans9.ltrans.o
                0x080115b4                magneticDeclination
 .rodata        0x080115b8       0x1c C:\Users\yasha\AppData\Local\Temp\ccGi6IUF.ltrans13.ltrans.o
                0x080115d0                SystemCoreClock
 .rodata        0x080115d4       0x1c C:\Users\yasha\AppData\Local\Temp\ccGi6IUF.ltrans15.ltrans.o
 .rodata        0x080115f0      0x150 C:\Users\yasha\AppData\Local\Temp\ccGi6IUF.ltrans19.ltrans.o
                0x080115f0                _ZL5boxes.lto_priv.199
 *(.rodata*)
 .rodata.str1.1
                0x08011740       0x23 C:\Users\yasha\AppData\Local\Temp\ccGi6IUF.ltrans5.ltrans.o
 .rodata.str1.1
                0x08011763       0xa1 C:\Users\yasha\AppData\Local\Temp\ccGi6IUF.ltrans9.ltrans.o
                                 0xa8 (size before relaxing)
 .rodata.str1.1
                0x08011804        0x9 C:\Users\yasha\AppData\Local\Temp\ccGi6IUF.ltrans13.ltrans.o
 .rodata.str1.1
                0x0801180d       0xe2 C:\Users\yasha\AppData\Local\Temp\ccGi6IUF.ltrans19.ltrans.o
 *fill*         0x080118ef        0x1 
 .rodata.TWO23  0x080118f0        0x8 c:/users/yasha/downloads/cygnus/tools/toolchain/gcc-arm/bin/../lib/gcc/arm-none-eabi/6.3.1/../../../../arm-none-eabi/lib/thumb/v7e-m/fpv4-sp/hard\libm.a(lib_a-sf_lrint.o)
 .rodata.acosf.str1.4
                0x080118f8        0x6 c:/users/yasha/downloads/cygnus/tools/toolchain/gcc-arm/bin/../lib/gcc/arm-none-eabi/6.3.1/../../../../arm-none-eabi/lib/thumb/v7e-m/fpv4-sp/hard\libm.a(lib_a-wf_acos.o)
                                  0x9 (size before relaxing)
 *fill*         0x080118fe        0x2 
 .rodata.asinf.str1.4
                0x08011900        0x6 c:/users/yasha/downloads/cygnus/tools/toolchain/gcc-arm/bin/../lib/gcc/arm-none-eabi/6.3.1/../../../../arm-none-eabi/lib/thumb/v7e-m/fpv4-sp/hard\libm.a(lib_a-wf_asin.o)
                                  0x9 (size before relaxing)
 *fill*         0x08011906        0x2 
 .rodata.logf.str1.4
                0x08011908        0x5 c:/users/yasha/downloads/cygnus/tools/toolchain/gcc-arm/bin/../lib/gcc/arm-none-eabi/6.3.1/../../../../arm-none-eabi/lib/thumb/v7e-m/fpv4-sp/hard\libm.a(lib_a-wf_log.o)
                                  0x9 (size before relaxing)
 *fill*         0x0801190d        0x3 
 .rodata.sqrtf.str1.4
                0x08011910        0x8 c:/users/yasha/downloads/cygnus/tools/toolchain/gcc-arm/bin/../lib/gcc/arm-none-eabi/6.3.1/../../../../arm-none-eabi/lib/thumb/v7e-m/fpv4-sp/hard\libm.a(lib_a-wf_sqrt.o)
                                  0x6 (size before relaxing)
 .rodata.npio2_hw
                0x08011918       0x80 c:/users/yasha/downloads/cygnus/tools/toolchain/gcc-arm/bin/../lib/gcc/arm-none-eabi/6.3.1/../../../../arm-none-eabi/lib/thumb/v7e-m/fpv4-sp/hard\libm.a(lib_a-ef_rem_pio2.o)
 .rodata.two_over_pi
                0x08011998      0x318 c:/users/yasha/downloads/cygnus/tools/toolchain/gcc-arm/bin/../lib/gcc/arm-none-eabi/6.3.1/../../../../arm-none-eabi/lib/thumb/v7e-m/fpv4-sp/hard\libm.a(lib_a-ef_rem_pio2.o)
 .rodata.PIo2   0x08011cb0       0x2c c:/users/yasha/downloads/cygnus/tools/toolchain/gcc-arm/bin/../lib/gcc/arm-none-eabi/6.3.1/../../../../arm-none-eabi/lib/thumb/v7e-m/fpv4-sp/hard\libm.a(lib_a-kf_rem_pio2.o)
 .rodata.init_jk
                0x08011cdc        0xc c:/users/yasha/downloads/cygnus/tools/toolchain/gcc-arm/bin/../lib/gcc/arm-none-eabi/6.3.1/../../../../arm-none-eabi/lib/thumb/v7e-m/fpv4-sp/hard\libm.a(lib_a-kf_rem_pio2.o)
 .rodata.atanhi
                0x08011ce8       0x10 c:/users/yasha/downloads/cygnus/tools/toolchain/gcc-arm/bin/../lib/gcc/arm-none-eabi/6.3.1/../../../../arm-none-eabi/lib/thumb/v7e-m/fpv4-sp/hard\libm.a(lib_a-sf_atan.o)
 .rodata.atanlo
                0x08011cf8       0x10 c:/users/yasha/downloads/cygnus/tools/toolchain/gcc-arm/bin/../lib/gcc/arm-none-eabi/6.3.1/../../../../arm-none-eabi/lib/thumb/v7e-m/fpv4-sp/hard\libm.a(lib_a-sf_atan.o)
 *(.glue_7)
 .glue_7        0x08011d08        0x0 linker stubs
 *(.glue_7t)
 .glue_7t       0x08011d08        0x0 linker stubs
 *(.eh_frame)
 *(.init)
 *(.fini)
                0x08011d08                . = ALIGN (0x4)
                0x08011d08                _etext = .

.vfp11_veneer   0x08011d08        0x0
 .vfp11_veneer  0x08011d08        0x0 linker stubs

.v4_bx          0x08011d08        0x0
 .v4_bx         0x08011d08        0x0 linker stubs

.iplt           0x08011d08        0x0
 .iplt          0x08011d08        0x0 ./libs\libpluto_0.3.a(startup_stm32f30x_md_gcc.o)

.ARM.extab      0x08011d08       0x90
 *(.ARM.extab* .gnu.linkonce.armextab.*)
 .ARM.extab.text.startup
                0x08011d08        0xc C:\Users\yasha\AppData\Local\Temp\ccGi6IUF.ltrans1.ltrans.o
 .ARM.extab     0x08011d14        0xc C:\Users\yasha\AppData\Local\Temp\ccGi6IUF.ltrans5.ltrans.o
 .ARM.extab     0x08011d20        0xc C:\Users\yasha\AppData\Local\Temp\ccGi6IUF.ltrans9.ltrans.o
 .ARM.extab     0x08011d2c       0x18 C:\Users\yasha\AppData\Local\Temp\ccGi6IUF.ltrans10.ltrans.o
 .ARM.extab     0x08011d44       0x24 C:\Users\yasha\AppData\Local\Temp\ccGi6IUF.ltrans11.ltrans.o
 .ARM.extab     0x08011d68        0xc C:\Users\yasha\AppData\Local\Temp\ccGi6IUF.ltrans14.ltrans.o
 .ARM.extab     0x08011d74        0xc C:\Users\yasha\AppData\Local\Temp\ccGi6IUF.ltrans19.ltrans.o
 .ARM.extab     0x08011d80       0x18 c:/users/yasha/downloads/cygnus/tools/toolchain/gcc-arm/bin/../lib/gcc/arm-none-eabi/6.3.1/thumb/v7e-m/fpv4-sp/hard\libgcc.a(pr-support.o)

.ARM            0x08011d98      0x1e8
                0x08011d98                __exidx_start = .
 *(.ARM.exidx*)
 .ARM.exidx     0x08011d98        0x8 C:\Users\yasha\AppData\Local\Temp\ccGi6IUF.ltrans0.ltrans.o
 .ARM.exidx.text.startup
                0x08011f70        0x8 C:\Users\yasha\AppData\Local\Temp\ccGi6IUF.ltrans1.ltrans.o
 .ARM.exidx     0x08011da0        0x8 C:\Users\yasha\AppData\Local\Temp\ccGi6IUF.ltrans3.ltrans.o
 .ARM.exidx     0x08011da8        0x8 C:\Users\yasha\AppData\Local\Temp\ccGi6IUF.ltrans4.ltrans.o
                                 0x40 (size before relaxing)
 .ARM.exidx     0x08011db0       0x20 C:\Users\yasha\AppData\Local\Temp\ccGi6IUF.ltrans5.ltrans.o
 .ARM.exidx     0x08011dd0        0x8 C:\Users\yasha\AppData\Local\Temp\ccGi6IUF.ltrans6.ltrans.o
                                 0x48 (size before relaxing)
 .ARM.exidx     0x08011dd8       0x18 C:\Users\yasha\AppData\Local\Temp\ccGi6IUF.ltrans7.ltrans.o
                                 0x40 (size before relaxing)
 .ARM.exidx     0x08011df0       0x28 C:\Users\yasha\AppData\Local\Temp\ccGi6IUF.ltrans9.ltrans.o
                                 0x90 (size before relaxing)
 .ARM.exidx.text.startup
                0x08011f78        0x8 C:\Users\yasha\AppData\Local\Temp\ccGi6IUF.ltrans9.ltrans.o
 .ARM.exidx     0x08011e18       0x20 C:\Users\yasha\AppData\Local\Temp\ccGi6IUF.ltrans10.ltrans.o
                                 0x40 (size before relaxing)
 .ARM.exidx     0x08011e38       0x30 C:\Users\yasha\AppData\Local\Temp\ccGi6IUF.ltrans11.ltrans.o
                                 0x38 (size before relaxing)
 .ARM.exidx     0x08011e68        0x0 C:\Users\yasha\AppData\Local\Temp\ccGi6IUF.ltrans12.ltrans.o
                                  0x8 (size before relaxing)
 .ARM.exidx     0x08011e68       0x28 C:\Users\yasha\AppData\Local\Temp\ccGi6IUF.ltrans13.ltrans.o
                                 0xc0 (size before relaxing)
 .ARM.exidx     0x08011e90       0x10 C:\Users\yasha\AppData\Local\Temp\ccGi6IUF.ltrans14.ltrans.o
                                 0x50 (size before relaxing)
 .ARM.exidx     0x08011ea0       0x10 C:\Users\yasha\AppData\Local\Temp\ccGi6IUF.ltrans16.ltrans.o
 .ARM.exidx     0x08011eb0        0x0 C:\Users\yasha\AppData\Local\Temp\ccGi6IUF.ltrans18.ltrans.o
                                 0x70 (size before relaxing)
 .ARM.exidx     0x08011eb0       0x10 C:\Users\yasha\AppData\Local\Temp\ccGi6IUF.ltrans19.ltrans.o
                                  0x8 (size before relaxing)
 .ARM.exidx     0x08011ec0        0x0 C:\Users\yasha\AppData\Local\Temp\ccGi6IUF.ltrans20.ltrans.o
                                  0x8 (size before relaxing)
 .ARM.exidx     0x08011ec0        0x0 C:\Users\yasha\AppData\Local\Temp\ccGi6IUF.ltrans21.ltrans.o
                                 0x18 (size before relaxing)
 .ARM.exidx     0x08011ec0        0x0 c:/users/yasha/downloads/cygnus/tools/toolchain/gcc-arm/bin/../lib/gcc/arm-none-eabi/6.3.1/thumb/v7e-m/fpv4-sp/hard\libgcc.a(_udivmoddi4.o)
                                  0x8 (size before relaxing)
 .ARM.exidx     0x08011ec0       0x78 c:/users/yasha/downloads/cygnus/tools/toolchain/gcc-arm/bin/../lib/gcc/arm-none-eabi/6.3.1/thumb/v7e-m/fpv4-sp/hard\libgcc.a(unwind-arm.o)
                                 0xd8 (size before relaxing)
 .ARM.exidx     0x08011f38       0x38 c:/users/yasha/downloads/cygnus/tools/toolchain/gcc-arm/bin/../lib/gcc/arm-none-eabi/6.3.1/thumb/v7e-m/fpv4-sp/hard\libgcc.a(pr-support.o)
                                 0x48 (size before relaxing)
                0x08011f80                __exidx_end = .

.rel.dyn        0x08011f80        0x0
 .rel.iplt      0x08011f80        0x0 ./libs\libpluto_0.3.a(startup_stm32f30x_md_gcc.o)

.preinit_array  0x08011f80        0x0
                [!provide]                PROVIDE (__preinit_array_start, .)
 *(.preinit_array*)
                [!provide]                PROVIDE (__preinit_array_end, .)

.init_array     0x08011f80        0x4
                [!provide]                PROVIDE (__init_array_start, .)
 *(SORT(.init_array.*))
 *(.init_array*)
 .init_array    0x08011f80        0x4 C:\Users\yasha\AppData\Local\Temp\ccGi6IUF.ltrans9.ltrans.o
                [!provide]                PROVIDE (__init_array_end, .)

.fini_array     0x08011f84        0x0
                [!provide]                PROVIDE (__fini_array_start, .)
 *(.fini_array*)
 *(SORT(.fini_array.*))
                [!provide]                PROVIDE (__fini_array_end, .)
                0x08011f84                _sidata = .

.data           0x20000000      0x4d0 load address 0x08011f84
                0x20000000                . = ALIGN (0x4)
                0x20000000                _sdata = .
 *(.data)
 .data          0x20000000        0xa C:\Users\yasha\AppData\Local\Temp\ccGi6IUF.ltrans1.ltrans.o
 .data          0x2000000a        0x2 C:\Users\yasha\AppData\Local\Temp\ccGi6IUF.ltrans3.ltrans.o
                0x2000000a                _ZL18rxIsInFailsafeMode.lto_priv.254
                0x2000000b                _ZL31rxIsInFailsafeModeNotDataDriven.lto_priv.256
 .data          0x2000000c        0xc C:\Users\yasha\AppData\Local\Temp\ccGi6IUF.ltrans4.ltrans.o
 .data          0x20000018        0x5 C:\Users\yasha\AppData\Local\Temp\ccGi6IUF.ltrans6.ltrans.o
                0x20000018                _ZL13rcReadRawFunc.lto_priv.231
                0x2000001c                _ZL18isUsingSticksToArm.lto_priv.227
 *fill*         0x2000001d        0x1 
 .data          0x2000001e        0x2 C:\Users\yasha\AppData\Local\Temp\ccGi6IUF.ltrans7.ltrans.o
 .data          0x20000020       0x2c C:\Users\yasha\AppData\Local\Temp\ccGi6IUF.ltrans9.ltrans.o
                0x20000020                dcm_matrix
 .data          0x2000004c        0x9 C:\Users\yasha\AppData\Local\Temp\ccGi6IUF.ltrans10.ltrans.o
                0x20000054                velocityControl
 *fill*         0x20000055        0x3 
 .data          0x20000058        0x8 C:\Users\yasha\AppData\Local\Temp\ccGi6IUF.ltrans11.ltrans.o
                0x20000058                headFreeModeHold
                0x2000005c                pid_controller
 .data          0x20000060       0x31 C:\Users\yasha\AppData\Local\Temp\ccGi6IUF.ltrans14.ltrans.o
                0x20000090                _ZL22standardBoardAlignment.lto_priv.334
 *fill*         0x20000091        0x1 
 .data          0x20000092        0x2 C:\Users\yasha\AppData\Local\Temp\ccGi6IUF.ltrans16.ltrans.o
                0x20000092                acc_1G
 .data          0x20000094        0x4 C:\Users\yasha\AppData\Local\Temp\ccGi6IUF.ltrans19.ltrans.o
                0x20000094                command_status
                0x20000096                max_altitude
 .data          0x20000098        0x6 C:\Users\yasha\AppData\Local\Temp\ccGi6IUF.ltrans21.ltrans.o
                0x20000098                setLandTimer
                0x2000009a                takeOffHeight
                0x2000009c                landThrottle
 *(.data*)
 .data.__fdlib_version
                0x2000009e        0x1 c:/users/yasha/downloads/cygnus/tools/toolchain/gcc-arm/bin/../lib/gcc/arm-none-eabi/6.3.1/../../../../arm-none-eabi/lib/thumb/v7e-m/fpv4-sp/hard\libm.a(lib_a-s_lib_ver.o)
                0x2000009e                __fdlib_version
 *fill*         0x2000009f        0x1 
 .data._impure_ptr
                0x200000a0        0x4 c:/users/yasha/downloads/cygnus/tools/toolchain/gcc-arm/bin/../lib/gcc/arm-none-eabi/6.3.1/../../../../arm-none-eabi/lib/thumb/v7e-m/fpv4-sp/hard\libc.a(lib_a-impure.o)
                0x200000a0                _impure_ptr
 *fill*         0x200000a4        0x4 
 .data.impure_data
                0x200000a8      0x428 c:/users/yasha/downloads/cygnus/tools/toolchain/gcc-arm/bin/../lib/gcc/arm-none-eabi/6.3.1/../../../../arm-none-eabi/lib/thumb/v7e-m/fpv4-sp/hard\libc.a(lib_a-impure.o)
                0x200004d0                . = ALIGN (0x4)
                0x200004d0                _edata = .

.igot.plt       0x200004d0        0x0 load address 0x08012454
 .igot.plt      0x200004d0        0x0 ./libs\libpluto_0.3.a(startup_stm32f30x_md_gcc.o)
                0x200004d0                . = ALIGN (0x4)

.bss            0x200004d0     0x1a74 load address 0x08012454
                0x200004d0                _sbss = .
                0x200004d0                __bss_start__ = _sbss
 *(.bss)
 .bss           0x200004d0       0x5e C:\Users\yasha\AppData\Local\Temp\ccGi6IUF.ltrans0.ltrans.o
 *fill*         0x2000052e        0x2 
 .bss           0x20000530      0x2ce C:\Users\yasha\AppData\Local\Temp\ccGi6IUF.ltrans1.ltrans.o
                0x20000550                gyroAlign
                0x200005a4                acc
                0x200005b0                accAlign
                0x20000608                smallAngle
                0x2000060c                previousTime
                0x20000620                _ZL12batteryState.lto_priv.301
                0x20000622                batteryWarningVoltage
                0x20000624                batteryCriticalVoltage
                0x2000063c                _ZL8mspPorts.lto_priv.323
                0x200006d6                _ZL13rxRefreshRate.lto_priv.303
                0x2000071c                _ZL12currentMixer.lto_priv.280
                0x200007dc                motorControlEnable
                0x200007fc                GPIO
                0x200007fd                batteryCellCount
 *fill*         0x200007fe        0x2 
 .bss           0x20000800      0x110 C:\Users\yasha\AppData\Local\Temp\ccGi6IUF.ltrans3.ltrans.o
                0x20000800                _ZL10rxUpdateAt.lto_priv.253
                0x20000828                _ZL16rxSignalReceived.lto_priv.237
                0x20000829                _ZL29rxSignalReceivedNotDataDriven.lto_priv.255
                0x2000082b                _ZL13rcSampleIndex.lto_priv.302
                0x200008a8                _ZL8rxConfig.lto_priv.320
                0x200008ac                _ZL8disarmAt.lto_priv.233
                0x200008b3                isThrottleStickArmed
                0x200008b4                netAccMagnitude
                0x200008b8                calibratingG
                0x200008ba                AccInflightCalibrationMeasurementDone
                0x200008bb                AccInflightCalibrationSavetoEEProm
                0x200008be                InflightcalibratingA
                0x200008c0                AccInflightCalibrationActive
                0x200008c2                isHeadSet
                0x200008c4                rcInvalidPulsPeriod
                0x2000090c                calibratingB
                0x2000090e                isChukedArmed
                0x2000090f                isTookOff
 .bss           0x20000910      0x239 C:\Users\yasha\AppData\Local\Temp\ccGi6IUF.ltrans4.ltrans.o
                0x20000958                _ZL8captures.lto_priv.190
                0x20000970                _ZL13ppmFrameCount.lto_priv.257
                0x20000974                _ZL6motors.lto_priv.209
                0x20000b48                _ZL18inputFilteringMode.lto_priv.283
 *fill*         0x20000b49        0x3 
 .bss           0x20000b4c       0x98 C:\Users\yasha\AppData\Local\Temp\ccGi6IUF.ltrans5.ltrans.o
                0x20000b4c                _ZL14enabledSensors.lto_priv.223
                0x20000b50                _ZL16activeBoxIdCount.lto_priv.322
                0x20000b51                _ZL12activeBoxIds.lto_priv.321
                0x20000b6e                accSmooth
                0x20000b74                gyroADC
                0x20000b7a                motor
                0x20000b92                inclination_generalised
                0x20000b98                heading
                0x20000b9c                _ZL6EstAlt.lto_priv.221
                0x20000ba0                vario
                0x20000ba4                mAhDrawn
                0x20000ba8                rssi
                0x20000bac                amperage
                0x20000bb0                _ZL15serialPortCount.lto_priv.336
                0x20000bb4                _ZL19serialPortUsageList.lto_priv.207
 .bss           0x20000be4      0x65b C:\Users\yasha\AppData\Local\Temp\ccGi6IUF.ltrans6.ltrans.o
                0x20000be6                isUserMotorInit
                0x20000bf0                userMotor
                0x20000c10                initInternalMotors
                0x20000c12                motor_disarmed
                0x20000c2c                rxRuntimeConfigPtr.lto_priv.274
                0x20000c30                rxRuntimeConfig
                0x20000c34                masterConfig
                0x20001184                spek_chan_shift.lto_priv.273
                0x20001185                spek_chan_mask.lto_priv.275
                0x20001186                spekHiRes.lto_priv.189
                0x20001188                _ZL17escAndServoConfig.lto_priv.224
                0x2000118c                _ZL10pidProfile.lto_priv.225
                0x20001190                _ZL19activeFeaturesLatch.lto_priv.191
                0x20001194                rcData
                0x200011b8                _ZL5uart2.lto_priv.246
                0x200011bc                omega_I
                0x200011c8                omega_P
                0x200011d4                omega_yaw_P
                0x200011e0                omega
                0x200011ec                anglerad
                0x200011f8                currentTime
                0x20001200                compassLastUpdatedAt
                0x20001204                magADC
                0x2000120c                mag
                0x20001214                magAlign
                0x20001215                stateFlags
                0x2000121c                have_initial_yaw
                0x20001230                _ZL7magInit.lto_priv.324
                0x20001234                _ZL5uart3.lto_priv.247
                0x20001238                UART
                0x20001239                spi
                0x2000123e                Motor
 *fill*         0x2000123f        0x1 
 .bss           0x20001240       0xec C:\Users\yasha\AppData\Local\Temp\ccGi6IUF.ltrans7.ltrans.o
                0x20001244                _ZL16mpuIntExtiConfig.lto_priv.331
                0x2000124c                new_position
                0x20001270                accSum
                0x2000127c                accSumXYZ
                0x20001288                accSumCountXYZ
                0x2000128c                accTimeSum
                0x200012d8                accVelScale
                0x200012dc                k3
                0x200012e0                k2
                0x200012e4                k1
                0x20001304                flipState
                0x20001308                flipStartTime
                0x2000130c                rcModeActivationMask
                0x20001310                VelocityZ
                0x20001314                flipDirection
                0x20001318                stateon
                0x2000131c                inclination
                0x20001322                posZ
                0x20001324                posY
                0x20001326                posX
                0x20001328                accSumCount
 .bss           0x2000132c       0xb9 C:\Users\yasha\AppData\Local\Temp\ccGi6IUF.ltrans9.ltrans.o
                0x2000132c                extiHandlerConfigs.lto_priv.337
                0x20001334                _ZL13mspSerialPort.lto_priv.239
                0x2000133a                lookupThrottleRC
                0x20001352                lookupPitchRollRC
                0x20001360                _ZL10beeperIsOn.lto_priv.244
                0x20001364                _ZL20beeperNextToggleTime.lto_priv.243
                0x20001368                _ZL9beeperPos.lto_priv.245
                0x2000136c                _ZL18currentBeeperEntry.lto_priv.242
                0x20001388                usTicks.lto_priv.338
                0x2000138c                cycleTime
                0x2000138e                motorCount
                0x200013b2                accADC
                0x200013b8                ra_deltaT
                0x200013d8                ra_sum
                0x200013e4                _ZL15warningLedState.lto_priv.241
 *fill*         0x200013e5        0x3 
 .bss           0x200013e8      0x104 C:\Users\yasha\AppData\Local\Temp\ccGi6IUF.ltrans10.ltrans.o
                0x20001440                gyro
                0x20001464                _ZL19initialThrottleHold.lto_priv.236
                0x20001468                errorVelocityI
                0x2000146c                altHoldThrottleAdjustment
                0x20001474                baroGroundTemperature
                0x20001478                baroGroundPressure
                0x200014e0                AltHold
                0x200014e4                setVelocity
 .bss           0x200014ec       0xc0 C:\Users\yasha\AppData\Local\Temp\ccGi6IUF.ltrans11.ltrans.o
                0x2000150c                rcCommand
                0x20001514                PIDweight
                0x20001518                _ZL10PTermState.lto_priv.217
                0x20001524                _ZL10errorGyroI.lto_priv.215
                0x20001536                axisPID
                0x2000153c                _ZL11errorAngleI.lto_priv.216
                0x20001544                dynP8
                0x2000155c                _ZL10DTermState.lto_priv.218
                0x20001568                dynD8
                0x2000157c                _ZL11errorGyroIf.lto_priv.219
                0x20001588                _ZL12errorAngleIf.lto_priv.220
                0x20001598                accZoffsetCalCycle
 .bss           0x200015ac        0x2 C:\Users\yasha\AppData\Local\Temp\ccGi6IUF.ltrans12.ltrans.o
 *fill*         0x200015ae        0x2 
 .bss           0x200015b0      0x2d8 C:\Users\yasha\AppData\Local\Temp\ccGi6IUF.ltrans13.ltrans.o
                0x200015b0                _ZL8ms5611_c.lto_priv.325
                0x200015c0                currentControlRateProfile
                0x200015c4                lookupYawRC
                0x200015d4                currentProfile
                0x200015d8                _ZL30currentControlRateProfileIndex.lto_priv.226
                0x200015dc                _ZL8rxConfig.lto_priv.183
                0x200015e0                adjustmentStates
                0x20001610                _ZL10gyroConfig.lto_priv.249
                0x20001614                _ZL14failsafeConfig.lto_priv.228
                0x20001618                _ZL13failsafeState.lto_priv.192
                0x2000163c                crashTimer
                0x20001648                _ZL17accelerationTrims.lto_priv.248
                0x2000164c                _ZL14flight3DConfig.lto_priv.235
                0x20001650                _ZL17escAndServoConfig.lto_priv.181
                0x20001654                _ZL11mixerConfig.lto_priv.234
                0x20001658                _ZL8rxConfig.lto_priv.182
                0x2000166c                _ZL16imuRuntimeConfig.lto_priv.210
                0x20001670                _ZL11accDeadband.lto_priv.211
                0x20001674                throttleAngleScale
                0x20001678                _ZL10pidProfile.lto_priv.174
                0x2000167c                _ZL16rcControlsConfig.lto_priv.178
                0x20001680                _ZL17escAndServoConfig.lto_priv.180
                0x20001684                _ZL8_updated.lto_priv.250
                0x20001688                temperatureSum
                0x2000168c                temperatureCount
                0x20001690                _ZL11pressureSum.lto_priv.251
                0x20001694                _ZL13pressureCount.lto_priv.252
                0x20001698                baroTemperature
                0x2000169c                baroPressure
                0x200016a0                baro
                0x200016b8                sysTickUptime.lto_priv.188
                0x200016bc                _ZL12_last_update.lto_priv.222
                0x200016c8                timerConfig
                0x200017e0                uartPort2.lto_priv.185
                0x20001834                uartPort1.lto_priv.184
 .bss           0x20001888      0x281 C:\Users\yasha\AppData\Local\Temp\ccGi6IUF.ltrans14.ltrans.o
                0x200018c1                _ZL16xBusChannelCount.lto_priv.313
                0x200018c2                _ZL17xBusFrameReceived.lto_priv.259
                0x200018c4                spekChannelData.lto_priv.276
                0x200018f4                sumhChannels.lto_priv.262
                0x20001914                sumdChannels.lto_priv.267
                0x20001934                sbusChannelData.lto_priv.270
                0x2000197c                mspFrame.lto_priv.193
                0x200019a4                _ZL17xBusFramePosition.lto_priv.311
                0x200019a5                _ZL16xBusDataIncoming.lto_priv.310
                0x200019a6                _ZL15xBusFrameLength.lto_priv.312
                0x200019a7                _ZL12xBusProvider.lto_priv.314
                0x200019ad                spekFrame.lto_priv.272
                0x200019bd                rcFrameComplete.lto_priv.271
                0x200019c5                sumhFrame.lto_priv.261
                0x200019da                sumhFrameDone.lto_priv.260
                0x200019e1                sumdFrameDone.lto_priv.263
                0x200019e2                crc.lto_priv.264
                0x200019e4                sumdChannelCount.lto_priv.265
                0x200019e5                sumd.lto_priv.266
                0x20001a11                sbusFrame.lto_priv.269
                0x20001a2a                sbusFrameDone.lto_priv.268
                0x20001a34                _ZL13boardRotation.lto_priv.335
                0x20001a58                batteryConfig
                0x20001a5c                adcConfig
                0x20001a6c                adcValues
                0x20001a74                vbatLatestADC
                0x20001b00                vbat
                0x20001b04                _ZL20suspendRxSignalUntil.lto_priv.230
                0x20001b08                _ZL13skipRxSamples.lto_priv.229
 .bss           0x20001b09      0x400 C:\Users\yasha\AppData\Local\Temp\ccGi6IUF.ltrans15.ltrans.o
 *fill*         0x20001f09        0x3 
 .bss           0x20001f0c       0x18 C:\Users\yasha\AppData\Local\Temp\ccGi6IUF.ltrans16.ltrans.o
                0x20001f0c                i2c1ErrorCount.lto_priv.201
                0x20001f0e                i2c2ErrorCount.lto_priv.202
                0x20001f10                mpuConfiguration
                0x20001f20                I2Cx.lto_priv.200
 .bss           0x20001f24        0x4 C:\Users\yasha\AppData\Local\Temp\ccGi6IUF.ltrans18.ltrans.o
                0x20001f24                flightIndicatorFlag
                0x20001f26                flightModeFlags
 .bss           0x20001f28       0x15 C:\Users\yasha\AppData\Local\Temp\ccGi6IUF.ltrans19.ltrans.o
                0x20001f28                _ZL11currentPort.lto_priv.203
                0x20001f2c                armingFlags
                0x20001f2e                magHold
                0x20001f30                rxMspFrameDone.lto_priv.258
                0x20001f31                isLanding
                0x20001f32                current_command
                0x20001f34                calibratingA
                0x20001f38                _ZL12serialConfig.lto_priv.208
                0x20001f3c                _ZL17isRebootScheduled.lto_priv.240
 .bss           0x20001f3d        0x3 C:\Users\yasha\AppData\Local\Temp\ccGi6IUF.ltrans21.ltrans.o
                0x20001f3d                isCalibrated
                0x20001f3e                _ZL12isBatteryLow.lto_priv.238
                0x20001f3f                isTakeOffHeightSet
 *(SORT(.bss*))
 *(COMMON)
 COMMON         0x20001f40        0x4 c:/users/yasha/downloads/cygnus/tools/toolchain/gcc-arm/bin/../lib/gcc/arm-none-eabi/6.3.1/../../../../arm-none-eabi/lib/thumb/v7e-m/fpv4-sp/hard\libg.a(lib_a-reent.o)
                0x20001f40                errno
                0x20001f44                . = ALIGN (0x4)
                0x20001f44                _ebss = .
                0x20001f44                __bss_end__ = _ebss

._user_heap_stack
                0x20001f44      0x400 load address 0x08012454
                0x20001f44                . = ALIGN (0x4)
                0x20001f44                PROVIDE (end, .)
                [!provide]                PROVIDE (_end, .)
                0x20001f44                . = (. + _Min_Heap_Size)
                0x20002344                . = (. + _Min_Stack_Size)
 *fill*         0x20001f44      0x400 
                0x20002344                . = ALIGN (0x4)

.memory_b1_text
 *(.mb1text)
 *(.mb1text*)
 *(.mb1rodata)
 *(.mb1rodata*)

/DISCARD/
 libc.a(*)
 libm.a(*)
 libgcc.a(*)

.ARM.attributes
                0x00000000       0x37
 *(.ARM.attributes)
 .ARM.attributes
                0x00000000       0x37 C:\Users\yasha\AppData\Local\Temp\ccGi6IUF.ltrans0.ltrans.o
 .ARM.attributes
                0x00000037       0x37 C:\Users\yasha\AppData\Local\Temp\ccGi6IUF.ltrans1.ltrans.o
 .ARM.attributes
                0x0000006e       0x37 C:\Users\yasha\AppData\Local\Temp\ccGi6IUF.ltrans3.ltrans.o
 .ARM.attributes
                0x000000a5       0x37 C:\Users\yasha\AppData\Local\Temp\ccGi6IUF.ltrans4.ltrans.o
 .ARM.attributes
                0x000000dc       0x37 C:\Users\yasha\AppData\Local\Temp\ccGi6IUF.ltrans5.ltrans.o
 .ARM.attributes
                0x00000113       0x37 C:\Users\yasha\AppData\Local\Temp\ccGi6IUF.ltrans6.ltrans.o
 .ARM.attributes
                0x0000014a       0x37 C:\Users\yasha\AppData\Local\Temp\ccGi6IUF.ltrans7.ltrans.o
 .ARM.attributes
                0x00000181       0x37 C:\Users\yasha\AppData\Local\Temp\ccGi6IUF.ltrans9.ltrans.o
 .ARM.attributes
                0x000001b8       0x37 C:\Users\yasha\AppData\Local\Temp\ccGi6IUF.ltrans10.ltrans.o
 .ARM.attributes
                0x000001ef       0x37 C:\Users\yasha\AppData\Local\Temp\ccGi6IUF.ltrans11.ltrans.o
 .ARM.attributes
                0x00000226       0x37 C:\Users\yasha\AppData\Local\Temp\ccGi6IUF.ltrans12.ltrans.o
 .ARM.attributes
                0x0000025d       0x37 C:\Users\yasha\AppData\Local\Temp\ccGi6IUF.ltrans13.ltrans.o
 .ARM.attributes
                0x00000294       0x37 C:\Users\yasha\AppData\Local\Temp\ccGi6IUF.ltrans14.ltrans.o
 .ARM.attributes
                0x000002cb       0x37 C:\Users\yasha\AppData\Local\Temp\ccGi6IUF.ltrans15.ltrans.o
 .ARM.attributes
                0x00000302       0x37 C:\Users\yasha\AppData\Local\Temp\ccGi6IUF.ltrans16.ltrans.o
 .ARM.attributes
                0x00000339       0x37 C:\Users\yasha\AppData\Local\Temp\ccGi6IUF.ltrans17.ltrans.o
 .ARM.attributes
                0x00000370       0x37 C:\Users\yasha\AppData\Local\Temp\ccGi6IUF.ltrans18.ltrans.o
 .ARM.attributes
                0x000003a7       0x37 C:\Users\yasha\AppData\Local\Temp\ccGi6IUF.ltrans19.ltrans.o
 .ARM.attributes
                0x000003de       0x37 C:\Users\yasha\AppData\Local\Temp\ccGi6IUF.ltrans20.ltrans.o
 .ARM.attributes
                0x00000415       0x37 C:\Users\yasha\AppData\Local\Temp\ccGi6IUF.ltrans21.ltrans.o
 .ARM.attributes
                0x0000044c       0x21 ./libs\libpluto_0.3.a(startup_stm32f30x_md_gcc.o)
 .ARM.attributes
                0x0000046d       0x34 c:/users/yasha/downloads/cygnus/tools/toolchain/gcc-arm/bin/../lib/gcc/arm-none-eabi/6.3.1/../../../../arm-none-eabi/lib/thumb/v7e-m/fpv4-sp/hard\libm.a(lib_a-sf_cos.o)
 .ARM.attributes
                0x000004a1       0x34 c:/users/yasha/downloads/cygnus/tools/toolchain/gcc-arm/bin/../lib/gcc/arm-none-eabi/6.3.1/../../../../arm-none-eabi/lib/thumb/v7e-m/fpv4-sp/hard\libm.a(lib_a-sf_lrint.o)
 .ARM.attributes
                0x000004d5       0x34 c:/users/yasha/downloads/cygnus/tools/toolchain/gcc-arm/bin/../lib/gcc/arm-none-eabi/6.3.1/../../../../arm-none-eabi/lib/thumb/v7e-m/fpv4-sp/hard\libm.a(lib_a-sf_sin.o)
 .ARM.attributes
                0x00000509       0x34 c:/users/yasha/downloads/cygnus/tools/toolchain/gcc-arm/bin/../lib/gcc/arm-none-eabi/6.3.1/../../../../arm-none-eabi/lib/thumb/v7e-m/fpv4-sp/hard\libm.a(lib_a-wf_acos.o)
 .ARM.attributes
                0x0000053d       0x34 c:/users/yasha/downloads/cygnus/tools/toolchain/gcc-arm/bin/../lib/gcc/arm-none-eabi/6.3.1/../../../../arm-none-eabi/lib/thumb/v7e-m/fpv4-sp/hard\libm.a(lib_a-wf_asin.o)
 .ARM.attributes
                0x00000571       0x34 c:/users/yasha/downloads/cygnus/tools/toolchain/gcc-arm/bin/../lib/gcc/arm-none-eabi/6.3.1/../../../../arm-none-eabi/lib/thumb/v7e-m/fpv4-sp/hard\libm.a(lib_a-wf_atan2.o)
 .ARM.attributes
                0x000005a5       0x34 c:/users/yasha/downloads/cygnus/tools/toolchain/gcc-arm/bin/../lib/gcc/arm-none-eabi/6.3.1/../../../../arm-none-eabi/lib/thumb/v7e-m/fpv4-sp/hard\libm.a(lib_a-wf_log.o)
 .ARM.attributes
                0x000005d9       0x34 c:/users/yasha/downloads/cygnus/tools/toolchain/gcc-arm/bin/../lib/gcc/arm-none-eabi/6.3.1/../../../../arm-none-eabi/lib/thumb/v7e-m/fpv4-sp/hard\libm.a(lib_a-wf_sqrt.o)
 .ARM.attributes
                0x0000060d       0x34 c:/users/yasha/downloads/cygnus/tools/toolchain/gcc-arm/bin/../lib/gcc/arm-none-eabi/6.3.1/../../../../arm-none-eabi/lib/thumb/v7e-m/fpv4-sp/hard\libm.a(lib_a-ef_acos.o)
 .ARM.attributes
                0x00000641       0x34 c:/users/yasha/downloads/cygnus/tools/toolchain/gcc-arm/bin/../lib/gcc/arm-none-eabi/6.3.1/../../../../arm-none-eabi/lib/thumb/v7e-m/fpv4-sp/hard\libm.a(lib_a-ef_asin.o)
 .ARM.attributes
                0x00000675       0x34 c:/users/yasha/downloads/cygnus/tools/toolchain/gcc-arm/bin/../lib/gcc/arm-none-eabi/6.3.1/../../../../arm-none-eabi/lib/thumb/v7e-m/fpv4-sp/hard\libm.a(lib_a-ef_atan2.o)
 .ARM.attributes
                0x000006a9       0x34 c:/users/yasha/downloads/cygnus/tools/toolchain/gcc-arm/bin/../lib/gcc/arm-none-eabi/6.3.1/../../../../arm-none-eabi/lib/thumb/v7e-m/fpv4-sp/hard\libm.a(lib_a-ef_log.o)
 .ARM.attributes
                0x000006dd       0x34 c:/users/yasha/downloads/cygnus/tools/toolchain/gcc-arm/bin/../lib/gcc/arm-none-eabi/6.3.1/../../../../arm-none-eabi/lib/thumb/v7e-m/fpv4-sp/hard\libm.a(lib_a-ef_rem_pio2.o)
 .ARM.attributes
                0x00000711       0x34 c:/users/yasha/downloads/cygnus/tools/toolchain/gcc-arm/bin/../lib/gcc/arm-none-eabi/6.3.1/../../../../arm-none-eabi/lib/thumb/v7e-m/fpv4-sp/hard\libm.a(lib_a-ef_sqrt.o)
 .ARM.attributes
                0x00000745       0x34 c:/users/yasha/downloads/cygnus/tools/toolchain/gcc-arm/bin/../lib/gcc/arm-none-eabi/6.3.1/../../../../arm-none-eabi/lib/thumb/v7e-m/fpv4-sp/hard\libm.a(lib_a-kf_cos.o)
 .ARM.attributes
                0x00000779       0x34 c:/users/yasha/downloads/cygnus/tools/toolchain/gcc-arm/bin/../lib/gcc/arm-none-eabi/6.3.1/../../../../arm-none-eabi/lib/thumb/v7e-m/fpv4-sp/hard\libm.a(lib_a-kf_rem_pio2.o)
 .ARM.attributes
                0x000007ad       0x34 c:/users/yasha/downloads/cygnus/tools/toolchain/gcc-arm/bin/../lib/gcc/arm-none-eabi/6.3.1/../../../../arm-none-eabi/lib/thumb/v7e-m/fpv4-sp/hard\libm.a(lib_a-kf_sin.o)
 .ARM.attributes
                0x000007e1       0x34 c:/users/yasha/downloads/cygnus/tools/toolchain/gcc-arm/bin/../lib/gcc/arm-none-eabi/6.3.1/../../../../arm-none-eabi/lib/thumb/v7e-m/fpv4-sp/hard\libm.a(lib_a-s_lib_ver.o)
 .ARM.attributes
                0x00000815       0x34 c:/users/yasha/downloads/cygnus/tools/toolchain/gcc-arm/bin/../lib/gcc/arm-none-eabi/6.3.1/../../../../arm-none-eabi/lib/thumb/v7e-m/fpv4-sp/hard\libm.a(lib_a-s_matherr.o)
 .ARM.attributes
                0x00000849       0x34 c:/users/yasha/downloads/cygnus/tools/toolchain/gcc-arm/bin/../lib/gcc/arm-none-eabi/6.3.1/../../../../arm-none-eabi/lib/thumb/v7e-m/fpv4-sp/hard\libm.a(lib_a-s_nan.o)
 .ARM.attributes
                0x0000087d       0x34 c:/users/yasha/downloads/cygnus/tools/toolchain/gcc-arm/bin/../lib/gcc/arm-none-eabi/6.3.1/../../../../arm-none-eabi/lib/thumb/v7e-m/fpv4-sp/hard\libm.a(lib_a-sf_atan.o)
 .ARM.attributes
                0x000008b1       0x34 c:/users/yasha/downloads/cygnus/tools/toolchain/gcc-arm/bin/../lib/gcc/arm-none-eabi/6.3.1/../../../../arm-none-eabi/lib/thumb/v7e-m/fpv4-sp/hard\libm.a(lib_a-sf_fabs.o)
 .ARM.attributes
                0x000008e5       0x34 c:/users/yasha/downloads/cygnus/tools/toolchain/gcc-arm/bin/../lib/gcc/arm-none-eabi/6.3.1/../../../../arm-none-eabi/lib/thumb/v7e-m/fpv4-sp/hard\libm.a(lib_a-sf_floor.o)
 .ARM.attributes
                0x00000919       0x34 c:/users/yasha/downloads/cygnus/tools/toolchain/gcc-arm/bin/../lib/gcc/arm-none-eabi/6.3.1/../../../../arm-none-eabi/lib/thumb/v7e-m/fpv4-sp/hard\libm.a(lib_a-sf_scalbn.o)
 .ARM.attributes
                0x0000094d       0x34 c:/users/yasha/downloads/cygnus/tools/toolchain/gcc-arm/bin/../lib/gcc/arm-none-eabi/6.3.1/../../../../arm-none-eabi/lib/thumb/v7e-m/fpv4-sp/hard\libm.a(lib_a-sf_copysign.o)
 .ARM.attributes
                0x00000981       0x34 c:/users/yasha/downloads/cygnus/tools/toolchain/gcc-arm/bin/../lib/gcc/arm-none-eabi/6.3.1/../../../../arm-none-eabi/lib/thumb/v7e-m/fpv4-sp/hard\libc.a(lib_a-errno.o)
 .ARM.attributes
                0x000009b5       0x34 c:/users/yasha/downloads/cygnus/tools/toolchain/gcc-arm/bin/../lib/gcc/arm-none-eabi/6.3.1/../../../../arm-none-eabi/lib/thumb/v7e-m/fpv4-sp/hard\libc.a(lib_a-impure.o)
 .ARM.attributes
                0x000009e9       0x20 c:/users/yasha/downloads/cygnus/tools/toolchain/gcc-arm/bin/../lib/gcc/arm-none-eabi/6.3.1/../../../../arm-none-eabi/lib/thumb/v7e-m/fpv4-sp/hard\libc.a(lib_a-memcpy.o)
 .ARM.attributes
                0x00000a09       0x34 c:/users/yasha/downloads/cygnus/tools/toolchain/gcc-arm/bin/../lib/gcc/arm-none-eabi/6.3.1/../../../../arm-none-eabi/lib/thumb/v7e-m/fpv4-sp/hard\libc.a(lib_a-memset.o)
 .ARM.attributes
                0x00000a3d       0x34 c:/users/yasha/downloads/cygnus/tools/toolchain/gcc-arm/bin/../lib/gcc/arm-none-eabi/6.3.1/../../../../arm-none-eabi/lib/thumb/v7e-m/fpv4-sp/hard\libc.a(lib_a-strchr.o)
 .ARM.attributes
                0x00000a71       0x20 c:/users/yasha/downloads/cygnus/tools/toolchain/gcc-arm/bin/../lib/gcc/arm-none-eabi/6.3.1/../../../../arm-none-eabi/lib/thumb/v7e-m/fpv4-sp/hard\libc.a(lib_a-strlen.o)
 .ARM.attributes
                0x00000a91       0x22 c:/users/yasha/downloads/cygnus/tools/toolchain/gcc-arm/bin/../lib/gcc/arm-none-eabi/6.3.1/thumb/v7e-m/fpv4-sp/hard\libgcc.a(_ashrdi3.o)
 .ARM.attributes
                0x00000ab3       0x22 c:/users/yasha/downloads/cygnus/tools/toolchain/gcc-arm/bin/../lib/gcc/arm-none-eabi/6.3.1/thumb/v7e-m/fpv4-sp/hard\libgcc.a(_arm_addsubdf3.o)
 .ARM.attributes
                0x00000ad5       0x22 c:/users/yasha/downloads/cygnus/tools/toolchain/gcc-arm/bin/../lib/gcc/arm-none-eabi/6.3.1/thumb/v7e-m/fpv4-sp/hard\libgcc.a(_arm_muldivdf3.o)
 .ARM.attributes
                0x00000af7       0x22 c:/users/yasha/downloads/cygnus/tools/toolchain/gcc-arm/bin/../lib/gcc/arm-none-eabi/6.3.1/thumb/v7e-m/fpv4-sp/hard\libgcc.a(_arm_truncdfsf2.o)
 .ARM.attributes
                0x00000b19       0x22 c:/users/yasha/downloads/cygnus/tools/toolchain/gcc-arm/bin/../lib/gcc/arm-none-eabi/6.3.1/thumb/v7e-m/fpv4-sp/hard\libgcc.a(_aeabi_ldivmod.o)
 .ARM.attributes
                0x00000b3b       0x34 c:/users/yasha/downloads/cygnus/tools/toolchain/gcc-arm/bin/../lib/gcc/arm-none-eabi/6.3.1/thumb/v7e-m/fpv4-sp/hard\libgcc.a(_fixsfdi.o)
 .ARM.attributes
                0x00000b6f       0x34 c:/users/yasha/downloads/cygnus/tools/toolchain/gcc-arm/bin/../lib/gcc/arm-none-eabi/6.3.1/thumb/v7e-m/fpv4-sp/hard\libgcc.a(_fixunssfdi.o)
 .ARM.attributes
                0x00000ba3       0x34 c:/users/yasha/downloads/cygnus/tools/toolchain/gcc-arm/bin/../lib/gcc/arm-none-eabi/6.3.1/thumb/v7e-m/fpv4-sp/hard\libgcc.a(_udivmoddi4.o)
 .ARM.attributes
                0x00000bd7       0x22 c:/users/yasha/downloads/cygnus/tools/toolchain/gcc-arm/bin/../lib/gcc/arm-none-eabi/6.3.1/thumb/v7e-m/fpv4-sp/hard\libgcc.a(_dvmd_tls.o)
 .ARM.attributes
                0x00000bf9       0x22 c:/users/yasha/downloads/cygnus/tools/toolchain/gcc-arm/bin/../lib/gcc/arm-none-eabi/6.3.1/thumb/v7e-m/fpv4-sp/hard\libgcc.a(_arm_fixunsdfsi.o)
OUTPUT(obj/Experience_PLUTOX.elf elf32-littlearm)

.debug_info     0x00000000    0x29137
 .debug_info    0x00000000     0x6c24 C:\Users\yasha\AppData\Local\Temp\ccGi6IUF.ltrans0.ltrans.o
 .debug_info    0x00006c24     0x4084 C:\Users\yasha\AppData\Local\Temp\ccGi6IUF.ltrans1.ltrans.o
 .debug_info    0x0000aca8     0x1efd C:\Users\yasha\AppData\Local\Temp\ccGi6IUF.ltrans3.ltrans.o
 .debug_info    0x0000cba5     0x2ec7 C:\Users\yasha\AppData\Local\Temp\ccGi6IUF.ltrans4.ltrans.o
 .debug_info    0x0000fa6c     0x1422 C:\Users\yasha\AppData\Local\Temp\ccGi6IUF.ltrans5.ltrans.o
 .debug_info    0x00010e8e     0x43b8 C:\Users\yasha\AppData\Local\Temp\ccGi6IUF.ltrans6.ltrans.o
 .debug_info    0x00015246     0x18ba C:\Users\yasha\AppData\Local\Temp\ccGi6IUF.ltrans7.ltrans.o
 .debug_info    0x00016b00     0x20cb C:\Users\yasha\AppData\Local\Temp\ccGi6IUF.ltrans9.ltrans.o
 .debug_info    0x00018bcb     0x1499 C:\Users\yasha\AppData\Local\Temp\ccGi6IUF.ltrans10.ltrans.o
 .debug_info    0x0001a064     0x1456 C:\Users\yasha\AppData\Local\Temp\ccGi6IUF.ltrans11.ltrans.o
 .debug_info    0x0001b4ba      0xd7f C:\Users\yasha\AppData\Local\Temp\ccGi6IUF.ltrans12.ltrans.o
 .debug_info    0x0001c239     0x33a4 C:\Users\yasha\AppData\Local\Temp\ccGi6IUF.ltrans13.ltrans.o
 .debug_info    0x0001f5dd     0x171c C:\Users\yasha\AppData\Local\Temp\ccGi6IUF.ltrans14.ltrans.o
 .debug_info    0x00020cf9     0x1902 C:\Users\yasha\AppData\Local\Temp\ccGi6IUF.ltrans15.ltrans.o
 .debug_info    0x000225fb     0x145f C:\Users\yasha\AppData\Local\Temp\ccGi6IUF.ltrans16.ltrans.o
 .debug_info    0x00023a5a     0x189c C:\Users\yasha\AppData\Local\Temp\ccGi6IUF.ltrans17.ltrans.o
 .debug_info    0x000252f6     0x13bf C:\Users\yasha\AppData\Local\Temp\ccGi6IUF.ltrans18.ltrans.o
 .debug_info    0x000266b5      0xeda C:\Users\yasha\AppData\Local\Temp\ccGi6IUF.ltrans19.ltrans.o
 .debug_info    0x0002758f     0x18fe C:\Users\yasha\AppData\Local\Temp\ccGi6IUF.ltrans20.ltrans.o
 .debug_info    0x00028e8d      0x2aa C:\Users\yasha\AppData\Local\Temp\ccGi6IUF.ltrans21.ltrans.o

.debug_abbrev   0x00000000     0x519d
 .debug_abbrev  0x00000000      0x504 C:\Users\yasha\AppData\Local\Temp\ccGi6IUF.ltrans0.ltrans.o
 .debug_abbrev  0x00000504      0x57a C:\Users\yasha\AppData\Local\Temp\ccGi6IUF.ltrans1.ltrans.o
 .debug_abbrev  0x00000a7e      0x35f C:\Users\yasha\AppData\Local\Temp\ccGi6IUF.ltrans3.ltrans.o
 .debug_abbrev  0x00000ddd      0x4bb C:\Users\yasha\AppData\Local\Temp\ccGi6IUF.ltrans4.ltrans.o
 .debug_abbrev  0x00001298      0x388 C:\Users\yasha\AppData\Local\Temp\ccGi6IUF.ltrans5.ltrans.o
 .debug_abbrev  0x00001620      0x564 C:\Users\yasha\AppData\Local\Temp\ccGi6IUF.ltrans6.ltrans.o
 .debug_abbrev  0x00001b84      0x496 C:\Users\yasha\AppData\Local\Temp\ccGi6IUF.ltrans7.ltrans.o
 .debug_abbrev  0x0000201a      0x5b3 C:\Users\yasha\AppData\Local\Temp\ccGi6IUF.ltrans9.ltrans.o
 .debug_abbrev  0x000025cd      0x3f8 C:\Users\yasha\AppData\Local\Temp\ccGi6IUF.ltrans10.ltrans.o
 .debug_abbrev  0x000029c5      0x351 C:\Users\yasha\AppData\Local\Temp\ccGi6IUF.ltrans11.ltrans.o
 .debug_abbrev  0x00002d16      0x2ca C:\Users\yasha\AppData\Local\Temp\ccGi6IUF.ltrans12.ltrans.o
 .debug_abbrev  0x00002fe0      0x634 C:\Users\yasha\AppData\Local\Temp\ccGi6IUF.ltrans13.ltrans.o
 .debug_abbrev  0x00003614      0x49f C:\Users\yasha\AppData\Local\Temp\ccGi6IUF.ltrans14.ltrans.o
 .debug_abbrev  0x00003ab3      0x42b C:\Users\yasha\AppData\Local\Temp\ccGi6IUF.ltrans15.ltrans.o
 .debug_abbrev  0x00003ede      0x32c C:\Users\yasha\AppData\Local\Temp\ccGi6IUF.ltrans16.ltrans.o
 .debug_abbrev  0x0000420a      0x35f C:\Users\yasha\AppData\Local\Temp\ccGi6IUF.ltrans17.ltrans.o
 .debug_abbrev  0x00004569      0x470 C:\Users\yasha\AppData\Local\Temp\ccGi6IUF.ltrans18.ltrans.o
 .debug_abbrev  0x000049d9      0x2f8 C:\Users\yasha\AppData\Local\Temp\ccGi6IUF.ltrans19.ltrans.o
 .debug_abbrev  0x00004cd1      0x370 C:\Users\yasha\AppData\Local\Temp\ccGi6IUF.ltrans20.ltrans.o
 .debug_abbrev  0x00005041      0x15c C:\Users\yasha\AppData\Local\Temp\ccGi6IUF.ltrans21.ltrans.o

.debug_loc      0x00000000    0x12654
 .debug_loc     0x00000000     0x20d3 C:\Users\yasha\AppData\Local\Temp\ccGi6IUF.ltrans0.ltrans.o
 .debug_loc     0x000020d3     0x20f0 C:\Users\yasha\AppData\Local\Temp\ccGi6IUF.ltrans1.ltrans.o
 .debug_loc     0x000041c3     0x11c2 C:\Users\yasha\AppData\Local\Temp\ccGi6IUF.ltrans3.ltrans.o
 .debug_loc     0x00005385     0x186f C:\Users\yasha\AppData\Local\Temp\ccGi6IUF.ltrans4.ltrans.o
 .debug_loc     0x00006bf4      0xcb1 C:\Users\yasha\AppData\Local\Temp\ccGi6IUF.ltrans5.ltrans.o
 .debug_loc     0x000078a5     0x15e0 C:\Users\yasha\AppData\Local\Temp\ccGi6IUF.ltrans6.ltrans.o
 .debug_loc     0x00008e85      0x3ed C:\Users\yasha\AppData\Local\Temp\ccGi6IUF.ltrans7.ltrans.o
 .debug_loc     0x00009272      0xe86 C:\Users\yasha\AppData\Local\Temp\ccGi6IUF.ltrans9.ltrans.o
 .debug_loc     0x0000a0f8      0xfc9 C:\Users\yasha\AppData\Local\Temp\ccGi6IUF.ltrans10.ltrans.o
 .debug_loc     0x0000b0c1     0x1414 C:\Users\yasha\AppData\Local\Temp\ccGi6IUF.ltrans11.ltrans.o
 .debug_loc     0x0000c4d5      0x5a3 C:\Users\yasha\AppData\Local\Temp\ccGi6IUF.ltrans12.ltrans.o
 .debug_loc     0x0000ca78      0x7ee C:\Users\yasha\AppData\Local\Temp\ccGi6IUF.ltrans13.ltrans.o
 .debug_loc     0x0000d266      0xc2d C:\Users\yasha\AppData\Local\Temp\ccGi6IUF.ltrans14.ltrans.o
 .debug_loc     0x0000de93      0xdd1 C:\Users\yasha\AppData\Local\Temp\ccGi6IUF.ltrans15.ltrans.o
 .debug_loc     0x0000ec64     0x1056 C:\Users\yasha\AppData\Local\Temp\ccGi6IUF.ltrans16.ltrans.o
 .debug_loc     0x0000fcba     0x1283 C:\Users\yasha\AppData\Local\Temp\ccGi6IUF.ltrans17.ltrans.o
 .debug_loc     0x00010f3d      0x974 C:\Users\yasha\AppData\Local\Temp\ccGi6IUF.ltrans18.ltrans.o
 .debug_loc     0x000118b1      0x374 C:\Users\yasha\AppData\Local\Temp\ccGi6IUF.ltrans19.ltrans.o
 .debug_loc     0x00011c25      0xa2f C:\Users\yasha\AppData\Local\Temp\ccGi6IUF.ltrans20.ltrans.o

.debug_aranges  0x00000000      0x290
 .debug_aranges
                0x00000000       0x20 C:\Users\yasha\AppData\Local\Temp\ccGi6IUF.ltrans0.ltrans.o
 .debug_aranges
                0x00000020       0x20 C:\Users\yasha\AppData\Local\Temp\ccGi6IUF.ltrans1.ltrans.o
 .debug_aranges
                0x00000040       0x20 C:\Users\yasha\AppData\Local\Temp\ccGi6IUF.ltrans3.ltrans.o
 .debug_aranges
                0x00000060       0x20 C:\Users\yasha\AppData\Local\Temp\ccGi6IUF.ltrans4.ltrans.o
 .debug_aranges
                0x00000080       0x20 C:\Users\yasha\AppData\Local\Temp\ccGi6IUF.ltrans5.ltrans.o
 .debug_aranges
                0x000000a0       0x28 C:\Users\yasha\AppData\Local\Temp\ccGi6IUF.ltrans6.ltrans.o
 .debug_aranges
                0x000000c8       0x20 C:\Users\yasha\AppData\Local\Temp\ccGi6IUF.ltrans7.ltrans.o
 .debug_aranges
                0x000000e8       0x28 C:\Users\yasha\AppData\Local\Temp\ccGi6IUF.ltrans9.ltrans.o
 .debug_aranges
                0x00000110       0x20 C:\Users\yasha\AppData\Local\Temp\ccGi6IUF.ltrans10.ltrans.o
 .debug_aranges
                0x00000130       0x20 C:\Users\yasha\AppData\Local\Temp\ccGi6IUF.ltrans11.ltrans.o
 .debug_aranges
                0x00000150       0x20 C:\Users\yasha\AppData\Local\Temp\ccGi6IUF.ltrans12.ltrans.o
 .debug_aranges
                0x00000170       0x20 C:\Users\yasha\AppData\Local\Temp\ccGi6IUF.ltrans13.ltrans.o
 .debug_aranges
                0x00000190       0x20 C:\Users\yasha\AppData\Local\Temp\ccGi6IUF.ltrans14.ltrans.o
 .debug_aranges
                0x000001b0       0x20 C:\Users\yasha\AppData\Local\Temp\ccGi6IUF.ltrans15.ltrans.o
 .debug_aranges
                0x000001d0       0x20 C:\Users\yasha\AppData\Local\Temp\ccGi6IUF.ltrans16.ltrans.o
 .debug_aranges
                0x000001f0       0x20 C:\Users\yasha\AppData\Local\Temp\ccGi6IUF.ltrans17.ltrans.o
 .debug_aranges
                0x00000210       0x20 C:\Users\yasha\AppData\Local\Temp\ccGi6IUF.ltrans18.ltrans.o
 .debug_aranges
                0x00000230       0x20 C:\Users\yasha\AppData\Local\Temp\ccGi6IUF.ltrans19.ltrans.o
 .debug_aranges
                0x00000250       0x20 C:\Users\yasha\AppData\Local\Temp\ccGi6IUF.ltrans20.ltrans.o
 .debug_aranges
                0x00000270       0x20 C:\Users\yasha\AppData\Local\Temp\ccGi6IUF.ltrans21.ltrans.o

.debug_ranges   0x00000000     0x3550
 .debug_ranges  0x00000000      0xa88 C:\Users\yasha\AppData\Local\Temp\ccGi6IUF.ltrans0.ltrans.o
 .debug_ranges  0x00000a88      0xa78 C:\Users\yasha\AppData\Local\Temp\ccGi6IUF.ltrans1.ltrans.o
 .debug_ranges  0x00001500      0x740 C:\Users\yasha\AppData\Local\Temp\ccGi6IUF.ltrans3.ltrans.o
 .debug_ranges  0x00001c40      0x2d8 C:\Users\yasha\AppData\Local\Temp\ccGi6IUF.ltrans4.ltrans.o
 .debug_ranges  0x00001f18      0x150 C:\Users\yasha\AppData\Local\Temp\ccGi6IUF.ltrans5.ltrans.o
 .debug_ranges  0x00002068      0x1e8 C:\Users\yasha\AppData\Local\Temp\ccGi6IUF.ltrans6.ltrans.o
 .debug_ranges  0x00002250      0x130 C:\Users\yasha\AppData\Local\Temp\ccGi6IUF.ltrans7.ltrans.o
 .debug_ranges  0x00002380      0x378 C:\Users\yasha\AppData\Local\Temp\ccGi6IUF.ltrans9.ltrans.o
 .debug_ranges  0x000026f8      0x1d0 C:\Users\yasha\AppData\Local\Temp\ccGi6IUF.ltrans10.ltrans.o
 .debug_ranges  0x000028c8      0x170 C:\Users\yasha\AppData\Local\Temp\ccGi6IUF.ltrans11.ltrans.o
 .debug_ranges  0x00002a38      0x138 C:\Users\yasha\AppData\Local\Temp\ccGi6IUF.ltrans12.ltrans.o
 .debug_ranges  0x00002b70      0x3e0 C:\Users\yasha\AppData\Local\Temp\ccGi6IUF.ltrans13.ltrans.o
 .debug_ranges  0x00002f50       0x68 C:\Users\yasha\AppData\Local\Temp\ccGi6IUF.ltrans14.ltrans.o
 .debug_ranges  0x00002fb8      0x140 C:\Users\yasha\AppData\Local\Temp\ccGi6IUF.ltrans15.ltrans.o
 .debug_ranges  0x000030f8       0x58 C:\Users\yasha\AppData\Local\Temp\ccGi6IUF.ltrans16.ltrans.o
 .debug_ranges  0x00003150      0x128 C:\Users\yasha\AppData\Local\Temp\ccGi6IUF.ltrans17.ltrans.o
 .debug_ranges  0x00003278      0x120 C:\Users\yasha\AppData\Local\Temp\ccGi6IUF.ltrans18.ltrans.o
 .debug_ranges  0x00003398      0x140 C:\Users\yasha\AppData\Local\Temp\ccGi6IUF.ltrans19.ltrans.o
 .debug_ranges  0x000034d8       0x78 C:\Users\yasha\AppData\Local\Temp\ccGi6IUF.ltrans20.ltrans.o

.debug_line     0x00000000     0x9e82
 .debug_line    0x00000000     0x1366 C:\Users\yasha\AppData\Local\Temp\ccGi6IUF.ltrans0.ltrans.o
 .debug_line    0x00001366     0x11a4 C:\Users\yasha\AppData\Local\Temp\ccGi6IUF.ltrans1.ltrans.o
 .debug_line    0x0000250a      0x99b C:\Users\yasha\AppData\Local\Temp\ccGi6IUF.ltrans3.ltrans.o
 .debug_line    0x00002ea5      0x7b5 C:\Users\yasha\AppData\Local\Temp\ccGi6IUF.ltrans4.ltrans.o
 .debug_line    0x0000365a      0x6af C:\Users\yasha\AppData\Local\Temp\ccGi6IUF.ltrans5.ltrans.o
 .debug_line    0x00003d09      0xae4 C:\Users\yasha\AppData\Local\Temp\ccGi6IUF.ltrans6.ltrans.o
 .debug_line    0x000047ed      0x685 C:\Users\yasha\AppData\Local\Temp\ccGi6IUF.ltrans7.ltrans.o
 .debug_line    0x00004e72      0xa33 C:\Users\yasha\AppData\Local\Temp\ccGi6IUF.ltrans9.ltrans.o
 .debug_line    0x000058a5      0x78a C:\Users\yasha\AppData\Local\Temp\ccGi6IUF.ltrans10.ltrans.o
 .debug_line    0x0000602f      0x685 C:\Users\yasha\AppData\Local\Temp\ccGi6IUF.ltrans11.ltrans.o
 .debug_line    0x000066b4      0x2f2 C:\Users\yasha\AppData\Local\Temp\ccGi6IUF.ltrans12.ltrans.o
 .debug_line    0x000069a6      0xb22 C:\Users\yasha\AppData\Local\Temp\ccGi6IUF.ltrans13.ltrans.o
 .debug_line    0x000074c8      0x666 C:\Users\yasha\AppData\Local\Temp\ccGi6IUF.ltrans14.ltrans.o
 .debug_line    0x00007b2e      0x5ed C:\Users\yasha\AppData\Local\Temp\ccGi6IUF.ltrans15.ltrans.o
 .debug_line    0x0000811b      0x555 C:\Users\yasha\AppData\Local\Temp\ccGi6IUF.ltrans16.ltrans.o
 .debug_line    0x00008670      0x53e C:\Users\yasha\AppData\Local\Temp\ccGi6IUF.ltrans17.ltrans.o
 .debug_line    0x00008bae      0x5f5 C:\Users\yasha\AppData\Local\Temp\ccGi6IUF.ltrans18.ltrans.o
 .debug_line    0x000091a3      0x54f C:\Users\yasha\AppData\Local\Temp\ccGi6IUF.ltrans19.ltrans.o
 .debug_line    0x000096f2      0x46b C:\Users\yasha\AppData\Local\Temp\ccGi6IUF.ltrans20.ltrans.o
 .debug_line    0x00009b5d      0x325 C:\Users\yasha\AppData\Local\Temp\ccGi6IUF.ltrans21.ltrans.o

.debug_str      0x00000000     0xbeb7
 .debug_str     0x00000000     0x3014 C:\Users\yasha\AppData\Local\Temp\ccGi6IUF.ltrans0.ltrans.o
                               0x3376 (size before relaxing)
 .debug_str     0x00003014     0x1109 C:\Users\yasha\AppData\Local\Temp\ccGi6IUF.ltrans1.ltrans.o
                               0x1c2a (size before relaxing)
 .debug_str     0x0000411d      0xd4d C:\Users\yasha\AppData\Local\Temp\ccGi6IUF.ltrans3.ltrans.o