Archive member included to satisfy reference by file (symbol)

./libs\libpluto_0.3.a(startup_stm32f30x_md_gcc.o)
                              (Reset_Handler)
./libs\libpluto_0.3.a(system_stm32f30x.o)
                              ./libs\libpluto_0.3.a(startup_stm32f30x_md_gcc.o) (SystemInit)
./libs\libpluto_0.3.a(main.o)
                              ./libs\libpluto_0.3.a(startup_stm32f30x_md_gcc.o) (main)
./libs\libpluto_0.3.a(mw.o)   main.o (symbol from plugin) (loop)
./libs\libpluto_0.3.a(altitudehold.o)
                              mw.o (symbol from plugin) (applyAltHold)
./libs\libpluto_0.3.a(failsafe.o)
                              main.o (symbol from plugin) (failsafeInit)
./libs\libpluto_0.3.a(pid.o)  mw.o (symbol from plugin) (pidResetErrorAngle)
./libs\libpluto_0.3.a(imu.o)  main.o (symbol from plugin) (imuInit)
./libs\libpluto_0.3.a(mixer.o)
                              main.o (symbol from plugin) (mixerInit)
./libs\libpluto_0.3.a(filter.o)
                              mw.o (symbol from plugin) (filterApplyPt1)
./libs\libpluto_0.3.a(system.o)
                              main.o (symbol from plugin) (micros)
./libs\libpluto_0.3.a(beeper.o)
                              mw.o (symbol from plugin) (beeperSilence)
./libs\libpluto_0.3.a(rc_controls.o)
                              mw.o (symbol from plugin) (isUsingSticksForArming)
./libs\libpluto_0.3.a(rc_curves.o)
                              rc_controls.o (symbol from plugin) (generatePitchRollCurve)
./libs\libpluto_0.3.a(serial.o)
                              mw.o (symbol from plugin) (findNextSharedSerialPort)
./libs\libpluto_0.3.a(serial_cli.o)
                              mw.o (symbol from plugin) (cliMode)
./libs\libpluto_0.3.a(serial_msp.o)
                              mw.o (symbol from plugin) (mspReleasePortIfAllocated)
./libs\libpluto_0.3.a(statusindicator.o)
                              beeper.o (symbol from plugin) (warningLedEnable)
./libs\libpluto_0.3.a(rx.o)   main.o (symbol from plugin) (rxInit)
./libs\libpluto_0.3.a(pwm.o)  rx.o (symbol from plugin) (rxPwmInit)
./libs\libpluto_0.3.a(msp.o)  serial_msp.o (symbol from plugin) (rxMspFrameReceive)
./libs\libpluto_0.3.a(sbus.o)
                              rx.o (symbol from plugin) (sbusInit)
./libs\libpluto_0.3.a(sumd.o)
                              rx.o (symbol from plugin) (sumdInit)
./libs\libpluto_0.3.a(sumh.o)
                              rx.o (symbol from plugin) (sumhInit)
./libs\libpluto_0.3.a(spektrum.o)
                              rx.o (symbol from plugin) (spektrumInit)
./libs\libpluto_0.3.a(xbus.o)
                              rx.o (symbol from plugin) (xBusInit)
./libs\libpluto_0.3.a(acceleration.o)
                              main.o (symbol from plugin) (accSetCalibrationCycles)
./libs\libpluto_0.3.a(battery.o)
                              mw.o (symbol from plugin) (updateBattery)
./libs\libpluto_0.3.a(boardalignment.o)
                              main.o (symbol from plugin) (initBoardAlignment)
./libs\libpluto_0.3.a(compass.o)
                              main.o (symbol from plugin) (compassInit)
./libs\libpluto_0.3.a(gyro.o)
                              main.o (symbol from plugin) (gyroSetCalibrationCycles)
./libs\libpluto_0.3.a(initialisation.o)
                              main.o (symbol from plugin) (sensorsAutodetectmpu)
./libs\libpluto_0.3.a(stm32f30x_rcc.o)
                              system.o (symbol from plugin) (RCC_GetClocksFreq)
./libs\libpluto_0.3.a(stm32f30x_misc.o)
                              system.o (symbol from plugin) (NVIC_PriorityGroupConfig)
./libs\libpluto_0.3.a(acrobats.o)
                              mw.o (symbol from plugin) (flip)
./libs\libpluto_0.3.a(posControl.o)
                              mw.o (symbol from plugin) (resetPosController)
./libs\libpluto_0.3.a(posEstimate.o)
                              main.o (symbol from plugin) (updatePosGains)
./libs\libpluto_0.3.a(opticflow.o)
                              posControl.o (symbol from plugin) (accel_hf_prev)
./libs\libpluto_0.3.a(command.o)
                              mw.o (symbol from plugin) (executeCommand())
./libs\libpluto_0.3.a(localisationCommand.o)
                              mw.o (symbol from plugin) (command_jump(short))
./libs\libpluto_0.3.a(Peripheral.o)
                              obj/PLUTOX/src/main/PlutoPilot.o (symbol from plugin) (GPIO_P::init(unibus, GPIO_Mode_e))
./libs\libpluto_0.3.a(XRanging.o)
                              main.o (symbol from plugin) (xRangingInit)
./libs\libpluto_0.3.a(Control.o)
                              command.o (symbol from plugin) (DesiredPosition_P::setRelative(axis_e, long))
./libs\libpluto_0.3.a(Utils.o)
                              obj/PLUTOX/src/main/PlutoPilot.o (symbol from plugin) (LED_P::set(led_e, led_state_e))
./libs\libpluto_0.3.a(User.o)
                              mw.o (symbol from plugin) (FlightMode_P::set(flight_mode_e))
./libs\libpluto_0.3.a(Motor.o)
[...]
Memory Configuration

Name             Origin             Length             Attributes
FLASH            0x08000000         0x0003f000         xr
RAM              0x20000000         0x0000a000         xrw
MEMORY_B1        0x60000000         0x00000000         xr
*default*        0x00000000         0xffffffff

Linker script and memory map

LOAD obj/PLUTOX/src/main/PlutoPilot.o
LOAD C:\Users\yasha\AppData\Local\Temp\cco5Z2pg.ltrans0.ltrans.o
LOAD C:\Users\yasha\AppData\Local\Temp\cco5Z2pg.ltrans1.ltrans.o
LOAD C:\Users\yasha\AppData\Local\Temp\cco5Z2pg.ltrans2.ltrans.o
LOAD C:\Users\yasha\AppData\Local\Temp\cco5Z2pg.ltrans3.ltrans.o
LOAD C:\Users\yasha\AppData\Local\Temp\cco5Z2pg.ltrans4.ltrans.o
LOAD C:\Users\yasha\AppData\Local\Temp\cco5Z2pg.ltrans5.ltrans.o
LOAD C:\Users\yasha\AppData\Local\Temp\cco5Z2pg.ltrans6.ltrans.o
LOAD C:\Users\yasha\AppData\Local\Temp\cco5Z2pg.ltrans7.ltrans.o
LOAD C:\Users\yasha\AppData\Local\Temp\cco5Z2pg.ltrans8.ltrans.o
LOAD C:\Users\yasha\AppData\Local\Temp\cco5Z2pg.ltrans9.ltrans.o
LOAD C:\Users\yasha\AppData\Local\Temp\cco5Z2pg.ltrans10.ltrans.o
LOAD C:\Users\yasha\AppData\Local\Temp\cco5Z2pg.ltrans11.ltrans.o
LOAD C:\Users\yasha\AppData\Local\Temp\cco5Z2pg.ltrans12.ltrans.o
LOAD C:\Users\yasha\AppData\Local\Temp\cco5Z2pg.ltrans13.ltrans.o
LOAD C:\Users\yasha\AppData\Local\Temp\cco5Z2pg.ltrans14.ltrans.o
LOAD C:\Users\yasha\AppData\Local\Temp\cco5Z2pg.ltrans15.ltrans.o
LOAD C:\Users\yasha\AppData\Local\Temp\cco5Z2pg.ltrans16.ltrans.o
LOAD C:\Users\yasha\AppData\Local\Temp\cco5Z2pg.ltrans17.ltrans.o
LOAD C:\Users\yasha\AppData\Local\Temp\cco5Z2pg.ltrans18.ltrans.o
LOAD C:\Users\yasha\AppData\Local\Temp\cco5Z2pg.ltrans19.ltrans.o
LOAD C:\Users\yasha\AppData\Local\Temp\cco5Z2pg.ltrans20.ltrans.o
LOAD C:\Users\yasha\AppData\Local\Temp\cco5Z2pg.ltrans21.ltrans.o
LOAD c:/users/yasha/downloads/cygnus/tools/toolchain/gcc-arm/bin/../lib/gcc/arm-none-eabi/6.3.1/../../../../arm-none-eabi/lib/thumb/v7e-m/fpv4-sp/hard\libnosys.a
LOAD ./libs\libpluto_0.3.a
LOAD c:/users/yasha/downloads/cygnus/tools/toolchain/gcc-arm/bin/../lib/gcc/arm-none-eabi/6.3.1/../../../../arm-none-eabi/lib/thumb/v7e-m/fpv4-sp/hard\libstdc++.a
LOAD c:/users/yasha/downloads/cygnus/tools/toolchain/gcc-arm/bin/../lib/gcc/arm-none-eabi/6.3.1/../../../../arm-none-eabi/lib/thumb/v7e-m/fpv4-sp/hard\libm.a
LOAD c:/users/yasha/downloads/cygnus/tools/toolchain/gcc-arm/bin/../lib/gcc/arm-none-eabi/6.3.1/../../../../arm-none-eabi/lib/thumb/v7e-m/fpv4-sp/hard\libc.a
START GROUP
LOAD c:/users/yasha/downloads/cygnus/tools/toolchain/gcc-arm/bin/../lib/gcc/arm-none-eabi/6.3.1/thumb/v7e-m/fpv4-sp/hard\libgcc.a
LOAD c:/users/yasha/downloads/cygnus/tools/toolchain/gcc-arm/bin/../lib/gcc/arm-none-eabi/6.3.1/../../../../arm-none-eabi/lib/thumb/v7e-m/fpv4-sp/hard\libg.a
LOAD c:/users/yasha/downloads/cygnus/tools/toolchain/gcc-arm/bin/../lib/gcc/arm-none-eabi/6.3.1/../../../../arm-none-eabi/lib/thumb/v7e-m/fpv4-sp/hard\libc.a
END GROUP
START GROUP
LOAD c:/users/yasha/downloads/cygnus/tools/toolchain/gcc-arm/bin/../lib/gcc/arm-none-eabi/6.3.1/thumb/v7e-m/fpv4-sp/hard\libgcc.a
LOAD c:/users/yasha/downloads/cygnus/tools/toolchain/gcc-arm/bin/../lib/gcc/arm-none-eabi/6.3.1/../../../../arm-none-eabi/lib/thumb/v7e-m/fpv4-sp/hard\libc.a
LOAD c:/users/yasha/downloads/cygnus/tools/toolchain/gcc-arm/bin/../lib/gcc/arm-none-eabi/6.3.1/../../../../arm-none-eabi/lib/thumb/v7e-m/fpv4-sp/hard\libnosys.a
END GROUP
                0x2000a000                _estack = (ORIGIN (RAM) + LENGTH (RAM))
                0x00000000                _Min_Heap_Size = 0x0
                0x00000400                _Min_Stack_Size = 0x400

.isr_vector     0x08000000      0x188
                0x08000000                . = ALIGN (0x4)
                [!provide]                PROVIDE (isr_vector_table_base, .)
 *(.isr_vector)
 .isr_vector    0x08000000      0x188 ./libs\libpluto_0.3.a(startup_stm32f30x_md_gcc.o)
                0x08000000                g_pfnVectors
                0x08000188                . = ALIGN (0x4)

.text           0x080001c0    0x11d08
                0x080001c0                . = ALIGN (0x4)
 *(.text)
 .text          0x080001c0     0x1698 C:\Users\yasha\AppData\Local\Temp\cco5Z2pg.ltrans0.ltrans.o
                0x080001c0                init()
 .text          0x08001858     0x1090 C:\Users\yasha\AppData\Local\Temp\cco5Z2pg.ltrans3.ltrans.o
                0x08001858                processRx()
 .text          0x080028e8      0x914 C:\Users\yasha\AppData\Local\Temp\cco5Z2pg.ltrans4.ltrans.o
                0x08002938                Motor_P::set(motor, short) [clone .constprop.168]
                0x08002a20                NVIC_Init.part.0.constprop.146
                0x08002a5c                VL53L0X_ref_calibration_io.constprop.141
                0x08002afa                VL53L0X_ClearInterruptMask.constprop.140
                0x08002b52                VL53L0X_calc_timeout_mclks.constprop.138
                0x08002b78                get_next_good_spad.constprop.129
                0x08002bc4                enable_ref_spads.constprop.127
                0x08002c80                SPIClass::Write(unsigned char, unsigned char) [clone .constprop.101]
                0x08002cbc                SPIClass::Read(unsigned char, int) [clone .constprop.99]
                0x08002d4c                spektrumInit.constprop.89
                0x08002dcc                ms5611Detect.constprop.80
                0x08002ed4                useRcControlsConfig.constprop.47
                0x08002f14                resetSerialConfig(serialConfig_s*) [clone .constprop.46]
                0x08002f74                FLASH_WaitForLastOperation.constprop.41
                0x08002f98                headSerialError(unsigned char) [clone .constprop.29]
                0x08002fa0                calculateThrottleStatus.constprop.22
                0x08002fd4                reset(bool) [clone .constprop.10]
                0x08003038                updateCompass.constprop.6
                0x080031d8                VL53L0X_RdDWord
 .text          0x080031fc      0xbd0 C:\Users\yasha\AppData\Local\Temp\cco5Z2pg.ltrans5.ltrans.o
                0x080031fc                headSerialResponse(unsigned char, unsigned char) [clone .lto_priv.177]
                0x0800323c                headSerialReply(unsigned char) [clone .lto_priv.203]
                0x08003242                read32() [clone .lto_priv.206]
                0x08003254                processOutCommand(unsigned char) [clone .lto_priv.287]
 .text          0x08003dcc      0xad0 C:\Users\yasha\AppData\Local\Temp\cco5Z2pg.ltrans6.ltrans.o
                0x08003dcc                mpuGyroRead
                0x08003e10                mpuAccRead
                0x08003e54                mpuWriteRegisterI2C(unsigned char, unsigned char) [clone .lto_priv.336]
                0x08003e5e                mpuReadRegisterI2C(unsigned char, unsigned char, unsigned char*) [clone .lto_priv.335]
                0x08003e74                mpuIntExtiInit
                0x08003eb8                mode_0_init()
                0x080041d2                PosXYEstimate
                0x0800449c                flip.part.0
 .text          0x0800489c      0xc9c C:\Users\yasha\AppData\Local\Temp\cco5Z2pg.ltrans8.ltrans.o
                0x080048b4                read8() [clone .lto_priv.204]
                0x080048c8                read16() [clone .lto_priv.205]
                0x080048dc                serialize8(unsigned char) [clone .lto_priv.213]
                0x08004900                serialize16(unsigned short) [clone .lto_priv.214]
                0x08004912                serialize32(unsigned long) [clone .lto_priv.215]
                0x08004924                openSerialPort
                0x0800499c                findNextSerialPortConfig
                0x080049e0                findSerialPortConfig
                0x080049ec                generateThrottleCurve
                0x08004a6c                generatePitchRollCurve
                0x08004aa4                isRangeActive(unsigned char, channelRange_s*) [clone .part.1]
                0x08004aec                beeperSilence
                0x08004b00                beeper
                0x08004b4c                beeperConfirmationBeeps
                0x08004b84                micros
                0x08004bbc                delayMicroseconds
                0x08004bd2                delay
                0x08004be6                failureMode
                0x08004ca4                SysTick_Handler
                0x08004cb4                EXTI3_IRQHandler
                0x08004cb8                EXTI15_10_IRQHandler
                0x08004cbc                filterApplyPt1
                0x08004d14                writeMotors
                0x08004dc0                drift_correction(float)
                0x08005474                normalize()
 .text          0x08005538      0x838 C:\Users\yasha\AppData\Local\Temp\cco5Z2pg.ltrans9.ltrans.o
                0x08005620                pwmWriteStandard(unsigned char, unsigned short) [clone .lto_priv.290]
                0x08005634                pwmWriteBrushed(unsigned char, unsigned short) [clone .lto_priv.291]
                0x08005658                ak8963Read
                0x0800571c                uartReconfigure.lto_priv.194
                0x08005840                ledOperator
                0x080058b0                gpioInit
                0x08005904                pwmOutConfig
                0x08005b30                ppmInConfig
 .text          0x08005d70      0xdf8 C:\Users\yasha\AppData\Local\Temp\cco5Z2pg.ltrans10.ltrans.o
                0x08005d70                pidMultiWii23(pidProfile_s*, controlRateConfig_s*, unsigned short, rollAndPitchTrims_t*, rxConfig_s*) [clone .lto_priv.223]
                0x08006034                pidMultiWii(pidProfile_s*, controlRateConfig_s*, unsigned short, rollAndPitchTrims_t*, rxConfig_s*) [clone .lto_priv.221]
                0x080062c0                pidLuxFloat(pidProfile_s*, controlRateConfig_s*, unsigned short, rollAndPitchTrims_t*, rxConfig_s*) [clone .lto_priv.222]
                0x08006610                pidResetErrorGyro
                0x08006630                pidResetErrorAngle
                0x0800664c                failsafeOnLowBattery
                0x08006660                updateGains
                0x080066b0                apmCalculateEstimatedAltitude
 .text          0x08006b68      0x18c C:\Users\yasha\AppData\Local\Temp\cco5Z2pg.ltrans11.ltrans.o
                0x08006b68                SystemInit
                0x08006bd0                plutoLoop()
 .text          0x08006cf4      0xfd0 C:\Users\yasha\AppData\Local\Temp\cco5Z2pg.ltrans12.ltrans.o
                0x08007858                renorm(float const*, float*)
                0x0800790c                dcmFromEuler(float, float, float)
                0x080079d0                imuCalculateAcceleration(unsigned long)
                0x08007c7c                pidSetController
 .text          0x08007cc4      0xd1c C:\Users\yasha\AppData\Local\Temp\cco5Z2pg.ltrans13.ltrans.o
                0x08007cc4                ms5611_calculate(long*, long*, unsigned long, unsigned long) [clone .lto_priv.175]
                0x08007eea                ms5611_start_up() [clone .lto_priv.173]
                0x08007ef4                ms5611_start_ut() [clone .lto_priv.171]
                0x08007f26                ms5611_get_up() [clone .lto_priv.174]
                0x08007f28                ms5611_get_ut() [clone .lto_priv.172]
                0x08007f2a                activateControlRateConfig()
                0x08007f74                isEEPROMContentValid() [clone .lto_priv.178]
                0x08007fc0                readEEPROM
                0x08008238                resetConf() [clone .lto_priv.207]
                0x0800870c                apmBaroCalibrationRead()
                0x08008768                apmBaroUpdate
                0x0800885c                TIM1_TRG_COM_TIM17_IRQHandler
                0x0800886c                TIM1_BRK_TIM15_IRQHandler
                0x0800887c                TIM8_CC_IRQHandler
                0x0800888c                TIM8_UP_IRQHandler
                0x08008890                TIM4_IRQHandler
                0x080088a0                TIM3_IRQHandler
                0x080088b0                TIM2_IRQHandler
                0x080088c0                TIM1_CC_IRQHandler
                0x080088d0                TIM1_UP_TIM16_IRQHandler
                0x080088d4                configTimeBase
                0x08008970                lookupTimerIndex(TIM_TypeDef const*) [clone .lto_priv.195]
                0x080089c8                USART2_IRQHandler
                0x080089d4                USART1_IRQHandler
 .text          0x080089e0      0xacc C:\Users\yasha\AppData\Local\Temp\cco5Z2pg.ltrans14.ltrans.o
                0x080089e0                xBusReadRawRC(rxRuntimeConfig_s*, unsigned char) [clone .lto_priv.324]
                0x08008a88                spektrumReadRawRC.lto_priv.169
                0x08008ab4                sumhReadRawRC.lto_priv.317
                0x08008acc                sumdReadRawRC.lto_priv.315
                0x08008ae0                sbusReadRawRC.lto_priv.313
                0x08008b14                rxMspReadRawRC.lto_priv.326
                0x08008b24                ppmReadRawRC.lto_priv.328
                0x08008b30                pwmReadRawRC.lto_priv.327
                0x08008b3c                nullReadRawRC(rxRuntimeConfig_s*, unsigned char) [clone .lto_priv.176]
                0x08008b40                xBusDataReceive(unsigned short) [clone .lto_priv.325]
                0x08008c08                spektrumDataReceive.lto_priv.170
                0x08008c50                sumhDataReceive.lto_priv.318
                0x08008c98                sumdDataReceive.lto_priv.316
                0x08008d3c                sbusDataReceive.lto_priv.314
                0x08008d88                RCC_ADCCLKConfig
                0x08008da8                RCC_GetClocksFreq
                0x08009090                alignSensors
                0x080091c8                batteryAdcToVoltage
                0x080091f8                updateBatteryVoltage() [clone .lto_priv.288]
                0x080093fc                getRxfailValue(unsigned char) [clone .lto_priv.241]
                0x0800944c                resumeRxSignal
                0x0800947c                suspendRxSignal
 .text          0x080094ac      0x500 C:\Users\yasha\AppData\Local\Temp\cco5Z2pg.ltrans15.ltrans.o
                0x080094d4                mpu6500GyroInit
                0x0800957c                mpu6500AccInit
                0x08009590                initSpi2
                0x080096c8                i2cRead
                0x080097bc                i2cWriteBuffer
                0x080098ac                i2cWrite
                0x080098c0                ak8963Init
 .text          0x080099ac      0x514 C:\Users\yasha\AppData\Local\Temp\cco5Z2pg.ltrans16.ltrans.o
                0x08009ab6                usartIrqHandler
                0x08009b24                DMA1_Channel4_IRQHandler
                0x08009b5c                uartOpen
 .text          0x08009ec0      0x4f4 C:\Users\yasha\AppData\Local\Temp\cco5Z2pg.ltrans17.ltrans.o
                0x08009ede                VL53L0X_RdWord
                0x08009f0a                VL53L0X_RdByte
                0x08009f24                VL53L0X_UpdateByte
                0x08009f60                VL53L0X_WrWord
                0x08009f88                VL53L0X_WrByte
                0x08009f9e                VL53L0X_get_vcsel_pulse_period
                0x08009fd0                set_sequence_step_timeout
                0x0800a0da                get_sequence_step_timeout
                0x0800a220                VL53L0X_set_measurement_timing_budget_micro_seconds
                0x0800a2e2                VL53L0X_device_read_strobe
                0x0800a326                VL53L0X_isqrt
                0x0800a350                VL53L0X_measurement_poll_for_completion
 .text          0x0800a3b4      0x630 C:\Users\yasha\AppData\Local\Temp\cco5Z2pg.ltrans18.ltrans.o
                0x0800a3b4                DMA_StructInit
                0x0800a3ce                DMA_Init
                0x0800a40a                DMA_DeInit
                0x0800a4fc                FLASH_GetStatus
                0x0800a524                ADC_RegularChannelConfig
                0x0800a5dc                GPIO_Init
                0x0800a66a                serialRead
                0x0800a670                serialWrite
                0x0800a676                _putc(void*, char) [clone .lto_priv.342]
                0x0800a67a                applyDeadband
                0x0800a698                sin_approx
                0x0800a75c                buildRotationMatrix
                0x0800a818                reset_FSI
                0x0800a830                set_FSI
                0x0800a844                disableFlightMode
                0x0800a864                enableFlightMode
                0x0800a880                featureClear
                0x0800a890                featureSet
                0x0800a8a0                writeEEPROM
                0x0800a9d0                saveConfigAndNotify
 .text          0x0800a9e4      0x6e4 C:\Users\yasha\AppData\Local\Temp\cco5Z2pg.ltrans19.ltrans.o
                0x0800a9e4                processInCommand() [clone .lto_priv.286]
 .text          0x0800b0c8      0x28a C:\Users\yasha\AppData\Local\Temp\cco5Z2pg.ltrans20.ltrans.o
                0x0800b0c8                set_ref_spad_map
                0x0800b0e4                VL53L0X_GetLimitCheckValue
                0x0800b14e                VL53L0X_GetSequenceStepEnables
                0x0800b186                VL53L0X_GetDeviceParameters
                0x0800b33a                LaserSensor::setAddress(unsigned char)
 *fill*         0x0800b352        0x2 
 .text          0x0800b354      0x158 C:\Users\yasha\AppData\Local\Temp\cco5Z2pg.ltrans21.ltrans.o
                0x0800b354                mwArm
                0x0800b3ec                mwDisarm
                0x0800b468                isCalibrating()
 .text          0x0800b4ac      0x134 c:/users/yasha/downloads/cygnus/tools/toolchain/gcc-arm/bin/../lib/gcc/arm-none-eabi/6.3.1/../../../../arm-none-eabi/lib/thumb/v7e-m/fpv4-sp/hard\libc.a(lib_a-memcpy.o)
                0x0800b4ac                memcpy
 *fill*         0x0800b5e0       0x20 
 .text          0x0800b600       0xdc c:/users/yasha/downloads/cygnus/tools/toolchain/gcc-arm/bin/../lib/gcc/arm-none-eabi/6.3.1/../../../../arm-none-eabi/lib/thumb/v7e-m/fpv4-sp/hard\libc.a(lib_a-strlen.o)
                0x0800b600                strlen
 .text          0x0800b6dc       0x1c c:/users/yasha/downloads/cygnus/tools/toolchain/gcc-arm/bin/../lib/gcc/arm-none-eabi/6.3.1/thumb/v7e-m/fpv4-sp/hard\libgcc.a(_ashrdi3.o)
                0x0800b6dc                __aeabi_lasr
                0x0800b6dc                __ashrdi3
 .text          0x0800b6f8      0x370 c:/users/yasha/downloads/cygnus/tools/toolchain/gcc-arm/bin/../lib/gcc/arm-none-eabi/6.3.1/thumb/v7e-m/fpv4-sp/hard\libgcc.a(_arm_addsubdf3.o)
                0x0800b6f8                __aeabi_drsub
                0x0800b700                __aeabi_dsub
                0x0800b700                __subdf3
                0x0800b704                __aeabi_dadd
                0x0800b704                __adddf3
                0x0800b97c                __floatunsidf
                0x0800b97c                __aeabi_ui2d
                0x0800b99c                __floatsidf
                0x0800b99c                __aeabi_i2d
                0x0800b9c0                __aeabi_f2d
                0x0800b9c0                __extendsfdf2
                0x0800b9fc                __floatundidf
                0x0800b9fc                __aeabi_ul2d
                0x0800ba0c                __floatdidf
                0x0800ba0c                __aeabi_l2d
 .text          0x0800ba68      0x424 c:/users/yasha/downloads/cygnus/tools/toolchain/gcc-arm/bin/../lib/gcc/arm-none-eabi/6.3.1/thumb/v7e-m/fpv4-sp/hard\libgcc.a(_arm_muldivdf3.o)
                0x0800ba68                __aeabi_dmul
                0x0800ba68                __muldf3
                0x0800bcbc                __divdf3
                0x0800bcbc                __aeabi_ddiv
 .text          0x0800be8c       0xa0 c:/users/yasha/downloads/cygnus/tools/toolchain/gcc-arm/bin/../lib/gcc/arm-none-eabi/6.3.1/thumb/v7e-m/fpv4-sp/hard\libgcc.a(_arm_truncdfsf2.o)
                0x0800be8c                __truncdfsf2
                0x0800be8c                __aeabi_d2f
 .text          0x0800bf2c       0xa0 c:/users/yasha/downloads/cygnus/tools/toolchain/gcc-arm/bin/../lib/gcc/arm-none-eabi/6.3.1/thumb/v7e-m/fpv4-sp/hard\libgcc.a(_aeabi_ldivmod.o)
                0x0800bf2c                __aeabi_ldivmod
 .text          0x0800bfcc       0x24 c:/users/yasha/downloads/cygnus/tools/toolchain/gcc-arm/bin/../lib/gcc/arm-none-eabi/6.3.1/thumb/v7e-m/fpv4-sp/hard\libgcc.a(_fixsfdi.o)
                0x0800bfcc                __fixsfdi
                0x0800bfcc                __aeabi_f2lz
 .text          0x0800bff0       0x4c c:/users/yasha/downloads/cygnus/tools/toolchain/gcc-arm/bin/../lib/gcc/arm-none-eabi/6.3.1/thumb/v7e-m/fpv4-sp/hard\libgcc.a(_fixunssfdi.o)
                0x0800bff0                __fixunssfdi
                0x0800bff0                __aeabi_f2ulz
 .text          0x0800c03c      0x2dc c:/users/yasha/downloads/cygnus/tools/toolchain/gcc-arm/bin/../lib/gcc/arm-none-eabi/6.3.1/thumb/v7e-m/fpv4-sp/hard\libgcc.a(_udivmoddi4.o)
                0x0800c03c                __udivmoddi4
 .text          0x0800c318      0x9cc c:/users/yasha/downloads/cygnus/tools/toolchain/gcc-arm/bin/../lib/gcc/arm-none-eabi/6.3.1/thumb/v7e-m/fpv4-sp/hard\libgcc.a(unwind-arm.o)
                0x0800c5d8                _Unwind_GetCFA
                0x0800c5dc                __gnu_Unwind_RaiseException
                0x0800c63c                __gnu_Unwind_ForcedUnwind
                0x0800c650                __gnu_Unwind_Resume
                0x0800c694                __gnu_Unwind_Resume_or_Rethrow
                0x0800c6a4                _Unwind_Complete
                0x0800c6a8                _Unwind_DeleteException
                0x0800c6b4                _Unwind_VRS_Get
                0x0800c700                _Unwind_VRS_Set
                0x0800c750                __gnu_Unwind_Backtrace
                0x0800ca90                __aeabi_unwind_cpp_pr0
                0x0800ca94                __aeabi_unwind_cpp_pr1
                0x0800ca98                __aeabi_unwind_cpp_pr2
                0x0800ca9c                _Unwind_VRS_Pop
 .text          0x0800cce4      0x1ac c:/users/yasha/downloads/cygnus/tools/toolchain/gcc-arm/bin/../lib/gcc/arm-none-eabi/6.3.1/thumb/v7e-m/fpv4-sp/hard\libgcc.a(libunwind.o)
                0x0800cce4                __restore_core_regs
                0x0800cce4                restore_core_regs
                0x0800ccfc                __gnu_Unwind_Restore_VFP
                0x0800cd04                __gnu_Unwind_Save_VFP
                0x0800cd0c                __gnu_Unwind_Restore_VFP_D
                0x0800cd14                __gnu_Unwind_Save_VFP_D
                0x0800cd1c                __gnu_Unwind_Restore_VFP_D_16_to_31
                0x0800cd24                __gnu_Unwind_Save_VFP_D_16_to_31
                0x0800cd2c                __gnu_Unwind_Restore_WMMXD
                0x0800cd70                __gnu_Unwind_Save_WMMXD
                0x0800cdb4                __gnu_Unwind_Restore_WMMXC
                0x0800cdc8                __gnu_Unwind_Save_WMMXC
                0x0800cddc                ___Unwind_RaiseException
                0x0800cddc                _Unwind_RaiseException
                0x0800ce00                _Unwind_Resume
                0x0800ce00                ___Unwind_Resume
                0x0800ce24                _Unwind_Resume_or_Rethrow
                0x0800ce24                ___Unwind_Resume_or_Rethrow
                0x0800ce48                _Unwind_ForcedUnwind
                0x0800ce48                ___Unwind_ForcedUnwind
                0x0800ce6c                ___Unwind_Backtrace
                0x0800ce6c                _Unwind_Backtrace
 .text          0x0800ce90      0x380 c:/users/yasha/downloads/cygnus/tools/toolchain/gcc-arm/bin/../lib/gcc/arm-none-eabi/6.3.1/thumb/v7e-m/fpv4-sp/hard\libgcc.a(pr-support.o)
                0x0800cee8                __gnu_unwind_execute
                0x0800d1b8                __gnu_unwind_frame
                0x0800d1e0                _Unwind_GetRegionStart
                0x0800d1ec                _Unwind_GetLanguageSpecificData
                0x0800d200                _Unwind_GetTextRelBase
                0x0800d208                _Unwind_GetDataRelBase
 .text          0x0800d210        0x4 c:/users/yasha/downloads/cygnus/tools/toolchain/gcc-arm/bin/../lib/gcc/arm-none-eabi/6.3.1/thumb/v7e-m/fpv4-sp/hard\libgcc.a(_dvmd_tls.o)
                0x0800d210                __aeabi_idiv0
                0x0800d210                __aeabi_ldiv0
 .text          0x0800d214       0x40 c:/users/yasha/downloads/cygnus/tools/toolchain/gcc-arm/bin/../lib/gcc/arm-none-eabi/6.3.1/thumb/v7e-m/fpv4-sp/hard\libgcc.a(_arm_fixunsdfsi.o)
                0x0800d214                __aeabi_d2uiz
                0x0800d214                __fixunsdfsi
 *(.text*)
 .text.startup  0x0800d254     0x2464 C:\Users\yasha\AppData\Local\Temp\cco5Z2pg.ltrans1.ltrans.o
                0x0800d254                main
 .text.startup  0x0800f6b8       0x10 C:\Users\yasha\AppData\Local\Temp\cco5Z2pg.ltrans8.ltrans.o
 .text.Reset_Handler
                0x0800f6c8       0x68 ./libs\libpluto_0.3.a(startup_stm32f30x_md_gcc.o)
                0x0800f6c8                Reset_Handler
 .text.Default_Handler
                0x0800f730        0x2 ./libs\libpluto_0.3.a(startup_stm32f30x_md_gcc.o)
                0x0800f730                RTC_Alarm_IRQHandler
                0x0800f730                TIM8_TRG_COM_IRQHandler
                0x0800f730                DebugMon_Handler
                0x0800f730                HardFault_Handler
                0x0800f730                USB_HP_IRQHandler
                0x0800f730                PVD_IRQHandler
                0x0800f730                PendSV_Handler
                0x0800f730                NMI_Handler
                0x0800f730                EXTI0_IRQHandler
                0x0800f730                I2C2_EV_IRQHandler
                0x0800f730                FPU_IRQHandler
                0x0800f730                EXTI2_TS_IRQHandler
                0x0800f730                UsageFault_Handler
                0x0800f730                ADC1_2_IRQHandler
                0x0800f730                SPI1_IRQHandler
                0x0800f730                TIM6_DAC_IRQHandler
                0x0800f730                DMA2_Channel2_IRQHandler
                0x0800f730                USART3_IRQHandler
                0x0800f730                DMA1_Channel7_IRQHandler
                0x0800f730                CAN1_RX1_IRQHandler
                0x0800f730                UART5_IRQHandler
                0x0800f730                ADC3_IRQHandler
                0x0800f730                DMA2_Channel1_IRQHandler
                0x0800f730                I2C1_EV_IRQHandler
                0x0800f730                DMA1_Channel6_IRQHandler
                0x0800f730                UART4_IRQHandler
                0x0800f730                DMA2_Channel4_IRQHandler
                0x0800f730                RCC_IRQHandler
                0x0800f730                DMA1_Channel1_IRQHandler
                0x0800f730                Default_Handler
                0x0800f730                USBWakeUp_RMP_IRQHandler
                0x0800f730                TIM7_IRQHandler
                0x0800f730                EXTI9_5_IRQHandler
                0x0800f730                TAMPER_STAMP_IRQHandler
                0x0800f730                RTC_WKUP_IRQHandler
                0x0800f730                SPI2_IRQHandler
                0x0800f730                MemManage_Handler
                0x0800f730                SVC_Handler
                0x0800f730                DMA2_Channel5_IRQHandler
                0x0800f730                DMA1_Channel5_IRQHandler
                0x0800f730                USB_LP_IRQHandler
                0x0800f730                EXTI4_IRQHandler
                0x0800f730                USB_LP_CAN1_RX0_IRQHandler
                0x0800f730                USB_HP_CAN1_TX_IRQHandler
                0x0800f730                DMA1_Channel3_IRQHandler
                0x0800f730                ADC4_IRQHandler
                0x0800f730                WWDG_IRQHandler
                0x0800f730                COMP7_IRQHandler
                0x0800f730                COMP1_2_3_IRQHandler
                0x0800f730                EXTI1_IRQHandler
                0x0800f730                COMP4_5_6_IRQHandler
                0x0800f730                I2C2_ER_IRQHandler
                0x0800f730                DMA1_Channel2_IRQHandler
                0x0800f730                TIM8_BRK_IRQHandler
                0x0800f730                CAN1_SCE_IRQHandler
                0x0800f730                FLASH_IRQHandler
                0x0800f730                BusFault_Handler
                0x0800f730                SPI3_IRQHandler
                0x0800f730                I2C1_ER_IRQHandler
                0x0800f730                USBWakeUp_IRQHandler
                0x0800f730                DMA2_Channel3_IRQHandler
 *fill*         0x0800f732        0x2 
 .text.cosf     0x0800f734       0x90 c:/users/yasha/downloads/cygnus/tools/toolchain/gcc-arm/bin/../lib/gcc/arm-none-eabi/6.3.1/../../../../arm-none-eabi/lib/thumb/v7e-m/fpv4-sp/hard\libm.a(lib_a-sf_cos.o)
                0x0800f734                cosf
 .text.lrintf   0x0800f7c4       0x98 c:/users/yasha/downloads/cygnus/tools/toolchain/gcc-arm/bin/../lib/gcc/arm-none-eabi/6.3.1/../../../../arm-none-eabi/lib/thumb/v7e-m/fpv4-sp/hard\libm.a(lib_a-sf_lrint.o)
                0x0800f7c4                lrintf
 .text.sinf     0x0800f85c       0x94 c:/users/yasha/downloads/cygnus/tools/toolchain/gcc-arm/bin/../lib/gcc/arm-none-eabi/6.3.1/../../../../arm-none-eabi/lib/thumb/v7e-m/fpv4-sp/hard\libm.a(lib_a-sf_sin.o)
                0x0800f85c                sinf
 .text.acosf    0x0800f8f0       0xb8 c:/users/yasha/downloads/cygnus/tools/toolchain/gcc-arm/bin/../lib/gcc/arm-none-eabi/6.3.1/../../../../arm-none-eabi/lib/thumb/v7e-m/fpv4-sp/hard\libm.a(lib_a-wf_acos.o)
                0x0800f8f0                acosf
 .text.asinf    0x0800f9a8       0xb8 c:/users/yasha/downloads/cygnus/tools/toolchain/gcc-arm/bin/../lib/gcc/arm-none-eabi/6.3.1/../../../../arm-none-eabi/lib/thumb/v7e-m/fpv4-sp/hard\libm.a(lib_a-wf_asin.o)
                0x0800f9a8                asinf
 .text.atan2f   0x0800fa60        0x4 c:/users/yasha/downloads/cygnus/tools/toolchain/gcc-arm/bin/../lib/gcc/arm-none-eabi/6.3.1/../../../../arm-none-eabi/lib/thumb/v7e-m/fpv4-sp/hard\libm.a(lib_a-wf_atan2.o)
                0x0800fa60                atan2f
 .text.logf     0x0800fa64       0xf8 c:/users/yasha/downloads/cygnus/tools/toolchain/gcc-arm/bin/../lib/gcc/arm-none-eabi/6.3.1/../../../../arm-none-eabi/lib/thumb/v7e-m/fpv4-sp/hard\libm.a(lib_a-wf_log.o)
                0x0800fa64                logf
 .text.sqrtf    0x0800fb5c       0xac c:/users/yasha/downloads/cygnus/tools/toolchain/gcc-arm/bin/../lib/gcc/arm-none-eabi/6.3.1/../../../../arm-none-eabi/lib/thumb/v7e-m/fpv4-sp/hard\libm.a(lib_a-wf_sqrt.o)
                0x0800fb5c                sqrtf
 .text.__ieee754_acosf
                0x0800fc08      0x244 c:/users/yasha/downloads/cygnus/tools/toolchain/gcc-arm/bin/../lib/gcc/arm-none-eabi/6.3.1/../../../../arm-none-eabi/lib/thumb/v7e-m/fpv4-sp/hard\libm.a(lib_a-ef_acos.o)
                0x0800fc08                __ieee754_acosf
 .text.__ieee754_asinf
                0x0800fe4c      0x1f8 c:/users/yasha/downloads/cygnus/tools/toolchain/gcc-arm/bin/../lib/gcc/arm-none-eabi/6.3.1/../../../../arm-none-eabi/lib/thumb/v7e-m/fpv4-sp/hard\libm.a(lib_a-ef_asin.o)
                0x0800fe4c                __ieee754_asinf
 .text.__ieee754_atan2f
                0x08010044      0x180 c:/users/yasha/downloads/cygnus/tools/toolchain/gcc-arm/bin/../lib/gcc/arm-none-eabi/6.3.1/../../../../arm-none-eabi/lib/thumb/v7e-m/fpv4-sp/hard\libm.a(lib_a-ef_atan2.o)
                0x08010044                __ieee754_atan2f
 .text.__ieee754_logf
                0x080101c4      0x218 c:/users/yasha/downloads/cygnus/tools/toolchain/gcc-arm/bin/../lib/gcc/arm-none-eabi/6.3.1/../../../../arm-none-eabi/lib/thumb/v7e-m/fpv4-sp/hard\libm.a(lib_a-ef_log.o)
                0x080101c4                __ieee754_logf
 .text.__ieee754_rem_pio2f
                0x080103dc      0x290 c:/users/yasha/downloads/cygnus/tools/toolchain/gcc-arm/bin/../lib/gcc/arm-none-eabi/6.3.1/../../../../arm-none-eabi/lib/thumb/v7e-m/fpv4-sp/hard\libm.a(lib_a-ef_rem_pio2.o)
                0x080103dc                __ieee754_rem_pio2f
 .text.__ieee754_sqrtf
                0x0801066c        0x8 c:/users/yasha/downloads/cygnus/tools/toolchain/gcc-arm/bin/../lib/gcc/arm-none-eabi/6.3.1/../../../../arm-none-eabi/lib/thumb/v7e-m/fpv4-sp/hard\libm.a(lib_a-ef_sqrt.o)
                0x0801066c                __ieee754_sqrtf
 .text.__kernel_cosf
                0x08010674      0x104 c:/users/yasha/downloads/cygnus/tools/toolchain/gcc-arm/bin/../lib/gcc/arm-none-eabi/6.3.1/../../../../arm-none-eabi/lib/thumb/v7e-m/fpv4-sp/hard\libm.a(lib_a-kf_cos.o)
                0x08010674                __kernel_cosf
 .text.__kernel_rem_pio2f
                0x08010778      0x690 c:/users/yasha/downloads/cygnus/tools/toolchain/gcc-arm/bin/../lib/gcc/arm-none-eabi/6.3.1/../../../../arm-none-eabi/lib/thumb/v7e-m/fpv4-sp/hard\libm.a(lib_a-kf_rem_pio2.o)
                0x08010778                __kernel_rem_pio2f
 .text.__kernel_sinf
                0x08010e08       0x90 c:/users/yasha/downloads/cygnus/tools/toolchain/gcc-arm/bin/../lib/gcc/arm-none-eabi/6.3.1/../../../../arm-none-eabi/lib/thumb/v7e-m/fpv4-sp/hard\libm.a(lib_a-kf_sin.o)
                0x08010e08                __kernel_sinf
 .text.matherr  0x08010e98        0x4 c:/users/yasha/downloads/cygnus/tools/toolchain/gcc-arm/bin/../lib/gcc/arm-none-eabi/6.3.1/../../../../arm-none-eabi/lib/thumb/v7e-m/fpv4-sp/hard\libm.a(lib_a-s_matherr.o)
                0x08010e98                matherr
 *fill*         0x08010e9c        0x4 
 .text.nan      0x08010ea0       0x10 c:/users/yasha/downloads/cygnus/tools/toolchain/gcc-arm/bin/../lib/gcc/arm-none-eabi/6.3.1/../../../../arm-none-eabi/lib/thumb/v7e-m/fpv4-sp/hard\libm.a(lib_a-s_nan.o)
                0x08010ea0                nan
 .text.atanf    0x08010eb0      0x1b0 c:/users/yasha/downloads/cygnus/tools/toolchain/gcc-arm/bin/../lib/gcc/arm-none-eabi/6.3.1/../../../../arm-none-eabi/lib/thumb/v7e-m/fpv4-sp/hard\libm.a(lib_a-sf_atan.o)
                0x08010eb0                atanf
 .text.fabsf    0x08011060       0x10 c:/users/yasha/downloads/cygnus/tools/toolchain/gcc-arm/bin/../lib/gcc/arm-none-eabi/6.3.1/../../../../arm-none-eabi/lib/thumb/v7e-m/fpv4-sp/hard\libm.a(lib_a-sf_fabs.o)
                0x08011060                fabsf
 .text.floorf   0x08011070       0x90 c:/users/yasha/downloads/cygnus/tools/toolchain/gcc-arm/bin/../lib/gcc/arm-none-eabi/6.3.1/../../../../arm-none-eabi/lib/thumb/v7e-m/fpv4-sp/hard\libm.a(lib_a-sf_floor.o)
                0x08011070                floorf
 .text.scalbnf  0x08011100       0xd0 c:/users/yasha/downloads/cygnus/tools/toolchain/gcc-arm/bin/../lib/gcc/arm-none-eabi/6.3.1/../../../../arm-none-eabi/lib/thumb/v7e-m/fpv4-sp/hard\libm.a(lib_a-sf_scalbn.o)
                0x08011100                scalbnf
 .text.copysignf
                0x080111d0       0x18 c:/users/yasha/downloads/cygnus/tools/toolchain/gcc-arm/bin/../lib/gcc/arm-none-eabi/6.3.1/../../../../arm-none-eabi/lib/thumb/v7e-m/fpv4-sp/hard\libm.a(lib_a-sf_copysign.o)
                0x080111d0                copysignf
 .text.__errno  0x080111e8        0xc c:/users/yasha/downloads/cygnus/tools/toolchain/gcc-arm/bin/../lib/gcc/arm-none-eabi/6.3.1/../../../../arm-none-eabi/lib/thumb/v7e-m/fpv4-sp/hard\libc.a(lib_a-errno.o)
                0x080111e8                __errno
 .text.memset   0x080111f4       0x9c c:/users/yasha/downloads/cygnus/tools/toolchain/gcc-arm/bin/../lib/gcc/arm-none-eabi/6.3.1/../../../../arm-none-eabi/lib/thumb/v7e-m/fpv4-sp/hard\libc.a(lib_a-memset.o)
                0x080111f4                memset
 .text.strchr   0x08011290       0xe8 c:/users/yasha/downloads/cygnus/tools/toolchain/gcc-arm/bin/../lib/gcc/arm-none-eabi/6.3.1/../../../../arm-none-eabi/lib/thumb/v7e-m/fpv4-sp/hard\libc.a(lib_a-strchr.o)
                0x08011290                strchr
 .text.abort    0x08011378       0x10 c:/users/yasha/downloads/cygnus/tools/toolchain/gcc-arm/bin/../lib/gcc/arm-none-eabi/6.3.1/../../../../arm-none-eabi/lib/thumb/v7e-m/fpv4-sp/hard\libg.a(lib_a-abort.o)
                0x08011378                abort
 .text._raise_r
                0x08011388       0x60 c:/users/yasha/downloads/cygnus/tools/toolchain/gcc-arm/bin/../lib/gcc/arm-none-eabi/6.3.1/../../../../arm-none-eabi/lib/thumb/v7e-m/fpv4-sp/hard\libg.a(lib_a-signal.o)
                0x08011388                _raise_r
 .text.raise    0x080113e8       0x10 c:/users/yasha/downloads/cygnus/tools/toolchain/gcc-arm/bin/../lib/gcc/arm-none-eabi/6.3.1/../../../../arm-none-eabi/lib/thumb/v7e-m/fpv4-sp/hard\libg.a(lib_a-signal.o)
                0x080113e8                raise
 .text._kill_r  0x080113f8       0x28 c:/users/yasha/downloads/cygnus/tools/toolchain/gcc-arm/bin/../lib/gcc/arm-none-eabi/6.3.1/../../../../arm-none-eabi/lib/thumb/v7e-m/fpv4-sp/hard\libg.a(lib_a-signalr.o)
                0x080113f8                _kill_r
 .text._getpid_r
                0x08011420        0x4 c:/users/yasha/downloads/cygnus/tools/toolchain/gcc-arm/bin/../lib/gcc/arm-none-eabi/6.3.1/../../../../arm-none-eabi/lib/thumb/v7e-m/fpv4-sp/hard\libg.a(lib_a-signalr.o)
                0x08011420                _getpid_r
 .text._getpid  0x08011424       0x10 c:/users/yasha/downloads/cygnus/tools/toolchain/gcc-arm/bin/../lib/gcc/arm-none-eabi/6.3.1/../../../../arm-none-eabi/lib/thumb/v7e-m/fpv4-sp/hard\libnosys.a(getpid.o)
                0x08011424                _getpid
 .text._kill    0x08011434       0x10 c:/users/yasha/downloads/cygnus/tools/toolchain/gcc-arm/bin/../lib/gcc/arm-none-eabi/6.3.1/../../../../arm-none-eabi/lib/thumb/v7e-m/fpv4-sp/hard\libnosys.a(kill.o)
                0x08011434                _kill
 .text._exit    0x08011444        0x4 c:/users/yasha/downloads/cygnus/tools/toolchain/gcc-arm/bin/../lib/gcc/arm-none-eabi/6.3.1/../../../../arm-none-eabi/lib/thumb/v7e-m/fpv4-sp/hard\libnosys.a(_exit.o)
                0x08011444                _exit
 *(.rodata)
 .rodata        0x08011448      0x18e C:\Users\yasha\AppData\Local\Temp\cco5Z2pg.ltrans0.ltrans.o
 .rodata        0x080115d6       0x3c C:\Users\yasha\AppData\Local\Temp\cco5Z2pg.ltrans3.ltrans.o
 *fill*         0x08011612        0x2 
 .rodata        0x08011614       0x14 C:\Users\yasha\AppData\Local\Temp\cco5Z2pg.ltrans4.ltrans.o
                0x08011614                refArrayQuadrants
                0x08011624                serialPortIdentifiers
 .rodata        0x08011628       0x30 C:\Users\yasha\AppData\Local\Temp\cco5Z2pg.ltrans5.ltrans.o
 .rodata        0x08011658      0x120 C:\Users\yasha\AppData\Local\Temp\cco5Z2pg.ltrans8.ltrans.o
                0x08011774                magneticDeclination
 .rodata        0x08011778       0x1c C:\Users\yasha\AppData\Local\Temp\cco5Z2pg.ltrans13.ltrans.o
                0x08011790                SystemCoreClock
 .rodata        0x08011794       0x1c C:\Users\yasha\AppData\Local\Temp\cco5Z2pg.ltrans16.ltrans.o
 .rodata        0x080117b0      0x150 C:\Users\yasha\AppData\Local\Temp\cco5Z2pg.ltrans19.ltrans.o
                0x080117b0                _ZL5boxes.lto_priv.208
 *(.rodata*)
 .rodata.str1.1
                0x08011900       0x23 C:\Users\yasha\AppData\Local\Temp\cco5Z2pg.ltrans5.ltrans.o
 .rodata.str1.1
                0x08011923       0xa1 C:\Users\yasha\AppData\Local\Temp\cco5Z2pg.ltrans8.ltrans.o
                                 0xa8 (size before relaxing)
 .rodata.str1.1
                0x080119c4        0x9 C:\Users\yasha\AppData\Local\Temp\cco5Z2pg.ltrans13.ltrans.o
 .rodata.str1.1
                0x080119cd       0xe2 C:\Users\yasha\AppData\Local\Temp\cco5Z2pg.ltrans19.ltrans.o
 *fill*         0x08011aaf        0x1 
 .rodata.TWO23  0x08011ab0        0x8 c:/users/yasha/downloads/cygnus/tools/toolchain/gcc-arm/bin/../lib/gcc/arm-none-eabi/6.3.1/../../../../arm-none-eabi/lib/thumb/v7e-m/fpv4-sp/hard\libm.a(lib_a-sf_lrint.o)
 .rodata.acosf.str1.4
                0x08011ab8        0x6 c:/users/yasha/downloads/cygnus/tools/toolchain/gcc-arm/bin/../lib/gcc/arm-none-eabi/6.3.1/../../../../arm-none-eabi/lib/thumb/v7e-m/fpv4-sp/hard\libm.a(lib_a-wf_acos.o)
                                  0x9 (size before relaxing)
 *fill*         0x08011abe        0x2 
 .rodata.asinf.str1.4
                0x08011ac0        0x6 c:/users/yasha/downloads/cygnus/tools/toolchain/gcc-arm/bin/../lib/gcc/arm-none-eabi/6.3.1/../../../../arm-none-eabi/lib/thumb/v7e-m/fpv4-sp/hard\libm.a(lib_a-wf_asin.o)
                                  0x9 (size before relaxing)
 *fill*         0x08011ac6        0x2 
 .rodata.logf.str1.4
                0x08011ac8        0x5 c:/users/yasha/downloads/cygnus/tools/toolchain/gcc-arm/bin/../lib/gcc/arm-none-eabi/6.3.1/../../../../arm-none-eabi/lib/thumb/v7e-m/fpv4-sp/hard\libm.a(lib_a-wf_log.o)
                                  0x9 (size before relaxing)
 *fill*         0x08011acd        0x3 
 .rodata.sqrtf.str1.4
                0x08011ad0        0x8 c:/users/yasha/downloads/cygnus/tools/toolchain/gcc-arm/bin/../lib/gcc/arm-none-eabi/6.3.1/../../../../arm-none-eabi/lib/thumb/v7e-m/fpv4-sp/hard\libm.a(lib_a-wf_sqrt.o)
                                  0x6 (size before relaxing)
 .rodata.npio2_hw
                0x08011ad8       0x80 c:/users/yasha/downloads/cygnus/tools/toolchain/gcc-arm/bin/../lib/gcc/arm-none-eabi/6.3.1/../../../../arm-none-eabi/lib/thumb/v7e-m/fpv4-sp/hard\libm.a(lib_a-ef_rem_pio2.o)
 .rodata.two_over_pi
                0x08011b58      0x318 c:/users/yasha/downloads/cygnus/tools/toolchain/gcc-arm/bin/../lib/gcc/arm-none-eabi/6.3.1/../../../../arm-none-eabi/lib/thumb/v7e-m/fpv4-sp/hard\libm.a(lib_a-ef_rem_pio2.o)
 .rodata.PIo2   0x08011e70       0x2c c:/users/yasha/downloads/cygnus/tools/toolchain/gcc-arm/bin/../lib/gcc/arm-none-eabi/6.3.1/../../../../arm-none-eabi/lib/thumb/v7e-m/fpv4-sp/hard\libm.a(lib_a-kf_rem_pio2.o)
 .rodata.init_jk
                0x08011e9c        0xc c:/users/yasha/downloads/cygnus/tools/toolchain/gcc-arm/bin/../lib/gcc/arm-none-eabi/6.3.1/../../../../arm-none-eabi/lib/thumb/v7e-m/fpv4-sp/hard\libm.a(lib_a-kf_rem_pio2.o)
 .rodata.atanhi
                0x08011ea8       0x10 c:/users/yasha/downloads/cygnus/tools/toolchain/gcc-arm/bin/../lib/gcc/arm-none-eabi/6.3.1/../../../../arm-none-eabi/lib/thumb/v7e-m/fpv4-sp/hard\libm.a(lib_a-sf_atan.o)
 .rodata.atanlo
                0x08011eb8       0x10 c:/users/yasha/downloads/cygnus/tools/toolchain/gcc-arm/bin/../lib/gcc/arm-none-eabi/6.3.1/../../../../arm-none-eabi/lib/thumb/v7e-m/fpv4-sp/hard\libm.a(lib_a-sf_atan.o)
 *(.glue_7)
 .glue_7        0x08011ec8        0x0 linker stubs
 *(.glue_7t)
 .glue_7t       0x08011ec8        0x0 linker stubs
 *(.eh_frame)
 *(.init)
 *(.fini)
                0x08011ec8                . = ALIGN (0x4)
                0x08011ec8                _etext = .

.vfp11_veneer   0x08011ec8        0x0
 .vfp11_veneer  0x08011ec8        0x0 linker stubs

.v4_bx          0x08011ec8        0x0
 .v4_bx         0x08011ec8        0x0 linker stubs

.iplt           0x08011ec8        0x0
 .iplt          0x08011ec8        0x0 ./libs\libpluto_0.3.a(startup_stm32f30x_md_gcc.o)

.ARM.extab      0x08011ec8       0x90
 *(.ARM.extab* .gnu.linkonce.armextab.*)
 .ARM.extab.text.startup
                0x08011ec8        0xc C:\Users\yasha\AppData\Local\Temp\cco5Z2pg.ltrans1.ltrans.o
 .ARM.extab     0x08011ed4        0xc C:\Users\yasha\AppData\Local\Temp\cco5Z2pg.ltrans5.ltrans.o
 .ARM.extab     0x08011ee0        0xc C:\Users\yasha\AppData\Local\Temp\cco5Z2pg.ltrans8.ltrans.o
 .ARM.extab     0x08011eec       0x18 C:\Users\yasha\AppData\Local\Temp\cco5Z2pg.ltrans10.ltrans.o
 .ARM.extab     0x08011f04       0x24 C:\Users\yasha\AppData\Local\Temp\cco5Z2pg.ltrans12.ltrans.o
 .ARM.extab     0x08011f28        0xc C:\Users\yasha\AppData\Local\Temp\cco5Z2pg.ltrans14.ltrans.o
 .ARM.extab     0x08011f34        0xc C:\Users\yasha\AppData\Local\Temp\cco5Z2pg.ltrans19.ltrans.o
 .ARM.extab     0x08011f40       0x18 c:/users/yasha/downloads/cygnus/tools/toolchain/gcc-arm/bin/../lib/gcc/arm-none-eabi/6.3.1/thumb/v7e-m/fpv4-sp/hard\libgcc.a(pr-support.o)

.ARM            0x08011f58      0x1e0
                0x08011f58                __exidx_start = .
 *(.ARM.exidx*)
 .ARM.exidx     0x08011f58        0x8 C:\Users\yasha\AppData\Local\Temp\cco5Z2pg.ltrans0.ltrans.o
 .ARM.exidx.text.startup
                0x08012128        0x8 C:\Users\yasha\AppData\Local\Temp\cco5Z2pg.ltrans1.ltrans.o
 .ARM.exidx     0x08011f60       0x10 C:\Users\yasha\AppData\Local\Temp\cco5Z2pg.ltrans3.ltrans.o
                                  0x8 (size before relaxing)
 .ARM.exidx     0x08011f70        0x8 C:\Users\yasha\AppData\Local\Temp\cco5Z2pg.ltrans4.ltrans.o
                                 0x50 (size before relaxing)
 .ARM.exidx     0x08011f78       0x18 C:\Users\yasha\AppData\Local\Temp\cco5Z2pg.ltrans5.ltrans.o
                                 0x20 (size before relaxing)
 .ARM.exidx     0x08011f90       0x18 C:\Users\yasha\AppData\Local\Temp\cco5Z2pg.ltrans6.ltrans.o
                                 0x40 (size before relaxing)
 .ARM.exidx     0x08011fa8       0x28 C:\Users\yasha\AppData\Local\Temp\cco5Z2pg.ltrans8.ltrans.o
                                 0x90 (size before relaxing)
 .ARM.exidx.text.startup
                0x08012130        0x8 C:\Users\yasha\AppData\Local\Temp\cco5Z2pg.ltrans8.ltrans.o
 .ARM.exidx     0x08011fd0        0x8 C:\Users\yasha\AppData\Local\Temp\cco5Z2pg.ltrans9.ltrans.o
                                 0x38 (size before relaxing)
 .ARM.exidx     0x08011fd8       0x20 C:\Users\yasha\AppData\Local\Temp\cco5Z2pg.ltrans10.ltrans.o
                                 0x40 (size before relaxing)
 .ARM.exidx     0x08011ff8        0x0 C:\Users\yasha\AppData\Local\Temp\cco5Z2pg.ltrans11.ltrans.o
                                  0x8 (size before relaxing)
 .ARM.exidx     0x08011ff8       0x28 C:\Users\yasha\AppData\Local\Temp\cco5Z2pg.ltrans12.ltrans.o
                                 0x38 (size before relaxing)
 .ARM.exidx     0x08012020       0x28 C:\Users\yasha\AppData\Local\Temp\cco5Z2pg.ltrans13.ltrans.o
                                 0xc0 (size before relaxing)
 .ARM.exidx     0x08012048       0x10 C:\Users\yasha\AppData\Local\Temp\cco5Z2pg.ltrans14.ltrans.o
                                 0x50 (size before relaxing)
 .ARM.exidx     0x08012058       0x10 C:\Users\yasha\AppData\Local\Temp\cco5Z2pg.ltrans15.ltrans.o
                                 0x18 (size before relaxing)
 .ARM.exidx     0x08012068        0x0 C:\Users\yasha\AppData\Local\Temp\cco5Z2pg.ltrans18.ltrans.o
                                 0x70 (size before relaxing)
 .ARM.exidx     0x08012068       0x10 C:\Users\yasha\AppData\Local\Temp\cco5Z2pg.ltrans19.ltrans.o
                                  0x8 (size before relaxing)
 .ARM.exidx     0x08012078        0x0 C:\Users\yasha\AppData\Local\Temp\cco5Z2pg.ltrans20.ltrans.o
                                  0x8 (size before relaxing)
 .ARM.exidx     0x08012078        0x0 C:\Users\yasha\AppData\Local\Temp\cco5Z2pg.ltrans21.ltrans.o
                                 0x18 (size before relaxing)
 .ARM.exidx     0x08012078        0x0 c:/users/yasha/downloads/cygnus/tools/toolchain/gcc-arm/bin/../lib/gcc/arm-none-eabi/6.3.1/thumb/v7e-m/fpv4-sp/hard\libgcc.a(_udivmoddi4.o)
                                  0x8 (size before relaxing)
 .ARM.exidx     0x08012078       0x78 c:/users/yasha/downloads/cygnus/tools/toolchain/gcc-arm/bin/../lib/gcc/arm-none-eabi/6.3.1/thumb/v7e-m/fpv4-sp/hard\libgcc.a(unwind-arm.o)
                                 0xd8 (size before relaxing)
 .ARM.exidx     0x080120f0       0x38 c:/users/yasha/downloads/cygnus/tools/toolchain/gcc-arm/bin/../lib/gcc/arm-none-eabi/6.3.1/thumb/v7e-m/fpv4-sp/hard\libgcc.a(pr-support.o)
                                 0x48 (size before relaxing)
                0x08012138                __exidx_end = .

.rel.dyn        0x08012138        0x0
 .rel.iplt      0x08012138        0x0 ./libs\libpluto_0.3.a(startup_stm32f30x_md_gcc.o)

.preinit_array  0x08012138        0x0
                [!provide]                PROVIDE (__preinit_array_start, .)
 *(.preinit_array*)
                [!provide]                PROVIDE (__preinit_array_end, .)

.init_array     0x08012138        0x4
                [!provide]                PROVIDE (__init_array_start, .)
 *(SORT(.init_array.*))
 *(.init_array*)
 .init_array    0x08012138        0x4 C:\Users\yasha\AppData\Local\Temp\cco5Z2pg.ltrans8.ltrans.o
                [!provide]                PROVIDE (__init_array_end, .)

.fini_array     0x0801213c        0x0
                [!provide]                PROVIDE (__fini_array_start, .)
 *(.fini_array*)
 *(SORT(.fini_array.*))
                [!provide]                PROVIDE (__fini_array_end, .)
                0x0801213c                _sidata = .

.data           0x20000000      0x4d0 load address 0x0801213c
                0x20000000                . = ALIGN (0x4)
                0x20000000                _sdata = .
 *(.data)
 .data          0x20000000        0xb C:\Users\yasha\AppData\Local\Temp\cco5Z2pg.ltrans1.ltrans.o
                0x20000008                FlightStatusEnabled
 .data          0x2000000b        0x2 C:\Users\yasha\AppData\Local\Temp\cco5Z2pg.ltrans3.ltrans.o
                0x2000000b                _ZL18rxIsInFailsafeMode.lto_priv.263
                0x2000000c                _ZL31rxIsInFailsafeModeNotDataDriven.lto_priv.265
 *fill*         0x2000000d        0x3 
 .data          0x20000010        0x5 C:\Users\yasha\AppData\Local\Temp\cco5Z2pg.ltrans4.ltrans.o
                0x20000010                _ZL13rcReadRawFunc.lto_priv.240
                0x20000014                _ZL18isUsingSticksToArm.lto_priv.236
 *fill*         0x20000015        0x1 
 .data          0x20000016        0x2 C:\Users\yasha\AppData\Local\Temp\cco5Z2pg.ltrans6.ltrans.o
 .data          0x20000018       0x2c C:\Users\yasha\AppData\Local\Temp\cco5Z2pg.ltrans8.ltrans.o
                0x20000018                dcm_matrix
 .data          0x20000044        0xc C:\Users\yasha\AppData\Local\Temp\cco5Z2pg.ltrans9.ltrans.o
                0x20000044                _ZL7magGain.lto_priv.196
 .data          0x20000050        0x9 C:\Users\yasha\AppData\Local\Temp\cco5Z2pg.ltrans10.ltrans.o
                0x20000058                velocityControl
 *fill*         0x20000059        0x3 
 .data          0x2000005c        0x8 C:\Users\yasha\AppData\Local\Temp\cco5Z2pg.ltrans12.ltrans.o
                0x2000005c                headFreeModeHold
                0x20000060                pid_controller
 .data          0x20000064       0x31 C:\Users\yasha\AppData\Local\Temp\cco5Z2pg.ltrans14.ltrans.o
                0x20000094                _ZL22standardBoardAlignment.lto_priv.337
 *fill*         0x20000095        0x1 
 .data          0x20000096        0x2 C:\Users\yasha\AppData\Local\Temp\cco5Z2pg.ltrans15.ltrans.o
                0x20000096                acc_1G
 .data          0x20000098        0x4 C:\Users\yasha\AppData\Local\Temp\cco5Z2pg.ltrans19.ltrans.o
                0x20000098                command_status
                0x2000009a                max_altitude
 .data          0x2000009c        0x6 C:\Users\yasha\AppData\Local\Temp\cco5Z2pg.ltrans21.ltrans.o
                0x2000009c                setLandTimer
                0x2000009e                takeOffHeight
                0x200000a0                landThrottle
 *(.data*)
 .data.__fdlib_version
                0x200000a2        0x1 c:/users/yasha/downloads/cygnus/tools/toolchain/gcc-arm/bin/../lib/gcc/arm-none-eabi/6.3.1/../../../../arm-none-eabi/lib/thumb/v7e-m/fpv4-sp/hard\libm.a(lib_a-s_lib_ver.o)
                0x200000a2                __fdlib_version
 *fill*         0x200000a3        0x1 
 .data._impure_ptr
                0x200000a4        0x4 c:/users/yasha/downloads/cygnus/tools/toolchain/gcc-arm/bin/../lib/gcc/arm-none-eabi/6.3.1/../../../../arm-none-eabi/lib/thumb/v7e-m/fpv4-sp/hard\libc.a(lib_a-impure.o)
                0x200000a4                _impure_ptr
 .data.impure_data
                0x200000a8      0x428 c:/users/yasha/downloads/cygnus/tools/toolchain/gcc-arm/bin/../lib/gcc/arm-none-eabi/6.3.1/../../../../arm-none-eabi/lib/thumb/v7e-m/fpv4-sp/hard\libc.a(lib_a-impure.o)
                0x200004d0                . = ALIGN (0x4)
                0x200004d0                _edata = .

.igot.plt       0x200004d0        0x0 load address 0x0801260c
 .igot.plt      0x200004d0        0x0 ./libs\libpluto_0.3.a(startup_stm32f30x_md_gcc.o)
                0x200004d0                . = ALIGN (0x4)

.bss            0x200004d0     0x1a74 load address 0x0801260c
                0x200004d0                _sbss = .
                0x200004d0                __bss_start__ = _sbss
 *(.bss)
 .bss           0x200004d0       0x5e C:\Users\yasha\AppData\Local\Temp\cco5Z2pg.ltrans0.ltrans.o
 *fill*         0x2000052e        0x2 
 .bss           0x20000530      0x2cf C:\Users\yasha\AppData\Local\Temp\cco5Z2pg.ltrans1.ltrans.o
                0x20000550                gyroAlign
                0x200005a4                acc
                0x200005b0                accAlign
                0x20000608                smallAngle
                0x2000060c                previousTime
                0x20000620                _ZL12batteryState.lto_priv.310
                0x20000622                batteryWarningVoltage
                0x20000624                batteryCriticalVoltage
                0x2000063c                _ZL8mspPorts.lto_priv.332
                0x200006d6                _ZL13rxRefreshRate.lto_priv.312
                0x2000071c                _ZL12currentMixer.lto_priv.289
                0x200007dc                motorControlEnable
                0x200007fc                GPIO
                0x200007fd                batteryCellCount
                0x200007fe                LED
 *fill*         0x200007ff        0x1 
 .bss           0x20000800      0x110 C:\Users\yasha\AppData\Local\Temp\cco5Z2pg.ltrans3.ltrans.o
                0x20000800                _ZL10rxUpdateAt.lto_priv.262
                0x20000828                _ZL16rxSignalReceived.lto_priv.246
                0x20000829                _ZL29rxSignalReceivedNotDataDriven.lto_priv.264
                0x2000082b                _ZL13rcSampleIndex.lto_priv.311
                0x200008a8                _ZL8rxConfig.lto_priv.329
                0x200008ac                _ZL8disarmAt.lto_priv.242
                0x200008b3                isThrottleStickArmed
                0x200008b4                netAccMagnitude
                0x200008b8                calibratingG
                0x200008ba                AccInflightCalibrationMeasurementDone
                0x200008bb                AccInflightCalibrationSavetoEEProm
                0x200008be                InflightcalibratingA
                0x200008c0                AccInflightCalibrationActive
                0x200008c2                isHeadSet
                0x200008c4                rcInvalidPulsPeriod
                0x2000090c                calibratingB
                0x2000090e                isChukedArmed
                0x2000090f                isTookOff
 .bss           0x20000910      0x683 C:\Users\yasha\AppData\Local\Temp\cco5Z2pg.ltrans4.ltrans.o
                0x20000912                isUserMotorInit
                0x2000091c                userMotor
                0x2000093c                initInternalMotors
                0x2000093e                motor_disarmed
                0x20000958                rxRuntimeConfigPtr.lto_priv.283
                0x2000095c                rxRuntimeConfig
                0x20000960                masterConfig
                0x20000eb0                spek_chan_shift.lto_priv.282
                0x20000eb1                spek_chan_mask.lto_priv.284
                0x20000eb2                spekHiRes.lto_priv.198
                0x20000eb4                _ZL8ms5611_c.lto_priv.191
                0x20000ec4                baro
                0x20000edc                _ZL17escAndServoConfig.lto_priv.233
                0x20000ee0                _ZL10pidProfile.lto_priv.234
                0x20000ee4                _ZL19activeFeaturesLatch.lto_priv.200
                0x20000ee8                rcData
                0x20000f0c                _ZL5uart2.lto_priv.255
                0x20000f10                omega_I
                0x20000f1c                omega_P
                0x20000f28                omega_yaw_P
                0x20000f34                omega
                0x20000f40                anglerad
                0x20000f4c                currentTime
                0x20000f54                compassLastUpdatedAt
                0x20000f58                magADC
                0x20000f60                mag
                0x20000f68                magAlign
                0x20000f69                stateFlags
                0x20000f70                have_initial_yaw
                0x20000f84                _ZL7magInit.lto_priv.333
                0x20000f88                _ZL5uart3.lto_priv.256
                0x20000f8c                UART
                0x20000f8d                spi
                0x20000f92                Motor
 *fill*         0x20000f93        0x1 
 .bss           0x20000f94       0x98 C:\Users\yasha\AppData\Local\Temp\cco5Z2pg.ltrans5.ltrans.o
                0x20000f94                _ZL14enabledSensors.lto_priv.232
                0x20000f98                _ZL16activeBoxIdCount.lto_priv.331
                0x20000f99                _ZL12activeBoxIds.lto_priv.330
                0x20000fb6                accSmooth
                0x20000fbc                gyroADC
                0x20000fc2                motor
                0x20000fda                inclination_generalised
                0x20000fe0                heading
                0x20000fe4                _ZL6EstAlt.lto_priv.230
                0x20000fe8                vario
                0x20000fec                mAhDrawn
                0x20000ff0                rssi
                0x20000ff4                amperage
                0x20000ff8                _ZL15serialPortCount.lto_priv.339
                0x20000ffc                _ZL19serialPortUsageList.lto_priv.216
 .bss           0x2000102c       0xec C:\Users\yasha\AppData\Local\Temp\cco5Z2pg.ltrans6.ltrans.o
                0x20001030                _ZL16mpuIntExtiConfig.lto_priv.334
                0x20001038                new_position
                0x2000105c                accSum
                0x20001068                accSumXYZ
                0x20001074                accSumCountXYZ
                0x20001078                accTimeSum
                0x200010c4                accVelScale
                0x200010c8                k3
                0x200010cc                k2
                0x200010d0                k1
                0x200010f0                flipState
                0x200010f4                flipStartTime
                0x200010f8                rcModeActivationMask
                0x200010fc                VelocityZ
                0x20001100                flipDirection
                0x20001104                stateon
                0x20001108                inclination
                0x2000110e                posZ
                0x20001110                posY
                0x20001112                posX
                0x20001114                accSumCount
 .bss           0x20001118       0xb9 C:\Users\yasha\AppData\Local\Temp\cco5Z2pg.ltrans8.ltrans.o
                0x20001118                extiHandlerConfigs.lto_priv.340
                0x20001120                _ZL13mspSerialPort.lto_priv.248
                0x20001126                lookupThrottleRC
                0x2000113e                lookupPitchRollRC
                0x2000114c                _ZL10beeperIsOn.lto_priv.253
                0x20001150                _ZL20beeperNextToggleTime.lto_priv.252
                0x20001154                _ZL9beeperPos.lto_priv.254
                0x20001158                _ZL18currentBeeperEntry.lto_priv.251
                0x20001174                usTicks.lto_priv.341
                0x20001178                cycleTime
                0x2000117a                motorCount
                0x2000119e                accADC
                0x200011a4                ra_deltaT
                0x200011c4                ra_sum
                0x200011d0                _ZL15warningLedState.lto_priv.250
 *fill*         0x200011d1        0x3 
 .bss           0x200011d4      0x239 C:\Users\yasha\AppData\Local\Temp\cco5Z2pg.ltrans9.ltrans.o
                0x2000121c                _ZL8captures.lto_priv.199
                0x20001234                _ZL13ppmFrameCount.lto_priv.266
                0x20001238                _ZL6motors.lto_priv.218
                0x2000140c                _ZL18inputFilteringMode.lto_priv.292
 *fill*         0x2000140d        0x3 
 .bss           0x20001410      0x104 C:\Users\yasha\AppData\Local\Temp\cco5Z2pg.ltrans10.ltrans.o
                0x20001468                gyro
                0x2000148c                _ZL19initialThrottleHold.lto_priv.245
                0x20001490                errorVelocityI
                0x20001494                altHoldThrottleAdjustment
                0x2000149c                baroGroundTemperature
                0x200014a0                baroGroundPressure
                0x20001508                AltHold
                0x2000150c                setVelocity
 .bss           0x20001514        0x2 C:\Users\yasha\AppData\Local\Temp\cco5Z2pg.ltrans11.ltrans.o
 *fill*         0x20001516        0x2 
 .bss           0x20001518       0xc0 C:\Users\yasha\AppData\Local\Temp\cco5Z2pg.ltrans12.ltrans.o
                0x20001538                rcCommand
                0x20001540                PIDweight
                0x20001544                _ZL10PTermState.lto_priv.226
                0x20001550                _ZL10errorGyroI.lto_priv.224
                0x20001562                axisPID
                0x20001568                _ZL11errorAngleI.lto_priv.225
                0x20001570                dynP8
                0x20001588                _ZL10DTermState.lto_priv.227
                0x20001594                dynD8
                0x200015a8                _ZL11errorGyroIf.lto_priv.228
                0x200015b4                _ZL12errorAngleIf.lto_priv.229
                0x200015c4                accZoffsetCalCycle
 .bss           0x200015d8      0x2b0 C:\Users\yasha\AppData\Local\Temp\cco5Z2pg.ltrans13.ltrans.o
                0x200015d8                currentControlRateProfile
                0x200015dc                lookupYawRC
                0x200015ec                currentProfile
                0x200015f0                _ZL30currentControlRateProfileIndex.lto_priv.235
                0x200015f4                _ZL8rxConfig.lto_priv.190
                0x200015f8                adjustmentStates
                0x20001628                _ZL10gyroConfig.lto_priv.258
                0x2000162c                _ZL14failsafeConfig.lto_priv.237
                0x20001630                _ZL13failsafeState.lto_priv.201
                0x20001654                crashTimer
                0x20001660                _ZL17accelerationTrims.lto_priv.257
                0x20001664                _ZL14flight3DConfig.lto_priv.244
                0x20001668                _ZL17escAndServoConfig.lto_priv.188
                0x2000166c                _ZL11mixerConfig.lto_priv.243
                0x20001670                _ZL8rxConfig.lto_priv.189
                0x20001684                _ZL16imuRuntimeConfig.lto_priv.219
                0x20001688                _ZL11accDeadband.lto_priv.220
                0x2000168c                throttleAngleScale
                0x20001690                _ZL10pidProfile.lto_priv.181
                0x20001694                _ZL16rcControlsConfig.lto_priv.185
                0x20001698                _ZL17escAndServoConfig.lto_priv.187
                0x2000169c                _ZL8_updated.lto_priv.259
                0x200016a0                temperatureSum
                0x200016a4                temperatureCount
                0x200016a8                _ZL11pressureSum.lto_priv.260
                0x200016ac                _ZL13pressureCount.lto_priv.261
                0x200016b0                baroTemperature
                0x200016b4                baroPressure
                0x200016b8                sysTickUptime.lto_priv.197
                0x200016bc                _ZL12_last_update.lto_priv.231
                0x200016c8                timerConfig
                0x200017e0                uartPort2.lto_priv.193
                0x20001834                uartPort1.lto_priv.192
 .bss           0x20001888      0x281 C:\Users\yasha\AppData\Local\Temp\cco5Z2pg.ltrans14.ltrans.o
                0x200018c1                _ZL16xBusChannelCount.lto_priv.322
                0x200018c2                _ZL17xBusFrameReceived.lto_priv.268
                0x200018c4                spekChannelData.lto_priv.285
                0x200018f4                sumhChannels.lto_priv.271
                0x20001914                sumdChannels.lto_priv.276
                0x20001934                sbusChannelData.lto_priv.279
                0x2000197c                mspFrame.lto_priv.202
                0x200019a4                _ZL17xBusFramePosition.lto_priv.320
                0x200019a5                _ZL16xBusDataIncoming.lto_priv.319
                0x200019a6                _ZL15xBusFrameLength.lto_priv.321
                0x200019a7                _ZL12xBusProvider.lto_priv.323
                0x200019ad                spekFrame.lto_priv.281
                0x200019bd                rcFrameComplete.lto_priv.280
                0x200019c5                sumhFrame.lto_priv.270
                0x200019da                sumhFrameDone.lto_priv.269
                0x200019e1                sumdFrameDone.lto_priv.272
                0x200019e2                crc.lto_priv.273
                0x200019e4                sumdChannelCount.lto_priv.274
                0x200019e5                sumd.lto_priv.275
                0x20001a11                sbusFrame.lto_priv.278
                0x20001a2a                sbusFrameDone.lto_priv.277
                0x20001a34                _ZL13boardRotation.lto_priv.338
                0x20001a58                batteryConfig
                0x20001a5c                adcConfig
                0x20001a6c                adcValues
                0x20001a74                vbatLatestADC
                0x20001b00                vbat
                0x20001b04                _ZL20suspendRxSignalUntil.lto_priv.239
                0x20001b08                _ZL13skipRxSamples.lto_priv.238
 *fill*         0x20001b09        0x3 
 .bss           0x20001b0c       0x18 C:\Users\yasha\AppData\Local\Temp\cco5Z2pg.ltrans15.ltrans.o
                0x20001b0c                i2c1ErrorCount.lto_priv.210
                0x20001b0e                i2c2ErrorCount.lto_priv.211
                0x20001b10                mpuConfiguration
                0x20001b20                I2Cx.lto_priv.209
 .bss           0x20001b24      0x400 C:\Users\yasha\AppData\Local\Temp\cco5Z2pg.ltrans16.ltrans.o
 .bss           0x20001f24        0x4 C:\Users\yasha\AppData\Local\Temp\cco5Z2pg.ltrans18.ltrans.o
                0x20001f24                flightIndicatorFlag
                0x20001f26                flightModeFlags
 .bss           0x20001f28       0x15 C:\Users\yasha\AppData\Local\Temp\cco5Z2pg.ltrans19.ltrans.o
                0x20001f28                _ZL11currentPort.lto_priv.212
                0x20001f2c                armingFlags
                0x20001f2e                magHold
                0x20001f30                rxMspFrameDone.lto_priv.267
                0x20001f31                isLanding
                0x20001f32                current_command
                0x20001f34                calibratingA
                0x20001f38                _ZL12serialConfig.lto_priv.217
                0x20001f3c                _ZL17isRebootScheduled.lto_priv.249
 .bss           0x20001f3d        0x3 C:\Users\yasha\AppData\Local\Temp\cco5Z2pg.ltrans21.ltrans.o
                0x20001f3d                isCalibrated
                0x20001f3e                _ZL12isBatteryLow.lto_priv.247
                0x20001f3f                isTakeOffHeightSet
 *(SORT(.bss*))
 *(COMMON)
 COMMON         0x20001f40        0x4 c:/users/yasha/downloads/cygnus/tools/toolchain/gcc-arm/bin/../lib/gcc/arm-none-eabi/6.3.1/../../../../arm-none-eabi/lib/thumb/v7e-m/fpv4-sp/hard\libg.a(lib_a-reent.o)
                0x20001f40                errno
                0x20001f44                . = ALIGN (0x4)
                0x20001f44                _ebss = .
                0x20001f44                __bss_end__ = _ebss

._user_heap_stack
                0x20001f44      0x400 load address 0x0801260c
                0x20001f44                . = ALIGN (0x4)
                0x20001f44                PROVIDE (end, .)
                [!provide]                PROVIDE (_end, .)
                0x20001f44                . = (. + _Min_Heap_Size)
                0x20002344                . = (. + _Min_Stack_Size)
 *fill*         0x20001f44      0x400 
                0x20002344                . = ALIGN (0x4)

.memory_b1_text
 *(.mb1text)
 *(.mb1text*)
 *(.mb1rodata)
 *(.mb1rodata*)

/DISCARD/
 libc.a(*)
 libm.a(*)
 libgcc.a(*)

.ARM.attributes
                0x00000000       0x37
 *(.ARM.attributes)
 .ARM.attributes
                0x00000000       0x37 C:\Users\yasha\AppData\Local\Temp\cco5Z2pg.ltrans0.ltrans.o
 .ARM.attributes
                0x00000037       0x37 C:\Users\yasha\AppData\Local\Temp\cco5Z2pg.ltrans1.ltrans.o
 .ARM.attributes
                0x0000006e       0x37 C:\Users\yasha\AppData\Local\Temp\cco5Z2pg.ltrans3.ltrans.o
 .ARM.attributes
                0x000000a5       0x37 C:\Users\yasha\AppData\Local\Temp\cco5Z2pg.ltrans4.ltrans.o
 .ARM.attributes
                0x000000dc       0x37 C:\Users\yasha\AppData\Local\Temp\cco5Z2pg.ltrans5.ltrans.o
 .ARM.attributes
                0x00000113       0x37 C:\Users\yasha\AppData\Local\Temp\cco5Z2pg.ltrans6.ltrans.o
 .ARM.attributes
                0x0000014a       0x37 C:\Users\yasha\AppData\Local\Temp\cco5Z2pg.ltrans8.ltrans.o
 .ARM.attributes
                0x00000181       0x37 C:\Users\yasha\AppData\Local\Temp\cco5Z2pg.ltrans9.ltrans.o
 .ARM.attributes
                0x000001b8       0x37 C:\Users\yasha\AppData\Local\Temp\cco5Z2pg.ltrans10.ltrans.o
 .ARM.attributes
                0x000001ef       0x37 C:\Users\yasha\AppData\Local\Temp\cco5Z2pg.ltrans11.ltrans.o
 .ARM.attributes
                0x00000226       0x37 C:\Users\yasha\AppData\Local\Temp\cco5Z2pg.ltrans12.ltrans.o
 .ARM.attributes
                0x0000025d       0x37 C:\Users\yasha\AppData\Local\Temp\cco5Z2pg.ltrans13.ltrans.o
 .ARM.attributes
                0x00000294       0x37 C:\Users\yasha\AppData\Local\Temp\cco5Z2pg.ltrans14.ltrans.o
 .ARM.attributes
                0x000002cb       0x37 C:\Users\yasha\AppData\Local\Temp\cco5Z2pg.ltrans15.ltrans.o
 .ARM.attributes
                0x00000302       0x37 C:\Users\yasha\AppData\Local\Temp\cco5Z2pg.ltrans16.ltrans.o
 .ARM.attributes
                0x00000339       0x37 C:\Users\yasha\AppData\Local\Temp\cco5Z2pg.ltrans17.ltrans.o
 .ARM.attributes
                0x00000370       0x37 C:\Users\yasha\AppData\Local\Temp\cco5Z2pg.ltrans18.ltrans.o
 .ARM.attributes
                0x000003a7       0x37 C:\Users\yasha\AppData\Local\Temp\cco5Z2pg.ltrans19.ltrans.o
 .ARM.attributes
                0x000003de       0x37 C:\Users\yasha\AppData\Local\Temp\cco5Z2pg.ltrans20.ltrans.o
 .ARM.attributes
                0x00000415       0x37 C:\Users\yasha\AppData\Local\Temp\cco5Z2pg.ltrans21.ltrans.o
 .ARM.attributes
                0x0000044c       0x21 ./libs\libpluto_0.3.a(startup_stm32f30x_md_gcc.o)
 .ARM.attributes
                0x0000046d       0x34 c:/users/yasha/downloads/cygnus/tools/toolchain/gcc-arm/bin/../lib/gcc/arm-none-eabi/6.3.1/../../../../arm-none-eabi/lib/thumb/v7e-m/fpv4-sp/hard\libm.a(lib_a-sf_cos.o)
 .ARM.attributes
                0x000004a1       0x34 c:/users/yasha/downloads/cygnus/tools/toolchain/gcc-arm/bin/../lib/gcc/arm-none-eabi/6.3.1/../../../../arm-none-eabi/lib/thumb/v7e-m/fpv4-sp/hard\libm.a(lib_a-sf_lrint.o)
 .ARM.attributes
                0x000004d5       0x34 c:/users/yasha/downloads/cygnus/tools/toolchain/gcc-arm/bin/../lib/gcc/arm-none-eabi/6.3.1/../../../../arm-none-eabi/lib/thumb/v7e-m/fpv4-sp/hard\libm.a(lib_a-sf_sin.o)
 .ARM.attributes
                0x00000509       0x34 c:/users/yasha/downloads/cygnus/tools/toolchain/gcc-arm/bin/../lib/gcc/arm-none-eabi/6.3.1/../../../../arm-none-eabi/lib/thumb/v7e-m/fpv4-sp/hard\libm.a(lib_a-wf_acos.o)
 .ARM.attributes
                0x0000053d       0x34 c:/users/yasha/downloads/cygnus/tools/toolchain/gcc-arm/bin/../lib/gcc/arm-none-eabi/6.3.1/../../../../arm-none-eabi/lib/thumb/v7e-m/fpv4-sp/hard\libm.a(lib_a-wf_asin.o)
 .ARM.attributes
                0x00000571       0x34 c:/users/yasha/downloads/cygnus/tools/toolchain/gcc-arm/bin/../lib/gcc/arm-none-eabi/6.3.1/../../../../arm-none-eabi/lib/thumb/v7e-m/fpv4-sp/hard\libm.a(lib_a-wf_atan2.o)
 .ARM.attributes
                0x000005a5       0x34 c:/users/yasha/downloads/cygnus/tools/toolchain/gcc-arm/bin/../lib/gcc/arm-none-eabi/6.3.1/../../../../arm-none-eabi/lib/thumb/v7e-m/fpv4-sp/hard\libm.a(lib_a-wf_log.o)
 .ARM.attributes
                0x000005d9       0x34 c:/users/yasha/downloads/cygnus/tools/toolchain/gcc-arm/bin/../lib/gcc/arm-none-eabi/6.3.1/../../../../arm-none-eabi/lib/thumb/v7e-m/fpv4-sp/hard\libm.a(lib_a-wf_sqrt.o)
 .ARM.attributes
                0x0000060d       0x34 c:/users/yasha/downloads/cygnus/tools/toolchain/gcc-arm/bin/../lib/gcc/arm-none-eabi/6.3.1/../../../../arm-none-eabi/lib/thumb/v7e-m/fpv4-sp/hard\libm.a(lib_a-ef_acos.o)
 .ARM.attributes
                0x00000641       0x34 c:/users/yasha/downloads/cygnus/tools/toolchain/gcc-arm/bin/../lib/gcc/arm-none-eabi/6.3.1/../../../../arm-none-eabi/lib/thumb/v7e-m/fpv4-sp/hard\libm.a(lib_a-ef_asin.o)
 .ARM.attributes
                0x00000675       0x34 c:/users/yasha/downloads/cygnus/tools/toolchain/gcc-arm/bin/../lib/gcc/arm-none-eabi/6.3.1/../../../../arm-none-eabi/lib/thumb/v7e-m/fpv4-sp/hard\libm.a(lib_a-ef_atan2.o)
 .ARM.attributes
                0x000006a9       0x34 c:/users/yasha/downloads/cygnus/tools/toolchain/gcc-arm/bin/../lib/gcc/arm-none-eabi/6.3.1/../../../../arm-none-eabi/lib/thumb/v7e-m/fpv4-sp/hard\libm.a(lib_a-ef_log.o)
 .ARM.attributes
                0x000006dd       0x34 c:/users/yasha/downloads/cygnus/tools/toolchain/gcc-arm/bin/../lib/gcc/arm-none-eabi/6.3.1/../../../../arm-none-eabi/lib/thumb/v7e-m/fpv4-sp/hard\libm.a(lib_a-ef_rem_pio2.o)
 .ARM.attributes
                0x00000711       0x34 c:/users/yasha/downloads/cygnus/tools/toolchain/gcc-arm/bin/../lib/gcc/arm-none-eabi/6.3.1/../../../../arm-none-eabi/lib/thumb/v7e-m/fpv4-sp/hard\libm.a(lib_a-ef_sqrt.o)
 .ARM.attributes
                0x00000745       0x34 c:/users/yasha/downloads/cygnus/tools/toolchain/gcc-arm/bin/../lib/gcc/arm-none-eabi/6.3.1/../../../../arm-none-eabi/lib/thumb/v7e-m/fpv4-sp/hard\libm.a(lib_a-kf_cos.o)
 .ARM.attributes
                0x00000779       0x34 c:/users/yasha/downloads/cygnus/tools/toolchain/gcc-arm/bin/../lib/gcc/arm-none-eabi/6.3.1/../../../../arm-none-eabi/lib/thumb/v7e-m/fpv4-sp/hard\libm.a(lib_a-kf_rem_pio2.o)
 .ARM.attributes
                0x000007ad       0x34 c:/users/yasha/downloads/cygnus/tools/toolchain/gcc-arm/bin/../lib/gcc/arm-none-eabi/6.3.1/../../../../arm-none-eabi/lib/thumb/v7e-m/fpv4-sp/hard\libm.a(lib_a-kf_sin.o)
 .ARM.attributes
                0x000007e1       0x34 c:/users/yasha/downloads/cygnus/tools/toolchain/gcc-arm/bin/../lib/gcc/arm-none-eabi/6.3.1/../../../../arm-none-eabi/lib/thumb/v7e-m/fpv4-sp/hard\libm.a(lib_a-s_lib_ver.o)
 .ARM.attributes
                0x00000815       0x34 c:/users/yasha/downloads/cygnus/tools/toolchain/gcc-arm/bin/../lib/gcc/arm-none-eabi/6.3.1/../../../../arm-none-eabi/lib/thumb/v7e-m/fpv4-sp/hard\libm.a(lib_a-s_matherr.o)
 .ARM.attributes
                0x00000849       0x34 c:/users/yasha/downloads/cygnus/tools/toolchain/gcc-arm/bin/../lib/gcc/arm-none-eabi/6.3.1/../../../../arm-none-eabi/lib/thumb/v7e-m/fpv4-sp/hard\libm.a(lib_a-s_nan.o)
 .ARM.attributes
                0x0000087d       0x34 c:/users/yasha/downloads/cygnus/tools/toolchain/gcc-arm/bin/../lib/gcc/arm-none-eabi/6.3.1/../../../../arm-none-eabi/lib/thumb/v7e-m/fpv4-sp/hard\libm.a(lib_a-sf_atan.o)
 .ARM.attributes
                0x000008b1       0x34 c:/users/yasha/downloads/cygnus/tools/toolchain/gcc-arm/bin/../lib/gcc/arm-none-eabi/6.3.1/../../../../arm-none-eabi/lib/thumb/v7e-m/fpv4-sp/hard\libm.a(lib_a-sf_fabs.o)
 .ARM.attributes
                0x000008e5       0x34 c:/users/yasha/downloads/cygnus/tools/toolchain/gcc-arm/bin/../lib/gcc/arm-none-eabi/6.3.1/../../../../arm-none-eabi/lib/thumb/v7e-m/fpv4-sp/hard\libm.a(lib_a-sf_floor.o)
 .ARM.attributes
                0x00000919       0x34 c:/users/yasha/downloads/cygnus/tools/toolchain/gcc-arm/bin/../lib/gcc/arm-none-eabi/6.3.1/../../../../arm-none-eabi/lib/thumb/v7e-m/fpv4-sp/hard\libm.a(lib_a-sf_scalbn.o)
 .ARM.attributes
                0x0000094d       0x34 c:/users/yasha/downloads/cygnus/tools/toolchain/gcc-arm/bin/../lib/gcc/arm-none-eabi/6.3.1/../../../../arm-none-eabi/lib/thumb/v7e-m/fpv4-sp/hard\libm.a(lib_a-sf_copysign.o)
 .ARM.attributes
                0x00000981       0x34 c:/users/yasha/downloads/cygnus/tools/toolchain/gcc-arm/bin/../lib/gcc/arm-none-eabi/6.3.1/../../../../arm-none-eabi/lib/thumb/v7e-m/fpv4-sp/hard\libc.a(lib_a-errno.o)
 .ARM.attributes
                0x000009b5       0x34 c:/users/yasha/downloads/cygnus/tools/toolchain/gcc-arm/bin/../lib/gcc/arm-none-eabi/6.3.1/../../../../arm-none-eabi/lib/thumb/v7e-m/fpv4-sp/hard\libc.a(lib_a-impure.o)
 .ARM.attributes
                0x000009e9       0x20 c:/users/yasha/downloads/cygnus/tools/toolchain/gcc-arm/bin/../lib/gcc/arm-none-eabi/6.3.1/../../../../arm-none-eabi/lib/thumb/v7e-m/fpv4-sp/hard\libc.a(lib_a-memcpy.o)
 .ARM.attributes
                0x00000a09       0x34 c:/users/yasha/downloads/cygnus/tools/toolchain/gcc-arm/bin/../lib/gcc/arm-none-eabi/6.3.1/../../../../arm-none-eabi/lib/thumb/v7e-m/fpv4-sp/hard\libc.a(lib_a-memset.o)
 .ARM.attributes
                0x00000a3d       0x34 c:/users/yasha/downloads/cygnus/tools/toolchain/gcc-arm/bin/../lib/gcc/arm-none-eabi/6.3.1/../../../../arm-none-eabi/lib/thumb/v7e-m/fpv4-sp/hard\libc.a(lib_a-strchr.o)
 .ARM.attributes
                0x00000a71       0x20 c:/users/yasha/downloads/cygnus/tools/toolchain/gcc-arm/bin/../lib/gcc/arm-none-eabi/6.3.1/../../../../arm-none-eabi/lib/thumb/v7e-m/fpv4-sp/hard\libc.a(lib_a-strlen.o)
 .ARM.attributes
                0x00000a91       0x22 c:/users/yasha/downloads/cygnus/tools/toolchain/gcc-arm/bin/../lib/gcc/arm-none-eabi/6.3.1/thumb/v7e-m/fpv4-sp/hard\libgcc.a(_ashrdi3.o)
 .ARM.attributes
                0x00000ab3       0x22 c:/users/yasha/downloads/cygnus/tools/toolchain/gcc-arm/bin/../lib/gcc/arm-none-eabi/6.3.1/thumb/v7e-m/fpv4-sp/hard\libgcc.a(_arm_addsubdf3.o)
 .ARM.attributes
                0x00000ad5       0x22 c:/users/yasha/downloads/cygnus/tools/toolchain/gcc-arm/bin/../lib/gcc/arm-none-eabi/6.3.1/thumb/v7e-m/fpv4-sp/hard\libgcc.a(_arm_muldivdf3.o)
 .ARM.attributes
                0x00000af7       0x22 c:/users/yasha/downloads/cygnus/tools/toolchain/gcc-arm/bin/../lib/gcc/arm-none-eabi/6.3.1/thumb/v7e-m/fpv4-sp/hard\libgcc.a(_arm_truncdfsf2.o)
 .ARM.attributes
                0x00000b19       0x22 c:/users/yasha/downloads/cygnus/tools/toolchain/gcc-arm/bin/../lib/gcc/arm-none-eabi/6.3.1/thumb/v7e-m/fpv4-sp/hard\libgcc.a(_aeabi_ldivmod.o)
 .ARM.attributes
                0x00000b3b       0x34 c:/users/yasha/downloads/cygnus/tools/toolchain/gcc-arm/bin/../lib/gcc/arm-none-eabi/6.3.1/thumb/v7e-m/fpv4-sp/hard\libgcc.a(_fixsfdi.o)
 .ARM.attributes
                0x00000b6f       0x34 c:/users/yasha/downloads/cygnus/tools/toolchain/gcc-arm/bin/../lib/gcc/arm-none-eabi/6.3.1/thumb/v7e-m/fpv4-sp/hard\libgcc.a(_fixunssfdi.o)
 .ARM.attributes
                0x00000ba3       0x34 c:/users/yasha/downloads/cygnus/tools/toolchain/gcc-arm/bin/../lib/gcc/arm-none-eabi/6.3.1/thumb/v7e-m/fpv4-sp/hard\libgcc.a(_udivmoddi4.o)
 .ARM.attributes
                0x00000bd7       0x22 c:/users/yasha/downloads/cygnus/tools/toolchain/gcc-arm/bin/../lib/gcc/arm-none-eabi/6.3.1/thumb/v7e-m/fpv4-sp/hard\libgcc.a(_dvmd_tls.o)
 .ARM.attributes
                0x00000bf9       0x22 c:/users/yasha/downloads/cygnus/tools/toolchain/gcc-arm/bin/../lib/gcc/arm-none-eabi/6.3.1/thumb/v7e-m/fpv4-sp/hard\libgcc.a(_arm_fixunsdfsi.o)
OUTPUT(obj/Experience_PLUTOX.elf elf32-littlearm)

.debug_info     0x00000000    0x2993d
 .debug_info    0x00000000     0x6c20 C:\Users\yasha\AppData\Local\Temp\cco5Z2pg.ltrans0.ltrans.o
 .debug_info    0x00006c20     0x4296 C:\Users\yasha\AppData\Local\Temp\cco5Z2pg.ltrans1.ltrans.o
 .debug_info    0x0000aeb6     0x1efd C:\Users\yasha\AppData\Local\Temp\cco5Z2pg.ltrans3.ltrans.o
 .debug_info    0x0000cdb3     0x4346 C:\Users\yasha\AppData\Local\Temp\cco5Z2pg.ltrans4.ltrans.o
 .debug_info    0x000110f9     0x1422 C:\Users\yasha\AppData\Local\Temp\cco5Z2pg.ltrans5.ltrans.o
 .debug_info    0x0001251b     0x18ba C:\Users\yasha\AppData\Local\Temp\cco5Z2pg.ltrans6.ltrans.o
 .debug_info    0x00013dd5     0x20cb C:\Users\yasha\AppData\Local\Temp\cco5Z2pg.ltrans8.ltrans.o
 .debug_info    0x00015ea0     0x2e15 C:\Users\yasha\AppData\Local\Temp\cco5Z2pg.ltrans9.ltrans.o
 .debug_info    0x00018cb5     0x1499 C:\Users\yasha\AppData\Local\Temp\cco5Z2pg.ltrans10.ltrans.o
 .debug_info    0x0001a14e      0xeb3 C:\Users\yasha\AppData\Local\Temp\cco5Z2pg.ltrans11.ltrans.o
 .debug_info    0x0001b001     0x1456 C:\Users\yasha\AppData\Local\Temp\cco5Z2pg.ltrans12.ltrans.o
 .debug_info    0x0001c457     0x32b3 C:\Users\yasha\AppData\Local\Temp\cco5Z2pg.ltrans13.ltrans.o
 .debug_info    0x0001f70a     0x171c C:\Users\yasha\AppData\Local\Temp\cco5Z2pg.ltrans14.ltrans.o
 .debug_info    0x00020e26     0x17a0 C:\Users\yasha\AppData\Local\Temp\cco5Z2pg.ltrans15.ltrans.o
 .debug_info    0x000225c6     0x1902 C:\Users\yasha\AppData\Local\Temp\cco5Z2pg.ltrans16.ltrans.o
 .debug_info    0x00023ec8     0x1c34 C:\Users\yasha\AppData\Local\Temp\cco5Z2pg.ltrans17.ltrans.o
 .debug_info    0x00025afc     0x13bf C:\Users\yasha\AppData\Local\Temp\cco5Z2pg.ltrans18.ltrans.o
 .debug_info    0x00026ebb      0xeda C:\Users\yasha\AppData\Local\Temp\cco5Z2pg.ltrans19.ltrans.o
 .debug_info    0x00027d95     0x18fe C:\Users\yasha\AppData\Local\Temp\cco5Z2pg.ltrans20.ltrans.o
 .debug_info    0x00029693      0x2aa C:\Users\yasha\AppData\Local\Temp\cco5Z2pg.ltrans21.ltrans.o

.debug_abbrev   0x00000000     0x52df
 .debug_abbrev  0x00000000      0x544 C:\Users\yasha\AppData\Local\Temp\cco5Z2pg.ltrans0.ltrans.o
 .debug_abbrev  0x00000544      0x5d6 C:\Users\yasha\AppData\Local\Temp\cco5Z2pg.ltrans1.ltrans.o
 .debug_abbrev  0x00000b1a      0x35f C:\Users\yasha\AppData\Local\Temp\cco5Z2pg.ltrans3.ltrans.o
 .debug_abbrev  0x00000e79      0x578 C:\Users\yasha\AppData\Local\Temp\cco5Z2pg.ltrans4.ltrans.o
 .debug_abbrev  0x000013f1      0x388 C:\Users\yasha\AppData\Local\Temp\cco5Z2pg.ltrans5.ltrans.o
 .debug_abbrev  0x00001779      0x496 C:\Users\yasha\AppData\Local\Temp\cco5Z2pg.ltrans6.ltrans.o
 .debug_abbrev  0x00001c0f      0x5b3 C:\Users\yasha\AppData\Local\Temp\cco5Z2pg.ltrans8.ltrans.o
 .debug_abbrev  0x000021c2      0x4f9 C:\Users\yasha\AppData\Local\Temp\cco5Z2pg.ltrans9.ltrans.o
 .debug_abbrev  0x000026bb      0x3f8 C:\Users\yasha\AppData\Local\Temp\cco5Z2pg.ltrans10.ltrans.o
 .debug_abbrev  0x00002ab3      0x2ef C:\Users\yasha\AppData\Local\Temp\cco5Z2pg.ltrans11.ltrans.o
 .debug_abbrev  0x00002da2      0x351 C:\Users\yasha\AppData\Local\Temp\cco5Z2pg.ltrans12.ltrans.o
 .debug_abbrev  0x000030f3      0x624 C:\Users\yasha\AppData\Local\Temp\cco5Z2pg.ltrans13.ltrans.o
 .debug_abbrev  0x00003717      0x49f C:\Users\yasha\AppData\Local\Temp\cco5Z2pg.ltrans14.ltrans.o
 .debug_abbrev  0x00003bb6      0x36b C:\Users\yasha\AppData\Local\Temp\cco5Z2pg.ltrans15.ltrans.o
 .debug_abbrev  0x00003f21      0x42b C:\Users\yasha\AppData\Local\Temp\cco5Z2pg.ltrans16.ltrans.o
 .debug_abbrev  0x0000434c      0x35f C:\Users\yasha\AppData\Local\Temp\cco5Z2pg.ltrans17.ltrans.o
 .debug_abbrev  0x000046ab      0x470 C:\Users\yasha\AppData\Local\Temp\cco5Z2pg.ltrans18.ltrans.o
 .debug_abbrev  0x00004b1b      0x2f8 C:\Users\yasha\AppData\Local\Temp\cco5Z2pg.ltrans19.ltrans.o
 .debug_abbrev  0x00004e13      0x370 C:\Users\yasha\AppData\Local\Temp\cco5Z2pg.ltrans20.ltrans.o
 .debug_abbrev  0x00005183      0x15c C:\Users\yasha\AppData\Local\Temp\cco5Z2pg.ltrans21.ltrans.o

.debug_loc      0x00000000    0x129d1
 .debug_loc     0x00000000     0x212b C:\Users\yasha\AppData\Local\Temp\cco5Z2pg.ltrans0.ltrans.o
 .debug_loc     0x0000212b     0x2170 C:\Users\yasha\AppData\Local\Temp\cco5Z2pg.ltrans1.ltrans.o
 .debug_loc     0x0000429b     0x11c2 C:\Users\yasha\AppData\Local\Temp\cco5Z2pg.ltrans3.ltrans.o
 .debug_loc     0x0000545d     0x133f C:\Users\yasha\AppData\Local\Temp\cco5Z2pg.ltrans4.ltrans.o
 .debug_loc     0x0000679c      0xcb1 C:\Users\yasha\AppData\Local\Temp\cco5Z2pg.ltrans5.ltrans.o
 .debug_loc     0x0000744d      0x3ed C:\Users\yasha\AppData\Local\Temp\cco5Z2pg.ltrans6.ltrans.o
 .debug_loc     0x0000783a      0xe86 C:\Users\yasha\AppData\Local\Temp\cco5Z2pg.ltrans8.ltrans.o
 .debug_loc     0x000086c0     0x17b4 C:\Users\yasha\AppData\Local\Temp\cco5Z2pg.ltrans9.ltrans.o
 .debug_loc     0x00009e74      0xfc9 C:\Users\yasha\AppData\Local\Temp\cco5Z2pg.ltrans10.ltrans.o
 .debug_loc     0x0000ae3d      0x5ce C:\Users\yasha\AppData\Local\Temp\cco5Z2pg.ltrans11.ltrans.o
 .debug_loc     0x0000b40b     0x1414 C:\Users\yasha\AppData\Local\Temp\cco5Z2pg.ltrans12.ltrans.o
 .debug_loc     0x0000c81f      0x7ee C:\Users\yasha\AppData\Local\Temp\cco5Z2pg.ltrans13.ltrans.o
 .debug_loc     0x0000d00d      0xc2d C:\Users\yasha\AppData\Local\Temp\cco5Z2pg.ltrans14.ltrans.o
 .debug_loc     0x0000dc3a     0x1281 C:\Users\yasha\AppData\Local\Temp\cco5Z2pg.ltrans15.ltrans.o
 .debug_loc     0x0000eebb      0xdd1 C:\Users\yasha\AppData\Local\Temp\cco5Z2pg.ltrans16.ltrans.o
 .debug_loc     0x0000fc8c     0x162e C:\Users\yasha\AppData\Local\Temp\cco5Z2pg.ltrans17.ltrans.o
 .debug_loc     0x000112ba      0x974 C:\Users\yasha\AppData\Local\Temp\cco5Z2pg.ltrans18.ltrans.o
 .debug_loc     0x00011c2e      0x374 C:\Users\yasha\AppData\Local\Temp\cco5Z2pg.ltrans19.ltrans.o
 .debug_loc     0x00011fa2      0xa2f C:\Users\yasha\AppData\Local\Temp\cco5Z2pg.ltrans20.ltrans.o

.debug_aranges  0x00000000      0x290
 .debug_aranges
                0x00000000       0x20 C:\Users\yasha\AppData\Local\Temp\cco5Z2pg.ltrans0.ltrans.o
 .debug_aranges
                0x00000020       0x20 C:\Users\yasha\AppData\Local\Temp\cco5Z2pg.ltrans1.ltrans.o
 .debug_aranges
                0x00000040       0x20 C:\Users\yasha\AppData\Local\Temp\cco5Z2pg.ltrans3.ltrans.o
 .debug_aranges
                0x00000060       0x28 C:\Users\yasha\AppData\Local\Temp\cco5Z2pg.ltrans4.ltrans.o
 .debug_aranges
                0x00000088       0x20 C:\Users\yasha\AppData\Local\Temp\cco5Z2pg.ltrans5.ltrans.o
 .debug_aranges
                0x000000a8       0x20 C:\Users\yasha\AppData\Local\Temp\cco5Z2pg.ltrans6.ltrans.o
 .debug_aranges
                0x000000c8       0x28 C:\Users\yasha\AppData\Local\Temp\cco5Z2pg.ltrans8.ltrans.o
 .debug_aranges
                0x000000f0       0x20 C:\Users\yasha\AppData\Local\Temp\cco5Z2pg.ltrans9.ltrans.o
 .debug_aranges
                0x00000110       0x20 C:\Users\yasha\AppData\Local\Temp\cco5Z2pg.ltrans10.ltrans.o
 .debug_aranges
                0x00000130       0x20 C:\Users\yasha\AppData\Local\Temp\cco5Z2pg.ltrans11.ltrans.o
 .debug_aranges
                0x00000150       0x20 C:\Users\yasha\AppData\Local\Temp\cco5Z2pg.ltrans12.ltrans.o
 .debug_aranges
                0x00000170       0x20 C:\Users\yasha\AppData\Local\Temp\cco5Z2pg.ltrans13.ltrans.o
 .debug_aranges
                0x00000190       0x20 C:\Users\yasha\AppData\Local\Temp\cco5Z2pg.ltrans14.ltrans.o
 .debug_aranges
                0x000001b0       0x20 C:\Users\yasha\AppData\Local\Temp\cco5Z2pg.ltrans15.ltrans.o
 .debug_aranges
                0x000001d0       0x20 C:\Users\yasha\AppData\Local\Temp\cco5Z2pg.ltrans16.ltrans.o
 .debug_aranges
                0x000001f0       0x20 C:\Users\yasha\AppData\Local\Temp\cco5Z2pg.ltrans17.ltrans.o
 .debug_aranges
                0x00000210       0x20 C:\Users\yasha\AppData\Local\Temp\cco5Z2pg.ltrans18.ltrans.o
 .debug_aranges
                0x00000230       0x20 C:\Users\yasha\AppData\Local\Temp\cco5Z2pg.ltrans19.ltrans.o
 .debug_aranges
                0x00000250       0x20 C:\Users\yasha\AppData\Local\Temp\cco5Z2pg.ltrans20.ltrans.o
 .debug_aranges
                0x00000270       0x20 C:\Users\yasha\AppData\Local\Temp\cco5Z2pg.ltrans21.ltrans.o

.debug_ranges   0x00000000     0x3650
 .debug_ranges  0x00000000      0xae0 C:\Users\yasha\AppData\Local\Temp\cco5Z2pg.ltrans0.ltrans.o
 .debug_ranges  0x00000ae0      0xa78 C:\Users\yasha\AppData\Local\Temp\cco5Z2pg.ltrans1.ltrans.o
 .debug_ranges  0x00001558      0x740 C:\Users\yasha\AppData\Local\Temp\cco5Z2pg.ltrans3.ltrans.o
 .debug_ranges  0x00001c98      0x1f8 C:\Users\yasha\AppData\Local\Temp\cco5Z2pg.ltrans4.ltrans.o
 .debug_ranges  0x00001e90      0x150 C:\Users\yasha\AppData\Local\Temp\cco5Z2pg.ltrans5.ltrans.o
 .debug_ranges  0x00001fe0      0x130 C:\Users\yasha\AppData\Local\Temp\cco5Z2pg.ltrans6.ltrans.o
 .debug_ranges  0x00002110      0x378 C:\Users\yasha\AppData\Local\Temp\cco5Z2pg.ltrans8.ltrans.o
 .debug_ranges  0x00002488      0x300 C:\Users\yasha\AppData\Local\Temp\cco5Z2pg.ltrans9.ltrans.o
 .debug_ranges  0x00002788      0x1d0 C:\Users\yasha\AppData\Local\Temp\cco5Z2pg.ltrans10.ltrans.o
 .debug_ranges  0x00002958      0x150 C:\Users\yasha\AppData\Local\Temp\cco5Z2pg.ltrans11.ltrans.o
 .debug_ranges  0x00002aa8      0x170 C:\Users\yasha\AppData\Local\Temp\cco5Z2pg.ltrans12.ltrans.o
 .debug_ranges  0x00002c18      0x3c8 C:\Users\yasha\AppData\Local\Temp\cco5Z2pg.ltrans13.ltrans.o
 .debug_ranges  0x00002fe0       0x68 C:\Users\yasha\AppData\Local\Temp\cco5Z2pg.ltrans14.ltrans.o
 .debug_ranges  0x00003048       0x78 C:\Users\yasha\AppData\Local\Temp\cco5Z2pg.ltrans15.ltrans.o
 .debug_ranges  0x000030c0      0x140 C:\Users\yasha\AppData\Local\Temp\cco5Z2pg.ltrans16.ltrans.o
 .debug_ranges  0x00003200      0x178 C:\Users\yasha\AppData\Local\Temp\cco5Z2pg.ltrans17.ltrans.o
 .debug_ranges  0x00003378      0x120 C:\Users\yasha\AppData\Local\Temp\cco5Z2pg.ltrans18.ltrans.o
 .debug_ranges  0x00003498      0x140 C:\Users\yasha\AppData\Local\Temp\cco5Z2pg.ltrans19.ltrans.o
 .debug_ranges  0x000035d8       0x78 C:\Users\yasha\AppData\Local\Temp\cco5Z2pg.ltrans20.ltrans.o

.debug_line     0x00000000     0x9fcc
 .debug_line    0x00000000     0x1386 C:\Users\yasha\AppData\Local\Temp\cco5Z2pg.ltrans0.ltrans.o
 .debug_line    0x00001386     0x11de C:\Users\yasha\AppData\Local\Temp\cco5Z2pg.ltrans1.ltrans.o
 .debug_line    0x00002564      0x99b C:\Users\yasha\AppData\Local\Temp\cco5Z2pg.ltrans3.ltrans.o
 .debug_line    0x00002eff      0xaec C:\Users\yasha\AppData\Local\Temp\cco5Z2pg.ltrans4.ltrans.o
 .debug_line    0x000039eb      0x6af C:\Users\yasha\AppData\Local\Temp\cco5Z2pg.ltrans5.ltrans.o
 .debug_line    0x0000409a      0x685 C:\Users\yasha\AppData\Local\Temp\cco5Z2pg.ltrans6.ltrans.o
 .debug_line    0x0000471f      0xa33 C:\Users\yasha\AppData\Local\Temp\cco5Z2pg.ltrans8.ltrans.o
 .debug_line    0x00005152      0x7d5 C:\Users\yasha\AppData\Local\Temp\cco5Z2pg.ltrans9.ltrans.o
 .debug_line    0x00005927      0x78a C:\Users\yasha\AppData\Local\Temp\cco5Z2pg.ltrans10.ltrans.o
 .debug_line    0x000060b1      0x30e C:\Users\yasha\AppData\Local\Temp\cco5Z2pg.ltrans11.ltrans.o
 .debug_line    0x000063bf      0x685 C:\Users\yasha\AppData\Local\Temp\cco5Z2pg.ltrans12.ltrans.o
 .debug_line    0x00006a44      0xb08 C:\Users\yasha\AppData\Local\Temp\cco5Z2pg.ltrans13.ltrans.o
 .debug_line    0x0000754c      0x666 C:\Users\yasha\AppData\Local\Temp\cco5Z2pg.ltrans14.ltrans.o
 .debug_line    0x00007bb2      0x5a8 C:\Users\yasha\AppData\Local\Temp\cco5Z2pg.ltrans15.ltrans.o
 .debug_line    0x0000815a      0x5ed C:\Users\yasha\AppData\Local\Temp\cco5Z2pg.ltrans16.ltrans.o
 .debug_line    0x00008747      0x5b1 C:\Users\yasha\AppData\Local\Temp\cco5Z2pg.ltrans17.ltrans.o
 .debug_line    0x00008cf8      0x5f5 C:\Users\yasha\AppData\Local\Temp\cco5Z2pg.ltrans18.ltrans.o
 .debug_line    0x000092ed      0x54f C:\Users\yasha\AppData\Local\Temp\cco5Z2pg.ltrans19.ltrans.o
 .debug_line    0x0000983c      0x46b C:\Users\yasha\AppData\Local\Temp\cco5Z2pg.ltrans20.ltrans.o